Component: ARM Compiler 5.06 update 6 (build 750) Tool: armlink [4d35ed]

==============================================================================

Section Cross References

    main.o(i.AnalyzePkg) refers to _printf_percent.o(.ARM.Collect$$_printf_percent$$00000000) for _printf_percent
    main.o(i.AnalyzePkg) refers to _printf_d.o(.ARM.Collect$$_printf_percent$$00000009) for _printf_d
    main.o(i.AnalyzePkg) refers to _printf_dec.o(.text) for _printf_int_dec
    main.o(i.AnalyzePkg) refers to noretval__2printf.o(.text) for __2printf
    main.o(i.AnalyzePkg) refers to parameter.o(i.ParamSet) for ParamSet
    main.o(i.AnalyzePkg) refers to led.o(i.LEDFlash) for LEDFlash
    main.o(i.AnalyzePkg) refers to parameter.o(i.ParamShow) for ParamShow
    main.o(i.AnalyzePkg) refers to parameter.o(i.ParamReset) for ParamReset
    main.o(i.AnalyzePkg) refers to parameter.o(i.ParamWrite) for ParamWrite
    main.o(i.AnalyzePkg) refers to usart.o(.data) for USART_RX_STA
    main.o(i.AnalyzePkg) refers to usart.o(.bss) for USART_RX_BUF
    main.o(i.InitTestPin) refers to stm32f10x_rcc.o(i.RCC_APB2PeriphClockCmd) for RCC_APB2PeriphClockCmd
    main.o(i.InitTestPin) refers to stm32f10x_gpio.o(i.GPIO_Init) for GPIO_Init
    main.o(i.TIM3_IRQHandler) refers to stm32f10x_tim.o(i.TIM_GetITStatus) for TIM_GetITStatus
    main.o(i.TIM3_IRQHandler) refers to stm32f10x_tim.o(i.TIM_ClearITPendingBit) for TIM_ClearITPendingBit
    main.o(i.TIM3_IRQHandler) refers to main.o(.data) for tick
    main.o(i.TIM3_IRQHandler) refers to glidelock.o(.bss) for GLState
    main.o(i.main) refers to delay.o(i.delay_init) for delay_init
    main.o(i.main) refers to sys.o(i.NVIC_Configuration) for NVIC_Configuration
    main.o(i.main) refers to usart.o(i.uart_init) for uart_init
    main.o(i.main) refers to led.o(i.LEDInit) for LEDInit
    main.o(i.main) refers to led.o(i.LEDSetRGB) for LEDSetRGB
    main.o(i.main) refers to led.o(i.LEDSet) for LEDSet
    main.o(i.main) refers to key.o(i.KeyInit) for KeyInit
    main.o(i.main) refers to stm32f10x_usart.o(i.USART_ClearITPendingBit) for USART_ClearITPendingBit
    main.o(i.main) refers to main.o(i.printLogo) for printLogo
    main.o(i.main) refers to noretval__2printf.o(.text) for __2printf
    main.o(i.main) refers to parameter.o(i.ParamRead) for ParamRead
    main.o(i.main) refers to parameter.o(i.ParamReset) for ParamReset
    main.o(i.main) refers to parameter.o(i.ParamWrite) for ParamWrite
    main.o(i.main) refers to timer.o(i.MainClockInit) for MainClockInit
    main.o(i.main) refers to pwm.o(i.PWMInit) for PWMInit
    main.o(i.main) refers to pwmin.o(i.PWMInInit) for PWMInInit
    main.o(i.main) refers to delay.o(i.delay_ms) for delay_ms
    main.o(i.main) refers to glidelock.o(i.GLInit) for GLInit
    main.o(i.main) refers to pwm.o(i.PWMLock) for PWMLock
    main.o(i.main) refers to pwm.o(i.PWMSetVal) for PWMSetVal
    main.o(i.main) refers to glidelock.o(i.GLUpdate) for GLUpdate
    main.o(i.main) refers to led.o(i.LEDFlip) for LEDFlip
    main.o(i.main) refers to main.o(i.AnalyzePkg) for AnalyzePkg
    main.o(i.main) refers to key.o(i.KeyRead) for KeyRead
    main.o(i.main) refers to led.o(i.LEDFlash) for LEDFlash
    main.o(i.main) refers to parameter.o(.bss) for params
    main.o(i.main) refers to main.o(.data) for ledInterval
    main.o(i.main) refers to pwmin.o(.bss) for pwmValues
    main.o(i.main) refers to glidelock.o(.bss) for GLState
    main.o(i.main) refers to usart.o(.data) for USART_RX_STA
    main.o(i.printLogo) refers to noretval__2printf.o(.text) for __2printf
    system_stm32f10x.o(i.SetSysClock) refers to system_stm32f10x.o(i.SetSysClockTo72) for SetSysClockTo72
    system_stm32f10x.o(i.SystemCoreClockUpdate) refers to system_stm32f10x.o(.data) for SystemCoreClock
    system_stm32f10x.o(i.SystemInit) refers to system_stm32f10x.o(i.SetSysClock) for SetSysClock
    startup_stm32f10x_md.o(STACK) refers (Special) to heapauxi.o(.text) for __use_two_region_memory
    startup_stm32f10x_md.o(HEAP) refers (Special) to heapauxi.o(.text) for __use_two_region_memory
    startup_stm32f10x_md.o(RESET) refers (Special) to heapauxi.o(.text) for __use_two_region_memory
    startup_stm32f10x_md.o(RESET) refers to startup_stm32f10x_md.o(STACK) for __initial_sp
    startup_stm32f10x_md.o(RESET) refers to startup_stm32f10x_md.o(.text) for Reset_Handler
    startup_stm32f10x_md.o(RESET) refers to stm32f10x_it.o(i.NMI_Handler) for NMI_Handler
    startup_stm32f10x_md.o(RESET) refers to stm32f10x_it.o(i.HardFault_Handler) for HardFault_Handler
    startup_stm32f10x_md.o(RESET) refers to stm32f10x_it.o(i.MemManage_Handler) for MemManage_Handler
    startup_stm32f10x_md.o(RESET) refers to stm32f10x_it.o(i.BusFault_Handler) for BusFault_Handler
    startup_stm32f10x_md.o(RESET) refers to stm32f10x_it.o(i.UsageFault_Handler) for UsageFault_Handler
    startup_stm32f10x_md.o(RESET) refers to stm32f10x_it.o(i.SVC_Handler) for SVC_Handler
[...]
    .ARM.Collect$$rtentry$$0000000A          0x0800018e   Section        4  __rtentry2.o(.ARM.Collect$$rtentry$$0000000A)
    .ARM.Collect$$rtentry$$0000000C          0x08000192   Section        0  __rtentry2.o(.ARM.Collect$$rtentry$$0000000C)
    .ARM.Collect$$rtentry$$0000000D          0x08000192   Section        8  __rtentry2.o(.ARM.Collect$$rtentry$$0000000D)
    .ARM.Collect$$rtexit$$00000000           0x0800019a   Section        2  rtexit.o(.ARM.Collect$$rtexit$$00000000)
    .ARM.Collect$$rtexit$$00000002           0x0800019c   Section        0  rtexit2.o(.ARM.Collect$$rtexit$$00000002)
    .ARM.Collect$$rtexit$$00000003           0x0800019c   Section        4  rtexit2.o(.ARM.Collect$$rtexit$$00000003)
    .ARM.Collect$$rtexit$$00000004           0x080001a0   Section        6  rtexit2.o(.ARM.Collect$$rtexit$$00000004)
    .text                                    0x080001a8   Section       64  startup_stm32f10x_md.o(.text)
    .text                                    0x080001e8   Section        2  use_no_semi_2.o(.text)
    .text                                    0x080001ec   Section        0  noretval__2printf.o(.text)
    .text                                    0x08000204   Section        0  __printf.o(.text)
    .text                                    0x0800026c   Section        0  _printf_dec.o(.text)
    .text                                    0x080002e4   Section        0  heapauxi.o(.text)
    .text                                    0x080002ea   Section        2  use_no_semi.o(.text)
    .text                                    0x080002ec   Section        0  _printf_intcommon.o(.text)
    .text                                    0x0800039e   Section        0  _printf_fp_dec.o(.text)
    _fp_digits                               0x080003a1   Thumb Code   432  _printf_fp_dec.o(.text)
    .text                                    0x080007bc   Section        0  _printf_char_file.o(.text)
    .text                                    0x080007e0   Section        8  rt_locale_intlibspace.o(.text)
    .text                                    0x080007e8   Section      138  lludiv10.o(.text)
    .text                                    0x08000874   Section        0  _printf_char_common.o(.text)
    _printf_input_char                       0x08000875   Thumb Code    10  _printf_char_common.o(.text)
    .text                                    0x080008a4   Section        0  _printf_fp_infnan.o(.text)
    .text                                    0x08000924   Section        0  bigflt0.o(.text)
    .text                                    0x08000a08   Section        0  ferror.o(.text)
    .text                                    0x08000a10   Section        8  libspace.o(.text)
    .text                                    0x08000a18   Section       74  sys_stackheap_outer.o(.text)
    .text                                    0x08000a62   Section        0  exit.o(.text)
    .text                                    0x08000a74   Section      128  strcmpv7m.o(.text)
    CL$$btod_d2e                             0x08000af4   Section       62  btod.o(CL$$btod_d2e)
    CL$$btod_d2e_denorm_low                  0x08000b32   Section       70  btod.o(CL$$btod_d2e_denorm_low)
    CL$$btod_d2e_norm_op1                    0x08000b78   Section       96  btod.o(CL$$btod_d2e_norm_op1)
    CL$$btod_div_common                      0x08000bd8   Section      824  btod.o(CL$$btod_div_common)
    CL$$btod_e2e                             0x08000f10   Section      220  btod.o(CL$$btod_e2e)
    CL$$btod_ediv                            0x08000fec   Section       42  btod.o(CL$$btod_ediv)
    CL$$btod_emul                            0x08001016   Section       42  btod.o(CL$$btod_emul)
    CL$$btod_mult_common                     0x08001040   Section      580  btod.o(CL$$btod_mult_common)
    i.AnalyzePkg                             0x08001284   Section        0  main.o(i.AnalyzePkg)
    i.BusFault_Handler                       0x0800141c   Section        0  stm32f10x_it.o(i.BusFault_Handler)
    i.DebugMon_Handler                       0x08001420   Section        0  stm32f10x_it.o(i.DebugMon_Handler)
    i.EXTI15_10_IRQHandler                   0x08001424   Section        0  glidelock.o(i.EXTI15_10_IRQHandler)
    i.EXTI_ClearITPendingBit                 0x0800147c   Section        0  stm32f10x_exti.o(i.EXTI_ClearITPendingBit)
    i.EXTI_GetITStatus                       0x08001488   Section        0  stm32f10x_exti.o(i.EXTI_GetITStatus)
    i.EXTI_Init                              0x080014b0   Section        0  stm32f10x_exti.o(i.EXTI_Init)
    i.FLASH_ErasePage                        0x08001544   Section        0  stm32f10x_flash.o(i.FLASH_ErasePage)
    i.FLASH_GetBank1Status                   0x08001590   Section        0  stm32f10x_flash.o(i.FLASH_GetBank1Status)
    i.FLASH_Lock                             0x080015c4   Section        0  stm32f10x_flash.o(i.FLASH_Lock)
    i.FLASH_ProgramHalfWord                  0x080015d8   Section        0  stm32f10x_flash.o(i.FLASH_ProgramHalfWord)
    i.FLASH_Unlock                           0x08001618   Section        0  stm32f10x_flash.o(i.FLASH_Unlock)
    i.FLASH_WaitForLastOperation             0x08001630   Section        0  stm32f10x_flash.o(i.FLASH_WaitForLastOperation)
    i.GLInit                                 0x08001658   Section        0  glidelock.o(i.GLInit)
    i.GLUpdate                               0x0800172c   Section        0  glidelock.o(i.GLUpdate)
    i.GPIO_EXTILineConfig                    0x08001808   Section        0  stm32f10x_gpio.o(i.GPIO_EXTILineConfig)
    i.GPIO_Init                              0x08001848   Section        0  stm32f10x_gpio.o(i.GPIO_Init)
    i.HardFault_Handler                      0x0800195e   Section        0  stm32f10x_it.o(i.HardFault_Handler)
    i.KeyInit                                0x08001964   Section        0  key.o(i.KeyInit)
    i.KeyRead                                0x08001990   Section        0  key.o(i.KeyRead)
    i.LEDFlash                               0x080019b0   Section        0  led.o(i.LEDFlash)
    i.LEDFlip                                0x08001a14   Section        0  led.o(i.LEDFlip)
    i.LEDInit                                0x08001a2c   Section        0  led.o(i.LEDInit)
    i.LEDSet                                 0x08001a80   Section        0  led.o(i.LEDSet)
    i.LEDSetRGB                              0x08001aa0   Section        0  led.o(i.LEDSetRGB)
    i.MainClockInit                          0x08001ac4   Section        0  timer.o(i.MainClockInit)
    i.MemManage_Handler                      0x08001b24   Section        0  stm32f10x_it.o(i.MemManage_Handler)
    i.NMI_Handler                            0x08001b28   Section        0  stm32f10x_it.o(i.NMI_Handler)
    i.NVIC_Configuration                     0x08001b2a   Section        0  sys.o(i.NVIC_Configuration)
    i.NVIC_Init                              0x08001b38   Section        0  misc.o(i.NVIC_Init)
    i.NVIC_PriorityGroupConfig               0x08001ba8   Section        0  misc.o(i.NVIC_PriorityGroupConfig)
    i.PWMInInit                              0x08001bbc   Section        0  pwmin.o(i.PWMInInit)
    i.PWMInit                                0x08001c00   Section        0  pwm.o(i.PWMInit)
    i.PWMLock                                0x08001cdc   Section        0  pwm.o(i.PWMLock)
    i.PWMSetVal                              0x08001d0e   Section        0  pwm.o(i.PWMSetVal)
    i.ParamRead                              0x08001d58   Section        0  parameter.o(i.ParamRead)
    i.ParamReset                             0x08001d84   Section        0  parameter.o(i.ParamReset)
    i.ParamSet                               0x08001df0   Section        0  parameter.o(i.ParamSet)
    i.ParamShow                              0x08001ef4   Section        0  parameter.o(i.ParamShow)
    i.ParamWrite                             0x08002140   Section        0  parameter.o(i.ParamWrite)
    i.PendSV_Handler                         0x08002178   Section        0  stm32f10x_it.o(i.PendSV_Handler)
    i.RCC_APB1PeriphClockCmd                 0x0800217c   Section        0  stm32f10x_rcc.o(i.RCC_APB1PeriphClockCmd)
    i.RCC_APB1PeriphResetCmd                 0x0800219c   Section        0  stm32f10x_rcc.o(i.RCC_APB1PeriphResetCmd)
    i.RCC_APB2PeriphClockCmd                 0x080021bc   Section        0  stm32f10x_rcc.o(i.RCC_APB2PeriphClockCmd)
    i.RCC_APB2PeriphResetCmd                 0x080021dc   Section        0  stm32f10x_rcc.o(i.RCC_APB2PeriphResetCmd)
    i.RCC_GetClocksFreq                      0x080021fc   Section        0  stm32f10x_rcc.o(i.RCC_GetClocksFreq)
    i.SVC_Handler                            0x080022d0   Section        0  stm32f10x_it.o(i.SVC_Handler)
    i.SetSysClock                            0x080022d2   Section        0  system_stm32f10x.o(i.SetSysClock)
    SetSysClock                              0x080022d3   Thumb Code     8  system_stm32f10x.o(i.SetSysClock)
    i.SetSysClockTo72                        0x080022dc   Section        0  system_stm32f10x.o(i.SetSysClockTo72)
    SetSysClockTo72                          0x080022dd   Thumb Code   214  system_stm32f10x.o(i.SetSysClockTo72)
    i.SysTick_CLKSourceConfig                0x080023bc   Section        0  misc.o(i.SysTick_CLKSourceConfig)
    i.SysTick_Handler                        0x080023e4   Section        0  stm32f10x_it.o(i.SysTick_Handler)
    i.SystemInit                             0x080023e8   Section        0  system_stm32f10x.o(i.SystemInit)
    i.TI1_Config                             0x08002448   Section        0  stm32f10x_tim.o(i.TI1_Config)
    TI1_Config                               0x08002449   Thumb Code   108  stm32f10x_tim.o(i.TI1_Config)
    i.TI2_Config                             0x080024c8   Section        0  stm32f10x_tim.o(i.TI2_Config)
    TI2_Config                               0x080024c9   Thumb Code   130  stm32f10x_tim.o(i.TI2_Config)
    i.TI3_Config                             0x08002560   Section        0  stm32f10x_tim.o(i.TI3_Config)
    TI3_Config                               0x08002561   Thumb Code   122  stm32f10x_tim.o(i.TI3_Config)
    i.TI4_Config                             0x080025f0   Section        0  stm32f10x_tim.o(i.TI4_Config)
    TI4_Config                               0x080025f1   Thumb Code   130  stm32f10x_tim.o(i.TI4_Config)
    i.TIM1IntPPM                             0x08002688   Section        0  pwmin.o(i.TIM1IntPPM)
    i.TIM1IntPWM                             0x08002730   Section        0  pwmin.o(i.TIM1IntPWM)
    i.TIM1_CC_IRQHandler                     0x08002838   Section        0  pwmin.o(i.TIM1_CC_IRQHandler)
    i.TIM3_IRQHandler                        0x08002850   Section        0  main.o(i.TIM3_IRQHandler)
    i.TIM4_IRQHandler                        0x080028a4   Section        0  pwmin.o(i.TIM4_IRQHandler)
    i.TIM_ClearITPendingBit                  0x080029b0   Section        0  stm32f10x_tim.o(i.TIM_ClearITPendingBit)
    i.TIM_Cmd                                0x080029b6   Section        0  stm32f10x_tim.o(i.TIM_Cmd)
    i.TIM_GetCapture1                        0x080029ce   Section        0  stm32f10x_tim.o(i.TIM_GetCapture1)
    i.TIM_GetCapture2                        0x080029d4   Section        0  stm32f10x_tim.o(i.TIM_GetCapture2)
    i.TIM_GetCapture3                        0x080029da   Section        0  stm32f10x_tim.o(i.TIM_GetCapture3)
    i.TIM_GetCapture4                        0x080029e0   Section        0  stm32f10x_tim.o(i.TIM_GetCapture4)
    i.TIM_GetITStatus                        0x080029e8   Section        0  stm32f10x_tim.o(i.TIM_GetITStatus)
    i.TIM_ICInit                             0x08002a0c   Section        0  stm32f10x_tim.o(i.TIM_ICInit)
    i.TIM_ITConfig                           0x08002ab8   Section        0  stm32f10x_tim.o(i.TIM_ITConfig)
    i.TIM_OC1Init                            0x08002acc   Section        0  stm32f10x_tim.o(i.TIM_OC1Init)
    i.TIM_OC1PolarityConfig                  0x08002b64   Section        0  stm32f10x_tim.o(i.TIM_OC1PolarityConfig)
    i.TIM_OC1PreloadConfig                   0x08002b76   Section        0  stm32f10x_tim.o(i.TIM_OC1PreloadConfig)
    i.TIM_OC2Init                            0x08002b88   Section        0  stm32f10x_tim.o(i.TIM_OC2Init)
    i.TIM_OC2PolarityConfig                  0x08002c2c   Section        0  stm32f10x_tim.o(i.TIM_OC2PolarityConfig)
    i.TIM_OC2PreloadConfig                   0x08002c46   Section        0  stm32f10x_tim.o(i.TIM_OC2PreloadConfig)
    i.TIM_OC3Init                            0x08002c60   Section        0  stm32f10x_tim.o(i.TIM_OC3Init)
    i.TIM_OC3PolarityConfig                  0x08002d00   Section        0  stm32f10x_tim.o(i.TIM_OC3PolarityConfig)
    i.TIM_OC3PreloadConfig                   0x08002d1a   Section        0  stm32f10x_tim.o(i.TIM_OC3PreloadConfig)
    i.TIM_OC4Init                            0x08002d2c   Section        0  stm32f10x_tim.o(i.TIM_OC4Init)
    i.TIM_OC4PolarityConfig                  0x08002da8   Section        0  stm32f10x_tim.o(i.TIM_OC4PolarityConfig)
    i.TIM_OC4PreloadConfig                   0x08002dc2   Section        0  stm32f10x_tim.o(i.TIM_OC4PreloadConfig)
    i.TIM_SetCompare1                        0x08002ddc   Section        0  stm32f10x_tim.o(i.TIM_SetCompare1)
    i.TIM_SetCompare2                        0x08002de0   Section        0  stm32f10x_tim.o(i.TIM_SetCompare2)
    i.TIM_SetCompare3                        0x08002de4   Section        0  stm32f10x_tim.o(i.TIM_SetCompare3)
    i.TIM_SetCompare4                        0x08002de8   Section        0  stm32f10x_tim.o(i.TIM_SetCompare4)
    i.TIM_SetIC1Prescaler                    0x08002dee   Section        0  stm32f10x_tim.o(i.TIM_SetIC1Prescaler)
    i.TIM_SetIC2Prescaler                    0x08002e00   Section        0  stm32f10x_tim.o(i.TIM_SetIC2Prescaler)
    i.TIM_SetIC3Prescaler                    0x08002e1a   Section        0  stm32f10x_tim.o(i.TIM_SetIC3Prescaler)
    i.TIM_SetIC4Prescaler                    0x08002e2c   Section        0  stm32f10x_tim.o(i.TIM_SetIC4Prescaler)
    i.TIM_TimeBaseInit                       0x08002e48   Section        0  stm32f10x_tim.o(i.TIM_TimeBaseInit)
    i.USART3_IRQHandler                      0x08002eec   Section        0  usart.o(i.USART3_IRQHandler)
    i.USART_ClearITPendingBit                0x08002f74   Section        0  stm32f10x_usart.o(i.USART_ClearITPendingBit)
    i.USART_Cmd                              0x08002f92   Section        0  stm32f10x_usart.o(i.USART_Cmd)
    i.USART_DeInit                           0x08002fac   Section        0  stm32f10x_usart.o(i.USART_DeInit)
    i.USART_GetITStatus                      0x08003048   Section        0  stm32f10x_usart.o(i.USART_GetITStatus)
    i.USART_ITConfig                         0x0800309c   Section        0  stm32f10x_usart.o(i.USART_ITConfig)
    i.USART_Init                             0x080030e8   Section        0  stm32f10x_usart.o(i.USART_Init)
    i.USART_ReceiveData                      0x080031c0   Section        0  stm32f10x_usart.o(i.USART_ReceiveData)
    i.UsageFault_Handler                     0x080031ca   Section        0  stm32f10x_it.o(i.UsageFault_Handler)
    i.__ARM_fpclassify                       0x080031ce   Section        0  fpclassify.o(i.__ARM_fpclassify)
    i._sys_exit                              0x080031f6   Section        0  usart.o(i._sys_exit)
    i.delay_init                             0x080031fc   Section        0  delay.o(i.delay_init)
    i.delay_ms                               0x08003240   Section        0  delay.o(i.delay_ms)
    i.delay_us                               0x0800328c   Section        0  delay.o(i.delay_us)
    i.fputc                                  0x080032d8   Section        0  usart.o(i.fputc)
    i.getCap                                 0x080032f4   Section        0  pwmin.o(i.getCap)
    i.ledSetOut                              0x08003344   Section        0  led.o(i.ledSetOut)
    i.main                                   0x08003394   Section        0  main.o(i.main)
    i.paramReadBinary                        0x08003638   Section        0  parameter.o(i.paramReadBinary)
    i.paramReadFixed                         0x08003660   Section        0  parameter.o(i.paramReadFixed)
    i.printLogo                              0x0800368c   Section        0  main.o(i.printLogo)
    i.pwmInitPPMMode                         0x08003a90   Section        0  pwmin.o(i.pwmInitPPMMode)
    i.pwmInitPwmMode                         0x08003b70   Section        0  pwmin.o(i.pwmInitPwmMode)
    i.readHalfWord                           0x08003d04   Section        0  parameter.o(i.readHalfWord)
    i.setPolarity                            0x08003d0c   Section        0  pwmin.o(i.setPolarity)
    i.uart_init                              0x08003d68   Section        0  usart.o(i.uart_init)
    i.updateGlideLock                        0x08003e1c   Section        0  glidelock.o(i.updateGlideLock)
    i.updateRollTest                         0x08003edc   Section        0  glidelock.o(i.updateRollTest)
    locale$$code                             0x08003fdc   Section       44  lc_numeric_c.o(locale$$code)
    x$fpl$dcmpinf                            0x08004008   Section       24  dcmpi.o(x$fpl$dcmpinf)
    x$fpl$dleqf                              0x08004020   Section      120  dleqf.o(x$fpl$dleqf)
    x$fpl$dnaninf                            0x08004098   Section      156  dnaninf.o(x$fpl$dnaninf)
    x$fpl$dretinf                            0x08004134   Section       12  dretinf.o(x$fpl$dretinf)
    x$fpl$drleqf                             0x08004140   Section      108  drleqf.o(x$fpl$drleqf)
    x$fpl$f2d                                0x080041ac   Section       86  f2d.o(x$fpl$f2d)
    x$fpl$fadd                               0x08004204   Section      196  faddsub_clz.o(x$fpl$fadd)
    _fadd1                                   0x08004213   Thumb Code     0  faddsub_clz.o(x$fpl$fadd)
    x$fpl$fcmpinf                            0x080042c8   Section       24  fcmpi.o(x$fpl$fcmpinf)
    x$fpl$fdiv                               0x080042e0   Section      388  fdiv.o(x$fpl$fdiv)
    _fdiv1                                   0x080042e1   Thumb Code     0  fdiv.o(x$fpl$fdiv)
    x$fpl$ffix                               0x08004464   Section       54  ffix.o(x$fpl$ffix)
    x$fpl$ffixu                              0x0800449c   Section       62  ffixu.o(x$fpl$ffixu)
    x$fpl$fflt                               0x080044dc   Section       48  fflt_clz.o(x$fpl$fflt)
    x$fpl$ffltu                              0x0800450c   Section       38  fflt_clz.o(x$fpl$ffltu)
    x$fpl$fleqf                              0x08004534   Section      104  fleqf.o(x$fpl$fleqf)
    x$fpl$fmul                               0x0800459c   Section      258  fmul.o(x$fpl$fmul)
    x$fpl$fnaninf                            0x0800469e   Section      140  fnaninf.o(x$fpl$fnaninf)
    x$fpl$fretinf                            0x0800472a   Section       10  fretinf.o(x$fpl$fretinf)
    x$fpl$fsub                               0x08004734   Section      234  faddsub_clz.o(x$fpl$fsub)
    _fsub1                                   0x08004743   Thumb Code     0  faddsub_clz.o(x$fpl$fsub)
    x$fpl$printf1                            0x0800481e   Section        4  printf1.o(x$fpl$printf1)
    x$fpl$usenofp                            0x08004822   Section        0  usenofp.o(x$fpl$usenofp)
    .constdata                               0x08004824   Section      148  bigflt0.o(.constdata)
    tenpwrs_x                                0x08004824   Data          60  bigflt0.o(.constdata)
    tenpwrs_i                                0x08004860   Data          64  bigflt0.o(.constdata)
    locale$$data                             0x080048d8   Section       28  lc_numeric_c.o(locale$$data)
    __lcnum_c_name                           0x080048dc   Data           2  lc_numeric_c.o(locale$$data)
    __lcnum_c_start                          0x080048e4   Data           0  lc_numeric_c.o(locale$$data)
    __lcnum_c_point                          0x080048f0   Data           0  lc_numeric_c.o(locale$$data)
    __lcnum_c_thousands                      0x080048f2   Data           0  lc_numeric_c.o(locale$$data)
    __lcnum_c_grouping                       0x080048f3   Data           0  lc_numeric_c.o(locale$$data)
    __lcnum_c_end                            0x080048f4   Data           0  lc_numeric_c.o(locale$$data)
    .data                                    0x20000000   Section       24  main.o(.data)
    .data                                    0x20000018   Section       20  system_stm32f10x.o(.data)
    .data                                    0x2000002c   Section       20  stm32f10x_rcc.o(.data)
    APBAHBPrescTable                         0x2000002c   Data          16  stm32f10x_rcc.o(.data)
    ADCPrescTable                            0x2000003c   Data           4  stm32f10x_rcc.o(.data)
    .data                                    0x20000040   Section        4  led.o(.data)
    .data                                    0x20000044   Section        8  pwmin.o(.data)
    .data                                    0x2000004c   Section       12  glidelock.o(.data)
    .data                                    0x20000058   Section        4  delay.o(.data)
    fac_us                                   0x20000058   Data           1  delay.o(.data)
    fac_ms                                   0x2000005a   Data           2  delay.o(.data)
    .data                                    0x2000005c   Section        6  usart.o(.data)
    .bss                                     0x20000064   Section       72  parameter.o(.bss)
    .bss                                     0x200000ac   Section      164  pwmin.o(.bss)
    .bss                                     0x20000150   Section       44  glidelock.o(.bss)
    .bss                                     0x2000017c   Section      200  usart.o(.bss)
    .bss                                     0x20000244   Section       96  libspace.o(.bss)
    HEAP                                     0x200002a8   Section      512  startup_stm32f10x_md.o(HEAP)
    Heap_Mem                                 0x200002a8   Data         512  startup_stm32f10x_md.o(HEAP)
    STACK                                    0x200004a8   Section     1024  startup_stm32f10x_md.o(STACK)
    Stack_Mem                                0x200004a8   Data        1024  startup_stm32f10x_md.o(STACK)
    __initial_sp                             0x200008a8   Data           0  startup_stm32f10x_md.o(STACK)

    Global Symbols

    Symbol Name                              Value     Ov Type        Size  Object(Section)

    BuildAttributes$$THM_ISAv4$P$D$K$B$S$PE$A:L22UL41UL21$X:L11$S22US41US21$IEEE1$IW$USESV6$~STKCKD$USESV7$~SHL$OTIME$ROPI$IEEEJ$EBA8$UX$STANDARDLIB$REQ8$PRES8$EABIv2 0x00000000   Number         0  anon$$obj.o ABSOLUTE
    __ARM_use_no_argv                        0x00000000   Number         0  main.o ABSOLUTE
    __ARM_exceptions_init                     - Undefined Weak Reference
    __alloca_initialize                       - Undefined Weak Reference
    __arm_preinit_                            - Undefined Weak Reference
    __cpp_initialize__aeabi_                  - Undefined Weak Reference
    __cxa_finalize                            - Undefined Weak Reference
    __sigvec_lookup                           - Undefined Weak Reference
    _atexit_init                              - Undefined Weak Reference
    _call_atexit_fns                          - Undefined Weak Reference
    _clock_init                               - Undefined Weak Reference
    _fp_trap_init                             - Undefined Weak Reference
    _fp_trap_shutdown                         - Undefined Weak Reference
    _get_lc_collate                           - Undefined Weak Reference
    _get_lc_ctype                             - Undefined Weak Reference
    _get_lc_monetary                          - Undefined Weak Reference
    _get_lc_time                              - Undefined Weak Reference
    _getenv_init                              - Undefined Weak Reference
    _handle_redirection                       - Undefined Weak Reference
    _init_alloc                               - Undefined Weak Reference
    _init_user_alloc                          - Undefined Weak Reference
    _initio                                   - Undefined Weak Reference
    _mutex_acquire                            - Undefined Weak Reference
    _mutex_release                            - Undefined Weak Reference
    _printf_post_padding                      - Undefined Weak Reference
    _printf_pre_padding                       - Undefined Weak Reference
    _printf_truncate_signed                   - Undefined Weak Reference
    _printf_truncate_unsigned                 - Undefined Weak Reference
    _rand_init                                - Undefined Weak Reference
    _signal_finish                            - Undefined Weak Reference
    _signal_init                              - Undefined Weak Reference
    _terminate_alloc                          - Undefined Weak Reference
    _terminate_user_alloc                     - Undefined Weak Reference
    _terminateio                              - Undefined Weak Reference
    __Vectors_Size                           0x000000ec   Number         0  startup_stm32f10x_md.o ABSOLUTE
    __Vectors                                0x08000000   Data           4  startup_stm32f10x_md.o(RESET)
    __Vectors_End                            0x080000ec   Data           0  startup_stm32f10x_md.o(RESET)
    __main                                   0x080000ed   Thumb Code     8  __main.o(!!!main)
    __scatterload                            0x080000f5   Thumb Code     0  __scatter.o(!!!scatter)
    __scatterload_rt2                        0x080000f5   Thumb Code    44  __scatter.o(!!!scatter)
    __scatterload_rt2_thumb_only             0x080000f5   Thumb Code     0  __scatter.o(!!!scatter)
    __scatterload_null                       0x08000103   Thumb Code     0  __scatter.o(!!!scatter)
    __scatterload_copy                       0x08000129   Thumb Code    26  __scatter_copy.o(!!handler_copy)
    __scatterload_zeroinit                   0x08000145   Thumb Code    28  __scatter_zi.o(!!handler_zi)
    _printf_f                                0x08000161   Thumb Code     0  _printf_f.o(.ARM.Collect$$_printf_percent$$00000003)
    _printf_percent                          0x08000161   Thumb Code     0  _printf_percent.o(.ARM.Collect$$_printf_percent$$00000000)
    _printf_d                                0x08000167   Thumb Code     0  _printf_d.o(.ARM.Collect$$_printf_percent$$00000009)
    _printf_percent_end                      0x0800016d   Thumb Code     0  _printf_percent_end.o(.ARM.Collect$$_printf_percent$$00000017)
    __rt_lib_init                            0x08000171   Thumb Code     0  libinit.o(.ARM.Collect$$libinit$$00000000)
    __rt_lib_init_fp_1                       0x08000173   Thumb Code     0  libinit2.o(.ARM.Collect$$libinit$$00000002)
    __rt_lib_init_heap_1                     0x08000173   Thumb Code     0  libinit2.o(.ARM.Collect$$libinit$$0000000A)
    __rt_lib_init_lc_common                  0x08000173   Thumb Code     0  libinit2.o(.ARM.Collect$$libinit$$0000000F)
    __rt_lib_init_preinit_1                  0x08000173   Thumb Code     0  libinit2.o(.ARM.Collect$$libinit$$00000004)
    __rt_lib_init_rand_1                     0x08000173   Thumb Code     0  libinit2.o(.ARM.Collect$$libinit$$0000000E)
    __rt_lib_init_user_alloc_1               0x08000173   Thumb Code     0  libinit2.o(.ARM.Collect$$libinit$$0000000C)
    __rt_lib_init_lc_collate_1               0x08000179   Thumb Code     0  libinit2.o(.ARM.Collect$$libinit$$00000011)
    __rt_lib_init_lc_ctype_1                 0x08000179   Thumb Code     0  libinit2.o(.ARM.Collect$$libinit$$00000013)
    __rt_lib_init_lc_monetary_1              0x08000179   Thumb Code     0  libinit2.o(.ARM.Collect$$libinit$$00000015)
    __rt_lib_init_lc_numeric_2               0x08000179   Thumb Code     0  libinit2.o(.ARM.Collect$$libinit$$00000016)
    __rt_lib_init_alloca_1                   0x08000183   Thumb Code     0  libinit2.o(.ARM.Collect$$libinit$$0000002E)
    __rt_lib_init_argv_1                     0x08000183   Thumb Code     0  libinit2.o(.ARM.Collect$$libinit$$0000002C)
    __rt_lib_init_atexit_1                   0x08000183   Thumb Code     0  libinit2.o(.ARM.Collect$$libinit$$0000001B)
    __rt_lib_init_clock_1                    0x08000183   Thumb Code     0  libinit2.o(.ARM.Collect$$libinit$$00000021)
    __rt_lib_init_cpp_1                      0x08000183   Thumb Code     0  libinit2.o(.ARM.Collect$$libinit$$00000032)
    __rt_lib_init_exceptions_1               0x08000183   Thumb Code     0  libinit2.o(.ARM.Collect$$libinit$$00000030)
    __rt_lib_init_fp_trap_1                  0x08000183   Thumb Code     0  libinit2.o(.ARM.Collect$$libinit$$0000001F)
    __rt_lib_init_getenv_1                   0x08000183   Thumb Code     0  libinit2.o(.ARM.Collect$$libinit$$00000023)
    __rt_lib_init_lc_numeric_1               0x08000183   Thumb Code     0  libinit2.o(.ARM.Collect$$libinit$$00000017)
    __rt_lib_init_lc_time_1                  0x08000183   Thumb Code     0  libinit2.o(.ARM.Collect$$libinit$$00000019)
    __rt_lib_init_return                     0x08000183   Thumb Code     0  libinit2.o(.ARM.Collect$$libinit$$00000033)
    __rt_lib_init_signal_1                   0x08000183   Thumb Code     0  libinit2.o(.ARM.Collect$$libinit$$0000001D)
    __rt_lib_init_stdio_1                    0x08000183   Thumb Code     0  libinit2.o(.ARM.Collect$$libinit$$00000025)
    __rt_lib_shutdown                        0x08000185   Thumb Code     0  libshutdown.o(.ARM.Collect$$libshutdown$$00000000)
    __rt_lib_shutdown_cpp_1                  0x08000187   Thumb Code     0  libshutdown2.o(.ARM.Collect$$libshutdown$$00000002)
    __rt_lib_shutdown_fp_trap_1              0x08000187   Thumb Code     0  libshutdown2.o(.ARM.Collect$$libshutdown$$00000007)
    __rt_lib_shutdown_heap_1                 0x08000187   Thumb Code     0  libshutdown2.o(.ARM.Collect$$libshutdown$$0000000F)
    __rt_lib_shutdown_return                 0x08000187   Thumb Code     0  libshutdown2.o(.ARM.Collect$$libshutdown$$00000010)
    __rt_lib_shutdown_signal_1               0x08000187   Thumb Code     0  libshutdown2.o(.ARM.Collect$$libshutdown$$0000000A)
    __rt_lib_shutdown_stdio_1                0x08000187   Thumb Code     0  libshutdown2.o(.ARM.Collect$$libshutdown$$00000004)
    __rt_lib_shutdown_user_alloc_1           0x08000187   Thumb Code     0  libshutdown2.o(.ARM.Collect$$libshutdown$$0000000C)
    __rt_entry                               0x08000189   Thumb Code     0  __rtentry.o(.ARM.Collect$$rtentry$$00000000)
    __rt_entry_presh_1                       0x08000189   Thumb Code     0  __rtentry2.o(.ARM.Collect$$rtentry$$00000002)
    __rt_entry_sh                            0x08000189   Thumb Code     0  __rtentry4.o(.ARM.Collect$$rtentry$$00000004)
    __rt_entry_li                            0x0800018f   Thumb Code     0  __rtentry2.o(.ARM.Collect$$rtentry$$0000000A)
    __rt_entry_postsh_1                      0x0800018f   Thumb Code     0  __rtentry2.o(.ARM.Collect$$rtentry$$00000009)
    __rt_entry_main                          0x08000193   Thumb Code     0  __rtentry2.o(.ARM.Collect$$rtentry$$0000000D)
    __rt_entry_postli_1                      0x08000193   Thumb Code     0  __rtentry2.o(.ARM.Collect$$rtentry$$0000000C)
    __rt_exit                                0x0800019b   Thumb Code     0  rtexit.o(.ARM.Collect$$rtexit$$00000000)
    __rt_exit_ls                             0x0800019d   Thumb Code     0  rtexit2.o(.ARM.Collect$$rtexit$$00000003)
    __rt_exit_prels_1                        0x0800019d   Thumb Code     0  rtexit2.o(.ARM.Collect$$rtexit$$00000002)
    __rt_exit_exit                           0x080001a1   Thumb Code     0  rtexit2.o(.ARM.Collect$$rtexit$$00000004)
    Reset_Handler                            0x080001a9   Thumb Code     8  startup_stm32f10x_md.o(.text)
    ADC1_2_IRQHandler                        0x080001c3   Thumb Code     0  startup_stm32f10x_md.o(.text)
    CAN1_RX1_IRQHandler                      0x080001c3   Thumb Code     0  startup_stm32f10x_md.o(.text)
    CAN1_SCE_IRQHandler                      0x080001c3   Thumb Code     0  startup_stm32f10x_md.o(.text)
    DMA1_Channel1_IRQHandler                 0x080001c3   Thumb Code     0  startup_stm32f10x_md.o(.text)
    DMA1_Channel2_IRQHandler                 0x080001c3   Thumb Code     0  startup_stm32f10x_md.o(.text)
    DMA1_Channel3_IRQHandler                 0x080001c3   Thumb Code     0  startup_stm32f10x_md.o(.text)
    DMA1_Channel4_IRQHandler                 0x080001c3   Thumb Code     0  startup_stm32f10x_md.o(.text)
    DMA1_Channel5_IRQHandler                 0x080001c3   Thumb Code     0  startup_stm32f10x_md.o(.text)
    DMA1_Channel6_IRQHandler                 0x080001c3   Thumb Code     0  startup_stm32f10x_md.o(.text)
    DMA1_Channel7_IRQHandler                 0x080001c3   Thumb Code     0  startup_stm32f10x_md.o(.text)
    EXTI0_IRQHandler                         0x080001c3   Thumb Code     0  startup_stm32f10x_md.o(.text)
    EXTI1_IRQHandler                         0x080001c3   Thumb Code     0  startup_stm32f10x_md.o(.text)
    EXTI2_IRQHandler                         0x080001c3   Thumb Code     0  startup_stm32f10x_md.o(.text)
    EXTI3_IRQHandler                         0x080001c3   Thumb Code     0  startup_stm32f10x_md.o(.text)
    EXTI4_IRQHandler                         0x080001c3   Thumb Code     0  startup_stm32f10x_md.o(.text)
    EXTI9_5_IRQHandler                       0x080001c3   Thumb Code     0  startup_stm32f10x_md.o(.text)
    FLASH_IRQHandler                         0x080001c3   Thumb Code     0  startup_stm32f10x_md.o(.text)
    I2C1_ER_IRQHandler                       0x080001c3   Thumb Code     0  startup_stm32f10x_md.o(.text)
    I2C1_EV_IRQHandler                       0x080001c3   Thumb Code     0  startup_stm32f10x_md.o(.text)
    I2C2_ER_IRQHandler                       0x080001c3   Thumb Code     0  startup_stm32f10x_md.o(.text)
    I2C2_EV_IRQHandler                       0x080001c3   Thumb Code     0  startup_stm32f10x_md.o(.text)
    PVD_IRQHandler                           0x080001c3   Thumb Code     0  startup_stm32f10x_md.o(.text)
    RCC_IRQHandler                           0x080001c3   Thumb Code     0  startup_stm32f10x_md.o(.text)
    RTCAlarm_IRQHandler                      0x080001c3   Thumb Code     0  startup_stm32f10x_md.o(.text)
    RTC_IRQHandler                           0x080001c3   Thumb Code     0  startup_stm32f10x_md.o(.text)
    SPI1_IRQHandler                          0x080001c3   Thumb Code     0  startup_stm32f10x_md.o(.text)
    SPI2_IRQHandler                          0x080001c3   Thumb Code     0  startup_stm32f10x_md.o(.text)
    TAMPER_IRQHandler                        0x080001c3   Thumb Code     0  startup_stm32f10x_md.o(.text)
    TIM1_BRK_IRQHandler                      0x080001c3   Thumb Code     0  startup_stm32f10x_md.o(.text)
    TIM1_TRG_COM_IRQHandler                  0x080001c3   Thumb Code     0  startup_stm32f10x_md.o(.text)
    TIM1_UP_IRQHandler                       0x080001c3   Thumb Code     0  startup_stm32f10x_md.o(.text)
    TIM2_IRQHandler                          0x080001c3   Thumb Code     0  startup_stm32f10x_md.o(.text)
    USART1_IRQHandler                        0x080001c3   Thumb Code     0  startup_stm32f10x_md.o(.text)
    USART2_IRQHandler                        0x080001c3   Thumb Code     0  startup_stm32f10x_md.o(.text)
    USBWakeUp_IRQHandler                     0x080001c3   Thumb Code     0  startup_stm32f10x_md.o(.text)
    USB_HP_CAN1_TX_IRQHandler                0x080001c3   Thumb Code     0  startup_stm32f10x_md.o(.text)
    USB_LP_CAN1_RX0_IRQHandler               0x080001c3   Thumb Code     0  startup_stm32f10x_md.o(.text)
    WWDG_IRQHandler                          0x080001c3   Thumb Code     0  startup_stm32f10x_md.o(.text)
    __user_initial_stackheap                 0x080001c5   Thumb Code     0  startup_stm32f10x_md.o(.text)
    __use_no_semihosting                     0x080001e9   Thumb Code     2  use_no_semi_2.o(.text)
    __2printf                                0x080001ed   Thumb Code    20  noretval__2printf.o(.text)
    __printf                                 0x08000205   Thumb Code   104  __printf.o(.text)
    _printf_int_dec                          0x0800026d   Thumb Code   104  _printf_dec.o(.text)
    __use_two_region_memory                  0x080002e5   Thumb Code     2  heapauxi.o(.text)
    __rt_heap_escrow$2region                 0x080002e7   Thumb Code     2  heapauxi.o(.text)
    __rt_heap_expand$2region                 0x080002e9   Thumb Code     2  heapauxi.o(.text)
    __I$use$semihosting                      0x080002eb   Thumb Code     0  use_no_semi.o(.text)
    __use_no_semihosting_swi                 0x080002eb   Thumb Code     2  use_no_semi.o(.text)
    _printf_int_common                       0x080002ed   Thumb Code   178  _printf_intcommon.o(.text)
    __lib_sel_fp_printf                      0x0800039f   Thumb Code     2  _printf_fp_dec.o(.text)
    _printf_fp_dec_real                      0x08000551   Thumb Code   620  _printf_fp_dec.o(.text)
    _printf_char_file                        0x080007bd   Thumb Code    32  _printf_char_file.o(.text)
    __rt_locale                              0x080007e1   Thumb Code     8  rt_locale_intlibspace.o(.text)
    _ll_udiv10                               0x080007e9   Thumb Code   138  lludiv10.o(.text)
    _printf_char_common                      0x0800087f   Thumb Code    32  _printf_char_common.o(.text)
    _printf_fp_infnan                        0x080008a5   Thumb Code   112  _printf_fp_infnan.o(.text)
    _btod_etento                             0x08000925   Thumb Code   224  bigflt0.o(.text)
    ferror                                   0x08000a09   Thumb Code     8  ferror.o(.text)
    __user_libspace                          0x08000a11   Thumb Code     8  libspace.o(.text)
    __user_perproc_libspace                  0x08000a11   Thumb Code     0  libspace.o(.text)
    __user_perthread_libspace                0x08000a11   Thumb Code     0  libspace.o(.text)
    __user_setup_stackheap                   0x08000a19   Thumb Code    74  sys_stackheap_outer.o(.text)
    exit                                     0x08000a63   Thumb Code    18  exit.o(.text)
    strcmp                                   0x08000a75   Thumb Code   128  strcmpv7m.o(.text)
    _btod_d2e                                0x08000af5   Thumb Code    62  btod.o(CL$$btod_d2e)
    _d2e_denorm_low                          0x08000b33   Thumb Code    70  btod.o(CL$$btod_d2e_denorm_low)
    _d2e_norm_op1                            0x08000b79   Thumb Code    96  btod.o(CL$$btod_d2e_norm_op1)
    __btod_div_common                        0x08000bd9   Thumb Code   696  btod.o(CL$$btod_div_common)
    _e2e                                     0x08000f11   Thumb Code   220  btod.o(CL$$btod_e2e)
    _btod_ediv                               0x08000fed   Thumb Code    42  btod.o(CL$$btod_ediv)
    _btod_emul                               0x08001017   Thumb Code    42  btod.o(CL$$btod_emul)
    __btod_mult_common                       0x08001041   Thumb Code   580  btod.o(CL$$btod_mult_common)
    AnalyzePkg                               0x08001285   Thumb Code   272  main.o(i.AnalyzePkg)
    BusFault_Handler                         0x0800141d   Thumb Code     4  stm32f10x_it.o(i.BusFault_Handler)
    DebugMon_Handler                         0x08001421   Thumb Code     2  stm32f10x_it.o(i.DebugMon_Handler)
    EXTI15_10_IRQHandler                     0x08001425   Thumb Code    82  glidelock.o(i.EXTI15_10_IRQHandler)
    EXTI_ClearITPendingBit                   0x0800147d   Thumb Code     6  stm32f10x_exti.o(i.EXTI_ClearITPendingBit)
    EXTI_GetITStatus                         0x08001489   Thumb Code    34  stm32f10x_exti.o(i.EXTI_GetITStatus)
    EXTI_Init                                0x080014b1   Thumb Code   142  stm32f10x_exti.o(i.EXTI_Init)
    FLASH_ErasePage                          0x08001545   Thumb Code    72  stm32f10x_flash.o(i.FLASH_ErasePage)
    FLASH_GetBank1Status                     0x08001591   Thumb Code    48  stm32f10x_flash.o(i.FLASH_GetBank1Status)
    FLASH_Lock                               0x080015c5   Thumb Code    14  stm32f10x_flash.o(i.FLASH_Lock)
    FLASH_ProgramHalfWord                    0x080015d9   Thumb Code    60  stm32f10x_flash.o(i.FLASH_ProgramHalfWord)
    FLASH_Unlock                             0x08001619   Thumb Code    12  stm32f10x_flash.o(i.FLASH_Unlock)
    FLASH_WaitForLastOperation               0x08001631   Thumb Code    38  stm32f10x_flash.o(i.FLASH_WaitForLastOperation)
    GLInit                                   0x08001659   Thumb Code   194  glidelock.o(i.GLInit)
    GLUpdate                                 0x0800172d   Thumb Code   198  glidelock.o(i.GLUpdate)
    GPIO_EXTILineConfig                      0x08001809   Thumb Code    60  stm32f10x_gpio.o(i.GPIO_EXTILineConfig)
    GPIO_Init                                0x08001849   Thumb Code   278  stm32f10x_gpio.o(i.GPIO_Init)
    HardFault_Handler                        0x0800195f   Thumb Code     4  stm32f10x_it.o(i.HardFault_Handler)
    KeyInit                                  0x08001965   Thumb Code    38  key.o(i.KeyInit)
    KeyRead                                  0x08001991   Thumb Code    28  key.o(i.KeyRead)
    LEDFlash                                 0x080019b1   Thumb Code    94  led.o(i.LEDFlash)
    LEDFlip                                  0x08001a15   Thumb Code    20  led.o(i.LEDFlip)
    LEDInit                                  0x08001a2d   Thumb Code    62  led.o(i.LEDInit)
    LEDSet                                   0x08001a81   Thumb Code    26  led.o(i.LEDSet)
    LEDSetRGB                                0x08001aa1   Thumb Code    24  led.o(i.LEDSetRGB)
    MainClockInit                            0x08001ac5   Thumb Code    92  timer.o(i.MainClockInit)
    MemManage_Handler                        0x08001b25   Thumb Code     4  stm32f10x_it.o(i.MemManage_Handler)
    NMI_Handler                              0x08001b29   Thumb Code     2  stm32f10x_it.o(i.NMI_Handler)
    NVIC_Configuration                       0x08001b2b   Thumb Code    12  sys.o(i.NVIC_Configuration)
    NVIC_Init                                0x08001b39   Thumb Code   100  misc.o(i.NVIC_Init)
    NVIC_PriorityGroupConfig                 0x08001ba9   Thumb Code    10  misc.o(i.NVIC_PriorityGroupConfig)
    PWMInInit                                0x08001bbd   Thumb Code    54  pwmin.o(i.PWMInInit)
    PWMInit                                  0x08001c01   Thumb Code   210  pwm.o(i.PWMInit)
    PWMLock                                  0x08001cdd   Thumb Code    50  pwm.o(i.PWMLock)
    PWMSetVal                                0x08001d0f   Thumb Code    74  pwm.o(i.PWMSetVal)
    ParamRead                                0x08001d59   Thumb Code    34  parameter.o(i.ParamRead)
    ParamReset                               0x08001d85   Thumb Code    92  parameter.o(i.ParamReset)
    ParamSet                                 0x08001df1   Thumb Code   248  parameter.o(i.ParamSet)
    ParamShow                                0x08001ef5   Thumb Code   240  parameter.o(i.ParamShow)
    ParamWrite                               0x08002141   Thumb Code    48  parameter.o(i.ParamWrite)
    PendSV_Handler                           0x08002179   Thumb Code     2  stm32f10x_it.o(i.PendSV_Handler)
    RCC_APB1PeriphClockCmd                   0x0800217d   Thumb Code    26  stm32f10x_rcc.o(i.RCC_APB1PeriphClockCmd)
    RCC_APB1PeriphResetCmd                   0x0800219d   Thumb Code    26  stm32f10x_rcc.o(i.RCC_APB1PeriphResetCmd)
    RCC_APB2PeriphClockCmd                   0x080021bd   Thumb Code    26  stm32f10x_rcc.o(i.RCC_APB2PeriphClockCmd)
    RCC_APB2PeriphResetCmd                   0x080021dd   Thumb Code    26  stm32f10x_rcc.o(i.RCC_APB2PeriphResetCmd)
    RCC_GetClocksFreq                        0x080021fd   Thumb Code   192  stm32f10x_rcc.o(i.RCC_GetClocksFreq)
    SVC_Handler                              0x080022d1   Thumb Code     2  stm32f10x_it.o(i.SVC_Handler)
    SysTick_CLKSourceConfig                  0x080023bd   Thumb Code    40  misc.o(i.SysTick_CLKSourceConfig)
    SysTick_Handler                          0x080023e5   Thumb Code     2  stm32f10x_it.o(i.SysTick_Handler)
    SystemInit                               0x080023e9   Thumb Code    78  system_stm32f10x.o(i.SystemInit)
    TIM1IntPPM                               0x08002689   Thumb Code   156  pwmin.o(i.TIM1IntPPM)
    TIM1IntPWM                               0x08002731   Thumb Code   248  pwmin.o(i.TIM1IntPWM)
    TIM1_CC_IRQHandler                       0x08002839   Thumb Code    20  pwmin.o(i.TIM1_CC_IRQHandler)
    TIM3_IRQHandler                          0x08002851   Thumb Code    70  main.o(i.TIM3_IRQHandler)
    TIM4_IRQHandler                          0x080028a5   Thumb Code   250  pwmin.o(i.TIM4_IRQHandler)
    TIM_ClearITPendingBit                    0x080029b1   Thumb Code     6  stm32f10x_tim.o(i.TIM_ClearITPendingBit)
    TIM_Cmd                                  0x080029b7   Thumb Code    24  stm32f10x_tim.o(i.TIM_Cmd)
    TIM_GetCapture1                          0x080029cf   Thumb Code     6  stm32f10x_tim.o(i.TIM_GetCapture1)
    TIM_GetCapture2                          0x080029d5   Thumb Code     6  stm32f10x_tim.o(i.TIM_GetCapture2)
    TIM_GetCapture3                          0x080029db   Thumb Code     6  stm32f10x_tim.o(i.TIM_GetCapture3)
    TIM_GetCapture4                          0x080029e1   Thumb Code     8  stm32f10x_tim.o(i.TIM_GetCapture4)
    TIM_GetITStatus                          0x080029e9   Thumb Code    34  stm32f10x_tim.o(i.TIM_GetITStatus)
    TIM_ICInit                               0x08002a0d   Thumb Code   150  stm32f10x_tim.o(i.TIM_ICInit)
    TIM_ITConfig                             0x08002ab9   Thumb Code    18  stm32f10x_tim.o(i.TIM_ITConfig)
    TIM_OC1Init                              0x08002acd   Thumb Code   132  stm32f10x_tim.o(i.TIM_OC1Init)
    TIM_OC1PolarityConfig                    0x08002b65   Thumb Code    18  stm32f10x_tim.o(i.TIM_OC1PolarityConfig)
    TIM_OC1PreloadConfig                     0x08002b77   Thumb Code    18  stm32f10x_tim.o(i.TIM_OC1PreloadConfig)
    TIM_OC2Init                              0x08002b89   Thumb Code   154  stm32f10x_tim.o(i.TIM_OC2Init)
    TIM_OC2PolarityConfig                    0x08002c2d   Thumb Code    26  stm32f10x_tim.o(i.TIM_OC2PolarityConfig)
    TIM_OC2PreloadConfig                     0x08002c47   Thumb Code    26  stm32f10x_tim.o(i.TIM_OC2PreloadConfig)
    TIM_OC3Init                              0x08002c61   Thumb Code   150  stm32f10x_tim.o(i.TIM_OC3Init)
    TIM_OC3PolarityConfig                    0x08002d01   Thumb Code    26  stm32f10x_tim.o(i.TIM_OC3PolarityConfig)
    TIM_OC3PreloadConfig                     0x08002d1b   Thumb Code    18  stm32f10x_tim.o(i.TIM_OC3PreloadConfig)
    TIM_OC4Init                              0x08002d2d   Thumb Code   114  stm32f10x_tim.o(i.TIM_OC4Init)
    TIM_OC4PolarityConfig                    0x08002da9   Thumb Code    26  stm32f10x_tim.o(i.TIM_OC4PolarityConfig)
    TIM_OC4PreloadConfig                     0x08002dc3   Thumb Code    26  stm32f10x_tim.o(i.TIM_OC4PreloadConfig)
    TIM_SetCompare1                          0x08002ddd   Thumb Code     4  stm32f10x_tim.o(i.TIM_SetCompare1)
    TIM_SetCompare2                          0x08002de1   Thumb Code     4  stm32f10x_tim.o(i.TIM_SetCompare2)
    TIM_SetCompare3                          0x08002de5   Thumb Code     4  stm32f10x_tim.o(i.TIM_SetCompare3)
    TIM_SetCompare4                          0x08002de9   Thumb Code     6  stm32f10x_tim.o(i.TIM_SetCompare4)
    TIM_SetIC1Prescaler                      0x08002def   Thumb Code    18  stm32f10x_tim.o(i.TIM_SetIC1Prescaler)
    TIM_SetIC2Prescaler                      0x08002e01   Thumb Code    26  stm32f10x_tim.o(i.TIM_SetIC2Prescaler)
    TIM_SetIC3Prescaler                      0x08002e1b   Thumb Code    18  stm32f10x_tim.o(i.TIM_SetIC3Prescaler)
    TIM_SetIC4Prescaler                      0x08002e2d   Thumb Code    26  stm32f10x_tim.o(i.TIM_SetIC4Prescaler)
    TIM_TimeBaseInit                         0x08002e49   Thumb Code   122  stm32f10x_tim.o(i.TIM_TimeBaseInit)
    USART3_IRQHandler                        0x08002eed   Thumb Code   124  usart.o(i.USART3_IRQHandler)
    USART_ClearITPendingBit                  0x08002f75   Thumb Code    30  stm32f10x_usart.o(i.USART_ClearITPendingBit)
    USART_Cmd                                0x08002f93   Thumb Code    24  stm32f10x_usart.o(i.USART_Cmd)
    USART_DeInit                             0x08002fad   Thumb Code   134  stm32f10x_usart.o(i.USART_DeInit)
    USART_GetITStatus                        0x08003049   Thumb Code    84  stm32f10x_usart.o(i.USART_GetITStatus)
    USART_ITConfig                           0x0800309d   Thumb Code    74  stm32f10x_usart.o(i.USART_ITConfig)
    USART_Init                               0x080030e9   Thumb Code   210  stm32f10x_usart.o(i.USART_Init)
    USART_ReceiveData                        0x080031c1   Thumb Code    10  stm32f10x_usart.o(i.USART_ReceiveData)
    UsageFault_Handler                       0x080031cb   Thumb Code     4  stm32f10x_it.o(i.UsageFault_Handler)
    __ARM_fpclassify                         0x080031cf   Thumb Code    40  fpclassify.o(i.__ARM_fpclassify)
    _sys_exit                                0x080031f7   Thumb Code     4  usart.o(i._sys_exit)
    delay_init                               0x080031fd   Thumb Code    50  delay.o(i.delay_init)
    delay_ms                                 0x08003241   Thumb Code    72  delay.o(i.delay_ms)
    delay_us                                 0x0800328d   Thumb Code    72  delay.o(i.delay_us)
    fputc                                    0x080032d9   Thumb Code    24  usart.o(i.fputc)
    getCap                                   0x080032f5   Thumb Code    70  pwmin.o(i.getCap)
    ledSetOut                                0x08003345   Thumb Code    56  led.o(i.ledSetOut)
    main                                     0x08003395   Thumb Code   590  main.o(i.main)
    paramReadBinary                          0x08003639   Thumb Code    40  parameter.o(i.paramReadBinary)
    paramReadFixed                           0x08003661   Thumb Code    40  parameter.o(i.paramReadFixed)
    printLogo                                0x0800368d   Thumb Code   100  main.o(i.printLogo)
    pwmInitPPMMode                           0x08003a91   Thumb Code   206  pwmin.o(i.pwmInitPPMMode)
    pwmInitPwmMode                           0x08003b71   Thumb Code   380  pwmin.o(i.pwmInitPwmMode)
    readHalfWord                             0x08003d05   Thumb Code     6  parameter.o(i.readHalfWord)
    setPolarity                              0x08003d0d   Thumb Code    84  pwmin.o(i.setPolarity)
    uart_init                                0x08003d69   Thumb Code   172  usart.o(i.uart_init)
    updateGlideLock                          0x08003e1d   Thumb Code   170  glidelock.o(i.updateGlideLock)
    updateRollTest                           0x08003edd   Thumb Code   234  glidelock.o(i.updateRollTest)
    _get_lc_numeric                          0x08003fdd   Thumb Code    44  lc_numeric_c.o(locale$$code)
    __fpl_dcmp_Inf                           0x08004009   Thumb Code    24  dcmpi.o(x$fpl$dcmpinf)
    __aeabi_cdcmple                          0x08004021   Thumb Code     0  dleqf.o(x$fpl$dleqf)
    _dcmple                                  0x08004021   Thumb Code   120  dleqf.o(x$fpl$dleqf)
    __fpl_dcmple_InfNaN                      0x08004083   Thumb Code     0  dleqf.o(x$fpl$dleqf)
    __fpl_dnaninf                            0x08004099   Thumb Code   156  dnaninf.o(x$fpl$dnaninf)
    __fpl_dretinf                            0x08004135   Thumb Code    12  dretinf.o(x$fpl$dretinf)
    __aeabi_cdrcmple                         0x08004141   Thumb Code     0  drleqf.o(x$fpl$drleqf)
    _drcmple                                 0x08004141   Thumb Code   108  drleqf.o(x$fpl$drleqf)
    __aeabi_f2d                              0x080041ad   Thumb Code     0  f2d.o(x$fpl$f2d)
    _f2d                                     0x080041ad   Thumb Code    86  f2d.o(x$fpl$f2d)
    __aeabi_fadd                             0x08004205   Thumb Code     0  faddsub_clz.o(x$fpl$fadd)
    _fadd                                    0x08004205   Thumb Code   196  faddsub_clz.o(x$fpl$fadd)
    __fpl_fcmp_Inf                           0x080042c9   Thumb Code    24  fcmpi.o(x$fpl$fcmpinf)
    __aeabi_fdiv                             0x080042e1   Thumb Code     0  fdiv.o(x$fpl$fdiv)
    _fdiv                                    0x080042e1   Thumb Code   384  fdiv.o(x$fpl$fdiv)
    __aeabi_f2iz                             0x08004465   Thumb Code     0  ffix.o(x$fpl$ffix)
    _ffix                                    0x08004465   Thumb Code    54  ffix.o(x$fpl$ffix)
    __aeabi_f2uiz                            0x0800449d   Thumb Code     0  ffixu.o(x$fpl$ffixu)
    _ffixu                                   0x0800449d   Thumb Code    62  ffixu.o(x$fpl$ffixu)
    __aeabi_i2f                              0x080044dd   Thumb Code     0  fflt_clz.o(x$fpl$fflt)
    _fflt                                    0x080044dd   Thumb Code    48  fflt_clz.o(x$fpl$fflt)
    __aeabi_ui2f                             0x0800450d   Thumb Code     0  fflt_clz.o(x$fpl$ffltu)
    _ffltu                                   0x0800450d   Thumb Code    38  fflt_clz.o(x$fpl$ffltu)
    __aeabi_cfcmple                          0x08004535   Thumb Code     0  fleqf.o(x$fpl$fleqf)
    _fcmple                                  0x08004535   Thumb Code   104  fleqf.o(x$fpl$fleqf)
    __fpl_fcmple_InfNaN                      0x08004587   Thumb Code     0  fleqf.o(x$fpl$fleqf)
    __aeabi_fmul                             0x0800459d   Thumb Code     0  fmul.o(x$fpl$fmul)
    _fmul                                    0x0800459d   Thumb Code   258  fmul.o(x$fpl$fmul)
    __fpl_fnaninf                            0x0800469f   Thumb Code   140  fnaninf.o(x$fpl$fnaninf)
    __fpl_fretinf                            0x0800472b   Thumb Code    10  fretinf.o(x$fpl$fretinf)
    __aeabi_fsub                             0x08004735   Thumb Code     0  faddsub_clz.o(x$fpl$fsub)
    _fsub                                    0x08004735   Thumb Code   234  faddsub_clz.o(x$fpl$fsub)
    _printf_fp_dec                           0x0800481f   Thumb Code     4  printf1.o(x$fpl$printf1)
    __I$use$fp                               0x08004822   Number         0  usenofp.o(x$fpl$usenofp)
    Region$$Table$$Base                      0x080048b8   Number         0  anon$$obj.o(Region$$Table)
    Region$$Table$$Limit                     0x080048d8   Number         0  anon$$obj.o(Region$$Table)
    tick                                     0x20000000   Data           8  main.o(.data)
    cpucnt                                   0x20000008   Data           2  main.o(.data)
    mainWorkRate                             0x2000000a   Data           2  main.o(.data)
    state                                    0x2000000c   Data           1  main.o(.data)
    subState                                 0x2000000d   Data           1  main.o(.data)
    keyState                                 0x2000000e   Data           1  main.o(.data)
    ledInterval                              0x20000010   Data           2  main.o(.data)
    ledFlash                                 0x20000012   Data           1  main.o(.data)
    caliCnt                                  0x20000013   Data           1  main.o(.data)
    caliNext                                 0x20000014   Data           1  main.o(.data)
    armed                                    0x20000015   Data           1  main.o(.data)
    dir                                      0x20000016   Data           1  main.o(.data)
    position                                 0x20000017   Data           1  main.o(.data)
    SystemCoreClock                          0x20000018   Data           4  system_stm32f10x.o(.data)
    AHBPrescTable                            0x2000001c   Data          16  system_stm32f10x.o(.data)
    _led_state                               0x20000040   Data           1  led.o(.data)
    _led_r                                   0x20000041   Data           1  led.o(.data)
    _led_g                                   0x20000042   Data           1  led.o(.data)
    _led_b                                   0x20000043   Data           1  led.o(.data)
    pwmin_rev                                0x20000044   Data           8  pwmin.o(.data)
    glstate                                  0x2000004c   Data           1  glidelock.o(.data)
    rollstate                                0x2000004d   Data           1  glidelock.o(.data)
    rollpos1                                 0x20000050   Data           4  glidelock.o(.data)
    rollpos2                                 0x20000054   Data           4  glidelock.o(.data)
    __stdout                                 0x2000005c   Data           4  usart.o(.data)
    USART_RX_STA                             0x20000060   Data           2  usart.o(.data)
    params                                   0x20000064   Data          72  parameter.o(.bss)
    pwmState                                 0x200000ac   Data          96  pwmin.o(.bss)
    ppmState                                 0x2000010c   Data          16  pwmin.o(.bss)
    pwmValues                                0x2000011c   Data          32  pwmin.o(.bss)
    pwmParams                                0x2000013c   Data          20  pwmin.o(.bss)
    GLState                                  0x20000150   Data          44  glidelock.o(.bss)
    USART_RX_BUF                             0x2000017c   Data         200  usart.o(.bss)
    __libspace_start                         0x20000244   Data          96  libspace.o(.bss)
    __temporary_stack_top$libspace           0x200002a4   Data           0  libspace.o(.bss)



==============================================================================

Memory Map of the image

  Image Entry point : 0x080000ed

  Load Region LR_IROM1 (Base: 0x08000000, Size: 0x00004958, Max: 0x00010000, ABSOLUTE)

    Execution Region ER_IROM1 (Exec base: 0x08000000, Load base: 0x08000000, Size: 0x000048f4, Max: 0x00010000, ABSOLUTE)

    Exec Addr    Load Addr    Size         Type   Attr      Idx    E Section Name        Object

    0x08000000   0x08000000   0x000000ec   Data   RO          281    RESET               startup_stm32f10x_md.o
    0x080000ec   0x080000ec   0x00000008   Code   RO         4147  * !!!main             c_w.l(__main.o)
    0x080000f4   0x080000f4   0x00000034   Code   RO         4425    !!!scatter          c_w.l(__scatter.o)
    0x08000128   0x08000128   0x0000001a   Code   RO         4427    !!handler_copy      c_w.l(__scatter_copy.o)
    0x08000142   0x08000142   0x00000002   PAD
    0x08000144   0x08000144   0x0000001c   Code   RO         4429    !!handler_zi        c_w.l(__scatter_zi.o)
    0x08000160   0x08000160   0x00000000   Code   RO         4144    .ARM.Collect$$_printf_percent$$00000000  c_w.l(_printf_percent.o)
    0x08000160   0x08000160   0x00000006   Code   RO         4143    .ARM.Collect$$_printf_percent$$00000003  c_w.l(_printf_f.o)
    0x08000166   0x08000166   0x00000006   Code   RO         4142    .ARM.Collect$$_printf_percent$$00000009  c_w.l(_printf_d.o)
    0x0800016c   0x0800016c   0x00000004   Code   RO         4210    .ARM.Collect$$_printf_percent$$00000017  c_w.l(_printf_percent_end.o)
    0x08000170   0x08000170   0x00000002   Code   RO         4302    .ARM.Collect$$libinit$$00000000  c_w.l(libinit.o)
    0x08000172   0x08000172   0x00000000   Code   RO         4304    .ARM.Collect$$libinit$$00000002  c_w.l(libinit2.o)
    0x08000172   0x08000172   0x00000000   Code   RO         4306    .ARM.Collect$$libinit$$00000004  c_w.l(libinit2.o)
    0x08000172   0x08000172   0x00000000   Code   RO         4309    .ARM.Collect$$libinit$$0000000A  c_w.l(libinit2.o)
    0x08000172   0x08000172   0x00000000   Code   RO         4311    .ARM.Collect$$libinit$$0000000C  c_w.l(libinit2.o)
    0x08000172   0x08000172   0x00000000   Code   RO         4313    .ARM.Collect$$libinit$$0000000E  c_w.l(libinit2.o)
    0x08000172   0x08000172   0x00000006   Code   RO         4314    .ARM.Collect$$libinit$$0000000F  c_w.l(libinit2.o)
    0x08000178   0x08000178   0x00000000   Code   RO         4316    .ARM.Collect$$libinit$$00000011  c_w.l(libinit2.o)
    0x08000178   0x08000178   0x00000000   Code   RO         4318    .ARM.Collect$$libinit$$00000013  c_w.l(libinit2.o)
    0x08000178   0x08000178   0x00000000   Code   RO         4320    .ARM.Collect$$libinit$$00000015  c_w.l(libinit2.o)
    0x08000178   0x08000178   0x0000000a   Code   RO         4321    .ARM.Collect$$libinit$$00000016  c_w.l(libinit2.o)
    0x08000182   0x08000182   0x00000000   Code   RO         4322    .ARM.Collect$$libinit$$00000017  c_w.l(libinit2.o)
    0x08000182   0x08000182   0x00000000   Code   RO         4324    .ARM.Collect$$libinit$$00000019  c_w.l(libinit2.o)
    0x08000182   0x08000182   0x00000000   Code   RO         4326    .ARM.Collect$$libinit$$0000001B  c_w.l(libinit2.o)
    0x08000182   0x08000182   0x00000000   Code   RO         4328    .ARM.Collect$$libinit$$0000001D  c_w.l(libinit2.o)
    0x08000182   0x08000182   0x00000000   Code   RO         4330    .ARM.Collect$$libinit$$0000001F  c_w.l(libinit2.o)
    0x08000182   0x08000182   0x00000000   Code   RO         4332    .ARM.Collect$$libinit$$00000021  c_w.l(libinit2.o)
    0x08000182   0x08000182   0x00000000   Code   RO         4334    .ARM.Collect$$libinit$$00000023  c_w.l(libinit2.o)
    0x08000182   0x08000182   0x00000000   Code   RO         4336    .ARM.Collect$$libinit$$00000025  c_w.l(libinit2.o)
    0x08000182   0x08000182   0x00000000   Code   RO         4340    .ARM.Collect$$libinit$$0000002C  c_w.l(libinit2.o)
    0x08000182   0x08000182   0x00000000   Code   RO         4342    .ARM.Collect$$libinit$$0000002E  c_w.l(libinit2.o)
    0x08000182   0x08000182   0x00000000   Code   RO         4344    .ARM.Collect$$libinit$$00000030  c_w.l(libinit2.o)
    0x08000182   0x08000182   0x00000000   Code   RO         4346    .ARM.Collect$$libinit$$00000032  c_w.l(libinit2.o)
    0x08000182   0x08000182   0x00000002   Code   RO         4347    .ARM.Collect$$libinit$$00000033  c_w.l(libinit2.o)
    0x08000184   0x08000184   0x00000002   Code   RO         4375    .ARM.Collect$$libshutdown$$00000000  c_w.l(libshutdown.o)
    0x08000186   0x08000186   0x00000000   Code   RO         4384    .ARM.Collect$$libshutdown$$00000002  c_w.l(libshutdown2.o)
    0x08000186   0x08000186   0x00000000   Code   RO         4386    .ARM.Collect$$libshutdown$$00000004  c_w.l(libshutdown2.o)
    0x08000186   0x08000186   0x00000000   Code   RO         4389    .ARM.Collect$$libshutdown$$00000007  c_w.l(libshutdown2.o)
    0x08000186   0x08000186   0x00000000   Code   RO         4392    .ARM.Collect$$libshutdown$$0000000A  c_w.l(libshutdown2.o)
    0x08000186   0x08000186   0x00000000   Code   RO         4394    .ARM.Collect$$libshutdown$$0000000C  c_w.l(libshutdown2.o)
    0x08000186   0x08000186   0x00000000   Code   RO         4397    .ARM.Collect$$libshutdown$$0000000F  c_w.l(libshutdown2.o)
    0x08000186   0x08000186   0x00000002   Code   RO         4398    .ARM.Collect$$libshutdown$$00000010  c_w.l(libshutdown2.o)
    0x08000188   0x08000188   0x00000000   Code   RO         4203    .ARM.Collect$$rtentry$$00000000  c_w.l(__rtentry.o)
    0x08000188   0x08000188   0x00000000   Code   RO         4225    .ARM.Collect$$rtentry$$00000002  c_w.l(__rtentry2.o)
    0x08000188   0x08000188   0x00000006   Code   RO         4237    .ARM.Collect$$rtentry$$00000004  c_w.l(__rtentry4.o)
    0x0800018e   0x0800018e   0x00000000   Code   RO         4227    .ARM.Collect$$rtentry$$00000009  c_w.l(__rtentry2.o)
    0x0800018e   0x0800018e   0x00000004   Code   RO         4228    .ARM.Collect$$rtentry$$0000000A  c_w.l(__rtentry2.o)
    0x08000192   0x08000192   0x00000000   Code   RO         4230    .ARM.Collect$$rtentry$$0000000C  c_w.l(__rtentry2.o)
    0x08000192   0x08000192   0x00000008   Code   RO         4231    .ARM.Collect$$rtentry$$0000000D  c_w.l(__rtentry2.o)
    0x0800019a   0x0800019a   0x00000002   Code   RO         4348    .ARM.Collect$$rtexit$$00000000  c_w.l(rtexit.o)
    0x0800019c   0x0800019c   0x00000000   Code   RO         4355    .ARM.Collect$$rtexit$$00000002  c_w.l(rtexit2.o)
    0x0800019c   0x0800019c   0x00000004   Code   RO         4356    .ARM.Collect$$rtexit$$00000003  c_w.l(rtexit2.o)
    0x080001a0   0x080001a0   0x00000006   Code   RO         4357    .ARM.Collect$$rtexit$$00000004  c_w.l(rtexit2.o)
    0x080001a6   0x080001a6   0x00000002   PAD
    0x080001a8   0x080001a8   0x00000040   Code   RO          282    .text               startup_stm32f10x_md.o
    0x080001e8   0x080001e8   0x00000002   Code   RO         4112    .text               c_w.l(use_no_semi_2.o)
    0x080001ea   0x080001ea   0x00000002   PAD
    0x080001ec   0x080001ec   0x00000018   Code   RO         4116    .text               c_w.l(noretval__2printf.o)
    0x08000204   0x08000204   0x00000068   Code   RO         4118    .text               c_w.l(__printf.o)
    0x0800026c   0x0800026c   0x00000078   Code   RO         4120    .text               c_w.l(_printf_dec.o)
    0x080002e4   0x080002e4   0x00000006   Code   RO         4145    .text               c_w.l(heapauxi.o)
    0x080002ea   0x080002ea   0x00000002   Code   RO         4201    .text               c_w.l(use_no_semi.o)
    0x080002ec   0x080002ec   0x000000b2   Code   RO         4204    .text               c_w.l(_printf_intcommon.o)
    0x0800039e   0x0800039e   0x0000041e   Code   RO         4206    .text               c_w.l(_printf_fp_dec.o)
    0x080007bc   0x080007bc   0x00000024   Code   RO         4208    .text               c_w.l(_printf_char_file.o)
    0x080007e0   0x080007e0   0x00000008   Code   RO         4242    .text               c_w.l(rt_locale_intlibspace.o)
    0x080007e8   0x080007e8   0x0000008a   Code   RO         4244    .text               c_w.l(lludiv10.o)
    0x08000872   0x08000872   0x00000002   PAD
    0x08000874   0x08000874   0x00000030   Code   RO         4246    .text               c_w.l(_printf_char_common.o)
    0x080008a4   0x080008a4   0x00000080   Code   RO         4248    .text               c_w.l(_printf_fp_infnan.o)
    0x08000924   0x08000924   0x000000e4   Code   RO         4250    .text               c_w.l(bigflt0.o)
    0x08000a08   0x08000a08   0x00000008   Code   RO         4275    .text               c_w.l(ferror.o)
    0x08000a10   0x08000a10   0x00000008   Code   RO         4286    .text               c_w.l(libspace.o)
    0x08000a18   0x08000a18   0x0000004a   Code   RO         4289    .text               c_w.l(sys_stackheap_outer.o)
    0x08000a62   0x08000a62   0x00000012   Code   RO         4293    .text               c_w.l(exit.o)
    0x08000a74   0x08000a74   0x00000080   Code   RO         4295    .text               c_w.l(strcmpv7m.o)
    0x08000af4   0x08000af4   0x0000003e   Code   RO         4253    CL$$btod_d2e        c_w.l(btod.o)
    0x08000b32   0x08000b32   0x00000046   Code   RO         4255    CL$$btod_d2e_denorm_low  c_w.l(btod.o)
    0x08000b78   0x08000b78   0x00000060   Code   RO         4254    CL$$btod_d2e_norm_op1  c_w.l(btod.o)
    0x08000bd8   0x08000bd8   0x00000338   Code   RO         4263    CL$$btod_div_common  c_w.l(btod.o)
    0x08000f10   0x08000f10   0x000000dc   Code   RO         4260    CL$$btod_e2e        c_w.l(btod.o)
    0x08000fec   0x08000fec   0x0000002a   Code   RO         4257    CL$$btod_ediv       c_w.l(btod.o)
    0x08001016   0x08001016   0x0000002a   Code   RO         4256    CL$$btod_emul       c_w.l(btod.o)
    0x08001040   0x08001040   0x00000244   Code   RO         4262    CL$$btod_mult_common  c_w.l(btod.o)
    0x08001284   0x08001284   0x00000198   Code   RO            1    i.AnalyzePkg        main.o
    0x0800141c   0x0800141c   0x00000004   Code   RO          171    i.BusFault_Handler  stm32f10x_it.o
    0x08001420   0x08001420   0x00000002   Code   RO          172    i.DebugMon_Handler  stm32f10x_it.o
    0x08001422   0x08001422   0x00000002   PAD
    0x08001424   0x08001424   0x00000058   Code   RO         3984    i.EXTI15_10_IRQHandler  glidelock.o
    0x0800147c   0x0800147c   0x0000000c   Code   RO         1110    i.EXTI_ClearITPendingBit  stm32f10x_exti.o
    0x08001488   0x08001488   0x00000028   Code   RO         1114    i.EXTI_GetITStatus  stm32f10x_exti.o
    0x080014b0   0x080014b0   0x00000094   Code   RO         1115    i.EXTI_Init         stm32f10x_exti.o
    0x08001544   0x08001544   0x0000004c   Code   RO         1168    i.FLASH_ErasePage   stm32f10x_flash.o
    0x08001590   0x08001590   0x00000034   Code   RO         1169    i.FLASH_GetBank1Status  stm32f10x_flash.o
    0x080015c4   0x080015c4   0x00000014   Code   RO         1178    i.FLASH_Lock        stm32f10x_flash.o
    0x080015d8   0x080015d8   0x00000040   Code   RO         1181    i.FLASH_ProgramHalfWord  stm32f10x_flash.o
    0x08001618   0x08001618   0x00000018   Code   RO         1186    i.FLASH_Unlock      stm32f10x_flash.o
    0x08001630   0x08001630   0x00000026   Code   RO         1190    i.FLASH_WaitForLastOperation  stm32f10x_flash.o
    0x08001656   0x08001656   0x00000002   PAD
    0x08001658   0x08001658   0x000000d4   Code   RO         3985    i.GLInit            glidelock.o
    0x0800172c   0x0800172c   0x000000dc   Code   RO         3986    i.GLUpdate          glidelock.o
    0x08001808   0x08001808   0x00000040   Code   RO         1460    i.GPIO_EXTILineConfig  stm32f10x_gpio.o
    0x08001848   0x08001848   0x00000116   Code   RO         1463    i.GPIO_Init         stm32f10x_gpio.o
    0x0800195e   0x0800195e   0x00000004   Code   RO          173    i.HardFault_Handler  stm32f10x_it.o
    0x08001962   0x08001962   0x00000002   PAD
    0x08001964   0x08001964   0x0000002c   Code   RO         3509    i.KeyInit           key.o
    0x08001990   0x08001990   0x00000020   Code   RO         3510    i.KeyRead           key.o
    0x080019b0   0x080019b0   0x00000064   Code   RO         3393    i.LEDFlash          led.o
    0x08001a14   0x08001a14   0x00000018   Code   RO         3394    i.LEDFlip           led.o
    0x08001a2c   0x08001a2c   0x00000054   Code   RO         3395    i.LEDInit           led.o
    0x08001a80   0x08001a80   0x00000020   Code   RO         3396    i.LEDSet            led.o
    0x08001aa0   0x08001aa0   0x00000024   Code   RO         3397    i.LEDSetRGB         led.o
    0x08001ac4   0x08001ac4   0x00000060   Code   RO         3381    i.MainClockInit     timer.o
    0x08001b24   0x08001b24   0x00000004   Code   RO          174    i.MemManage_Handler  stm32f10x_it.o
    0x08001b28   0x08001b28   0x00000002   Code   RO          175    i.NMI_Handler       stm32f10x_it.o
    0x08001b2a   0x08001b2a   0x0000000c   Code   RO         4057    i.NVIC_Configuration  sys.o
    0x08001b36   0x08001b36   0x00000002   PAD
    0x08001b38   0x08001b38   0x00000070   Code   RO          286    i.NVIC_Init         misc.o
    0x08001ba8   0x08001ba8   0x00000014   Code   RO          287    i.NVIC_PriorityGroupConfig  misc.o
    0x08001bbc   0x08001bbc   0x00000044   Code   RO         3438    i.PWMInInit         pwmin.o
    0x08001c00   0x08001c00   0x000000dc   Code   RO         3343    i.PWMInit           pwm.o
    0x08001cdc   0x08001cdc   0x00000032   Code   RO         3344    i.PWMLock           pwm.o
    0x08001d0e   0x08001d0e   0x0000004a   Code   RO         3346    i.PWMSetVal         pwm.o
    0x08001d58   0x08001d58   0x0000002c   Code   RO         3279    i.ParamRead         parameter.o
    0x08001d84   0x08001d84   0x0000006c   Code   RO         3280    i.ParamReset        parameter.o
    0x08001df0   0x08001df0   0x00000104   Code   RO         3281    i.ParamSet          parameter.o
    0x08001ef4   0x08001ef4   0x0000024c   Code   RO         3282    i.ParamShow         parameter.o
    0x08002140   0x08002140   0x00000038   Code   RO         3283    i.ParamWrite        parameter.o
    0x08002178   0x08002178   0x00000002   Code   RO          176    i.PendSV_Handler    stm32f10x_it.o
    0x0800217a   0x0800217a   0x00000002   PAD
    0x0800217c   0x0800217c   0x00000020   Code   RO         1879    i.RCC_APB1PeriphClockCmd  stm32f10x_rcc.o
    0x0800219c   0x0800219c   0x00000020   Code   RO         1880    i.RCC_APB1PeriphResetCmd  stm32f10x_rcc.o
    0x080021bc   0x080021bc   0x00000020   Code   RO         1881    i.RCC_APB2PeriphClockCmd  stm32f10x_rcc.o
    0x080021dc   0x080021dc   0x00000020   Code   RO         1882    i.RCC_APB2PeriphResetCmd  stm32f10x_rcc.o
    0x080021fc   0x080021fc   0x000000d4   Code   RO         1889    i.RCC_GetClocksFreq  stm32f10x_rcc.o
    0x080022d0   0x080022d0   0x00000002   Code   RO          177    i.SVC_Handler       stm32f10x_it.o
    0x080022d2   0x080022d2   0x00000008   Code   RO          234    i.SetSysClock       system_stm32f10x.o
    0x080022da   0x080022da   0x00000002   PAD
    0x080022dc   0x080022dc   0x000000e0   Code   RO          235    i.SetSysClockTo72   system_stm32f10x.o
    0x080023bc   0x080023bc   0x00000028   Code   RO          290    i.SysTick_CLKSourceConfig  misc.o
    0x080023e4   0x080023e4   0x00000002   Code   RO          178    i.SysTick_Handler   stm32f10x_it.o
    0x080023e6   0x080023e6   0x00000002   PAD
    0x080023e8   0x080023e8   0x00000060   Code   RO          237    i.SystemInit        system_stm32f10x.o
    0x08002448   0x08002448   0x00000080   Code   RO         2497    i.TI1_Config        stm32f10x_tim.o
    0x080024c8   0x080024c8   0x00000098   Code   RO         2498    i.TI2_Config        stm32f10x_tim.o
    0x08002560   0x08002560   0x00000090   Code   RO         2499    i.TI3_Config        stm32f10x_tim.o
    0x080025f0   0x080025f0   0x00000098   Code   RO         2500    i.TI4_Config        stm32f10x_tim.o
    0x08002688   0x08002688   0x000000a8   Code   RO         3439    i.TIM1IntPPM        pwmin.o
    0x08002730   0x08002730   0x00000108   Code   RO         3440    i.TIM1IntPWM        pwmin.o
    0x08002838   0x08002838   0x00000018   Code   RO         3441    i.TIM1_CC_IRQHandler  pwmin.o
    0x08002850   0x08002850   0x00000054   Code   RO            3    i.TIM3_IRQHandler   main.o
    0x080028a4   0x080028a4   0x0000010c   Code   RO         3442    i.TIM4_IRQHandler   pwmin.o
    0x080029b0   0x080029b0   0x00000006   Code   RO         2508    i.TIM_ClearITPendingBit  stm32f10x_tim.o
    0x080029b6   0x080029b6   0x00000018   Code   RO         2513    i.TIM_Cmd           stm32f10x_tim.o
    0x080029ce   0x080029ce   0x00000006   Code   RO         2528    i.TIM_GetCapture1   stm32f10x_tim.o
    0x080029d4   0x080029d4   0x00000006   Code   RO         2529    i.TIM_GetCapture2   stm32f10x_tim.o
    0x080029da   0x080029da   0x00000006   Code   RO         2530    i.TIM_GetCapture3   stm32f10x_tim.o
    0x080029e0   0x080029e0   0x00000008   Code   RO         2531    i.TIM_GetCapture4   stm32f10x_tim.o
    0x080029e8   0x080029e8   0x00000022   Code   RO         2534    i.TIM_GetITStatus   stm32f10x_tim.o
    0x08002a0a   0x08002a0a   0x00000002   PAD
    0x08002a0c   0x08002a0c   0x000000ac   Code   RO         2536    i.TIM_ICInit        stm32f10x_tim.o
    0x08002ab8   0x08002ab8   0x00000012   Code   RO         2538    i.TIM_ITConfig      stm32f10x_tim.o
    0x08002aca   0x08002aca   0x00000002   PAD
    0x08002acc   0x08002acc   0x00000098   Code   RO         2542    i.TIM_OC1Init       stm32f10x_tim.o
    0x08002b64   0x08002b64   0x00000012   Code   RO         2544    i.TIM_OC1PolarityConfig  stm32f10x_tim.o
    0x08002b76   0x08002b76   0x00000012   Code   RO         2545    i.TIM_OC1PreloadConfig  stm32f10x_tim.o
    0x08002b88   0x08002b88   0x000000a4   Code   RO         2547    i.TIM_OC2Init       stm32f10x_tim.o
    0x08002c2c   0x08002c2c   0x0000001a   Code   RO         2549    i.TIM_OC2PolarityConfig  stm32f10x_tim.o
    0x08002c46   0x08002c46   0x0000001a   Code   RO         2550    i.TIM_OC2PreloadConfig  stm32f10x_tim.o
    0x08002c60   0x08002c60   0x000000a0   Code   RO         2552    i.TIM_OC3Init       stm32f10x_tim.o
    0x08002d00   0x08002d00   0x0000001a   Code   RO         2554    i.TIM_OC3PolarityConfig  stm32f10x_tim.o
    0x08002d1a   0x08002d1a   0x00000012   Code   RO         2555    i.TIM_OC3PreloadConfig  stm32f10x_tim.o
    0x08002d2c   0x08002d2c   0x0000007c   Code   RO         2557    i.TIM_OC4Init       stm32f10x_tim.o
    0x08002da8   0x08002da8   0x0000001a   Code   RO         2558    i.TIM_OC4PolarityConfig  stm32f10x_tim.o
    0x08002dc2   0x08002dc2   0x0000001a   Code   RO         2559    i.TIM_OC4PreloadConfig  stm32f10x_tim.o
    0x08002ddc   0x08002ddc   0x00000004   Code   RO         2574    i.TIM_SetCompare1   stm32f10x_tim.o
    0x08002de0   0x08002de0   0x00000004   Code   RO         2575    i.TIM_SetCompare2   stm32f10x_tim.o
    0x08002de4   0x08002de4   0x00000004   Code   RO         2576    i.TIM_SetCompare3   stm32f10x_tim.o
    0x08002de8   0x08002de8   0x00000006   Code   RO         2577    i.TIM_SetCompare4   stm32f10x_tim.o
    0x08002dee   0x08002dee   0x00000012   Code   RO         2579    i.TIM_SetIC1Prescaler  stm32f10x_tim.o
    0x08002e00   0x08002e00   0x0000001a   Code   RO         2580    i.TIM_SetIC2Prescaler  stm32f10x_tim.o
    0x08002e1a   0x08002e1a   0x00000012   Code   RO         2581    i.TIM_SetIC3Prescaler  stm32f10x_tim.o
    0x08002e2c   0x08002e2c   0x0000001a   Code   RO         2582    i.TIM_SetIC4Prescaler  stm32f10x_tim.o
    0x08002e46   0x08002e46   0x00000002   PAD
    0x08002e48   0x08002e48   0x000000a4   Code   RO         2584    i.TIM_TimeBaseInit  stm32f10x_tim.o
    0x08002eec   0x08002eec   0x00000088   Code   RO         4069    i.USART3_IRQHandler  usart.o
    0x08002f74   0x08002f74   0x0000001e   Code   RO         3046    i.USART_ClearITPendingBit  stm32f10x_usart.o
    0x08002f92   0x08002f92   0x00000018   Code   RO         3049    i.USART_Cmd         stm32f10x_usart.o
    0x08002faa   0x08002faa   0x00000002   PAD
    0x08002fac   0x08002fac   0x0000009c   Code   RO         3051    i.USART_DeInit      stm32f10x_usart.o
    0x08003048   0x08003048   0x00000054   Code   RO         3053    i.USART_GetITStatus  stm32f10x_usart.o
    0x0800309c   0x0800309c   0x0000004a   Code   RO         3055    i.USART_ITConfig    stm32f10x_usart.o
    0x080030e6   0x080030e6   0x00000002   PAD
    0x080030e8   0x080030e8   0x000000d8   Code   RO         3056    i.USART_Init        stm32f10x_usart.o
    0x080031c0   0x080031c0   0x0000000a   Code   RO         3063    i.USART_ReceiveData  stm32f10x_usart.o
    0x080031ca   0x080031ca   0x00000004   Code   RO          179    i.UsageFault_Handler  stm32f10x_it.o
    0x080031ce   0x080031ce   0x00000028   Code   RO         4284    i.__ARM_fpclassify  m_ws.l(fpclassify.o)
    0x080031f6   0x080031f6   0x00000004   Code   RO         4070    i._sys_exit         usart.o
    0x080031fa   0x080031fa   0x00000002   PAD
    0x080031fc   0x080031fc   0x00000044   Code   RO         4031    i.delay_init        delay.o
    0x08003240   0x08003240   0x0000004c   Code   RO         4032    i.delay_ms          delay.o
    0x0800328c   0x0800328c   0x0000004c   Code   RO         4033    i.delay_us          delay.o
    0x080032d8   0x080032d8   0x0000001c   Code   RO         4071    i.fputc             usart.o
    0x080032f4   0x080032f4   0x00000050   Code   RO         3443    i.getCap            pwmin.o
    0x08003344   0x08003344   0x00000050   Code   RO         3398    i.ledSetOut         led.o
    0x08003394   0x08003394   0x000002a4   Code   RO            4    i.main              main.o
    0x08003638   0x08003638   0x00000028   Code   RO         3284    i.paramReadBinary   parameter.o
    0x08003660   0x08003660   0x0000002c   Code   RO         3285    i.paramReadFixed    parameter.o
    0x0800368c   0x0800368c   0x00000404   Code   RO            5    i.printLogo         main.o
    0x08003a90   0x08003a90   0x000000e0   Code   RO         3444    i.pwmInitPPMMode    pwmin.o
    0x08003b70   0x08003b70   0x00000194   Code   RO         3445    i.pwmInitPwmMode    pwmin.o
    0x08003d04   0x08003d04   0x00000006   Code   RO         3286    i.readHalfWord      parameter.o
    0x08003d0a   0x08003d0a   0x00000002   PAD
    0x08003d0c   0x08003d0c   0x0000005c   Code   RO         3446    i.setPolarity       pwmin.o
    0x08003d68   0x08003d68   0x000000b4   Code   RO         4072    i.uart_init         usart.o
    0x08003e1c   0x08003e1c   0x000000c0   Code   RO         3987    i.updateGlideLock   glidelock.o
    0x08003edc   0x08003edc   0x00000100   Code   RO         3988    i.updateRollTest    glidelock.o
    0x08003fdc   0x08003fdc   0x0000002c   Code   RO         4280    locale$$code        c_w.l(lc_numeric_c.o)
    0x08004008   0x08004008   0x00000018   Code   RO         4211    x$fpl$dcmpinf       fz_ws.l(dcmpi.o)
    0x08004020   0x08004020   0x00000078   Code   RO         4161    x$fpl$dleqf         fz_ws.l(dleqf.o)
    0x08004098   0x08004098   0x0000009c   Code   RO         4213    x$fpl$dnaninf       fz_ws.l(dnaninf.o)
    0x08004134   0x08004134   0x0000000c   Code   RO         4215    x$fpl$dretinf       fz_ws.l(dretinf.o)
    0x08004140   0x08004140   0x0000006c   Code   RO         4165    x$fpl$drleqf        fz_ws.l(drleqf.o)
    0x080041ac   0x080041ac   0x00000056   Code   RO         4167    x$fpl$f2d           fz_ws.l(f2d.o)
    0x08004202   0x08004202   0x00000002   PAD
    0x08004204   0x08004204   0x000000c4   Code   RO         4169    x$fpl$fadd          fz_ws.l(faddsub_clz.o)
    0x080042c8   0x080042c8   0x00000018   Code   RO         4217    x$fpl$fcmpinf       fz_ws.l(fcmpi.o)
    0x080042e0   0x080042e0   0x00000184   Code   RO         4176    x$fpl$fdiv          fz_ws.l(fdiv.o)
    0x08004464   0x08004464   0x00000036   Code   RO         4179    x$fpl$ffix          fz_ws.l(ffix.o)
    0x0800449a   0x0800449a   0x00000002   PAD
    0x0800449c   0x0800449c   0x0000003e   Code   RO         4183    x$fpl$ffixu         fz_ws.l(ffixu.o)
    0x080044da   0x080044da   0x00000002   PAD
    0x080044dc   0x080044dc   0x00000030   Code   RO         4188    x$fpl$fflt          fz_ws.l(fflt_clz.o)
    0x0800450c   0x0800450c   0x00000026   Code   RO         4187    x$fpl$ffltu         fz_ws.l(fflt_clz.o)
    0x08004532   0x08004532   0x00000002   PAD
    0x08004534   0x08004534   0x00000068   Code   RO         4193    x$fpl$fleqf         fz_ws.l(fleqf.o)
    0x0800459c   0x0800459c   0x00000102   Code   RO         4195    x$fpl$fmul          fz_ws.l(fmul.o)
    0x0800469e   0x0800469e   0x0000008c   Code   RO         4219    x$fpl$fnaninf       fz_ws.l(fnaninf.o)
    0x0800472a   0x0800472a   0x0000000a   Code   RO         4221    x$fpl$fretinf       fz_ws.l(fretinf.o)
    0x08004734   0x08004734   0x000000ea   Code   RO         4171    x$fpl$fsub          fz_ws.l(faddsub_clz.o)
    0x0800481e   0x0800481e   0x00000004   Code   RO         4199    x$fpl$printf1       fz_ws.l(printf1.o)
    0x08004822   0x08004822   0x00000000   Code   RO         4223    x$fpl$usenofp       fz_ws.l(usenofp.o)
    0x08004822   0x08004822   0x00000002   PAD
    0x08004824   0x08004824   0x00000094   Data   RO         4251    .constdata          c_w.l(bigflt0.o)
    0x080048b8   0x080048b8   0x00000020   Data   RO         4423    Region$$Table       anon$$obj.o
    0x080048d8   0x080048d8   0x0000001c   Data   RO         4279    locale$$data        c_w.l(lc_numeric_c.o)


    Execution Region RW_IRAM1 (Exec base: 0x20000000, Load base: 0x080048f4, Size: 0x000008a8, Max: 0x00005000, ABSOLUTE)

    Exec Addr    Load Addr    Size         Type   Attr      Idx    E Section Name        Object

    0x20000000   0x080048f4   0x00000018   Data   RW            7    .data               main.o
    0x20000018   0x0800490c   0x00000014   Data   RW          238    .data               system_stm32f10x.o
    0x2000002c   0x08004920   0x00000014   Data   RW         1909    .data               stm32f10x_rcc.o
    0x20000040   0x08004934   0x00000004   Data   RW         3399    .data               led.o
    0x20000044   0x08004938   0x00000008   Data   RW         3448    .data               pwmin.o
    0x2000004c   0x08004940   0x0000000c   Data   RW         3990    .data               glidelock.o
    0x20000058   0x0800494c   0x00000004   Data   RW         4034    .data               delay.o
    0x2000005c   0x08004950   0x00000006   Data   RW         4074    .data               usart.o
    0x20000062   0x08004956   0x00000002   PAD
    0x20000064        -       0x00000048   Zero   RW         3287    .bss                parameter.o
    0x200000ac        -       0x000000a4   Zero   RW         3447    .bss                pwmin.o
    0x20000150        -       0x0000002c   Zero   RW         3989    .bss                glidelock.o
    0x2000017c        -       0x000000c8   Zero   RW         4073    .bss                usart.o
    0x20000244        -       0x00000060   Zero   RW         4287    .bss                c_w.l(libspace.o)
    0x200002a4   0x08004956   0x00000004   PAD
    0x200002a8        -       0x00000200   Zero   RW          280    HEAP                startup_stm32f10x_md.o
    0x200004a8        -       0x00000400   Zero   RW          279    STACK               startup_stm32f10x_md.o


==============================================================================

Image component sizes


      Code (inc. data)   RO Data    RW Data    ZI Data      Debug   Object Name

         0          0          0          0          0         32   core_cm3.o
       220         26          0          4          0       1503   delay.o
       968         90          0         12         44       3584   glidelock.o
        76         10          0          0          0        868   key.o
       356         74          0          4          0       3006   led.o
      2196       1164          0         24          0     259441   main.o
       172         22          0          0          0     207369   misc.o
      1146        414          0          0         72       5448   parameter.o
       344         10          0          0          0       1596   pwm.o
      1592        136          0          8        164       6376   pwmin.o
        64         26        236          0       1536        764   startup_stm32f10x_md.o
       200         18          0          0          0       2008   stm32f10x_exti.o
       274         30          0          0          0       3106   stm32f10x_flash.o
       342          4          0          0          0       2534   stm32f10x_gpio.o
        26          0          0          0          0       3338   stm32f10x_it.o
       340         44          0         20          0       5324   stm32f10x_rcc.o
      1910        200          0          0          0      19655   stm32f10x_tim.o
       594         28          0          0          0       5931   stm32f10x_usart.o
        12          0          0          0          0        405   sys.o
       328         28          0         20          0       2001   system_stm32f10x.o
        96          4          0          0          0        476   timer.o
       348         24          0          6        200       3844   usart.o

    ----------------------------------------------------------------------
     11632       2352        268        100       2016     538609   Object Totals
         0          0         32          0          0          0   (incl. Generated)
        28          0          0          2          0          0   (incl. Padding)

    ----------------------------------------------------------------------

      Code (inc. data)   RO Data    RW Data    ZI Data      Debug   Library Member Name

         8          0          0          0          0         68   __main.o
       104          0          0          0          0         84   __printf.o
         0          0          0          0          0          0   __rtentry.o
        12          0          0          0          0          0   __rtentry2.o
         6          0          0          0          0          0   __rtentry4.o
        52          8          0          0          0          0   __scatter.o
        26          0          0          0          0          0   __scatter_copy.o
        28          0          0          0          0          0   __scatter_zi.o
        48          6          0          0          0         96   _printf_char_common.o
        36          4          0          0          0         80   _printf_char_file.o
         6          0          0          0          0          0   _printf_d.o
       120         16          0          0          0         92   _printf_dec.o
         6          0          0          0          0          0   _printf_f.o
      1054          0          0          0          0        216   _printf_fp_dec.o
       128         16          0          0          0         84   _printf_fp_infnan.o
       178          0          0          0          0         88   _printf_intcommon.o
         0          0          0          0          0          0   _printf_percent.o
         4          0          0          0          0          0   _printf_percent_end.o
       228          4        148          0          0         96   bigflt0.o
      1936        128          0          0          0        672   btod.o
        18          0          0          0          0         80   exit.o
         8          0          0          0          0         68   ferror.o
         6          0          0          0          0        152   heapauxi.o
        44         10         28          0          0         76   lc_numeric_c.o
         2          0          0          0          0          0   libinit.o
        18          0          0          0          0          0   libinit2.o
         2          0          0          0          0          0   libshutdown.o
         2          0          0          0          0          0   libshutdown2.o
         8          4          0          0         96         68   libspace.o
       138          0          0          0          0         80   lludiv10.o
        24          4          0          0          0         84   noretval__2printf.o
         8          4          0          0          0         68   rt_locale_intlibspace.o
         2          0          0          0          0          0   rtexit.o
        10          0          0          0          0          0   rtexit2.o
       128          0          0          0          0         68   strcmpv7m.o
        74          0          0          0          0         80   sys_stackheap_outer.o
         2          0          0          0          0         68   use_no_semi.o
         2          0          0          0          0         68   use_no_semi_2.o
        24          0          0          0          0         68   dcmpi.o
       120          4          0          0          0         92   dleqf.o
       156          4          0          0          0         92   dnaninf.o
        12          0          0          0          0         68   dretinf.o
       108          0          0          0          0         80   drleqf.o
        86          4          0          0          0         84   f2d.o
       430          8          0          0          0        168   faddsub_clz.o
        24          0          0          0          0         68   fcmpi.o
       388         76          0          0          0         96   fdiv.o
        54          4          0          0          0         84   ffix.o
        62          4          0          0          0         84   ffixu.o
        86          0          0          0          0        136   fflt_clz.o
       104          4          0          0          0         84   fleqf.o
       258          4          0          0          0         84   fmul.o
       140          4          0          0          0         84   fnaninf.o
        10          0          0          0          0         68   fretinf.o
         4          0          0          0          0         68   printf1.o
         0          0          0          0          0          0   usenofp.o
        40          0          0          0          0         68   fpclassify.o

    ----------------------------------------------------------------------
      6600        320        176          0        100       4112   Library Totals
        18          0          0          0          4          0   (incl. Padding)

    ----------------------------------------------------------------------

      Code (inc. data)   RO Data    RW Data    ZI Data      Debug   Library Name

      4476        204        176          0         96       2536   c_w.l
      2066        116          0          0          0       1508   fz_ws.l
        40          0          0          0          0         68   m_ws.l

    ----------------------------------------------------------------------
      6600        320        176          0        100       4112   Library Totals

    ----------------------------------------------------------------------

==============================================================================


      Code (inc. data)   RO Data    RW Data    ZI Data      Debug   

     18232       2672        444        100       2116     534449   Grand Totals
     18232       2672        444        100       2116     534449   ELF Image Totals
     18232       2672        444        100          0          0   ROM Totals

==============================================================================

    Total RO  Size (Code + RO Data)                18676 (  18.24kB)
    Total RW  Size (RW Data + ZI Data)              2216 (   2.16kB)
    Total ROM Size (Code + RO Data + RW Data)      18776 (  18.34kB)

==============================================================================

