Component: ARM Compiler 5.06 update 6 (build 750) Tool: armlink [4d35ed]

==============================================================================

Section Cross References

    main.o(i.AnalyzePkg) refers to _printf_percent.o(.ARM.Collect$$_printf_percent$$00000000) for _printf_percent
    main.o(i.AnalyzePkg) refers to _printf_d.o(.ARM.Collect$$_printf_percent$$00000009) for _printf_d
    main.o(i.AnalyzePkg) refers to _printf_dec.o(.text) for _printf_int_dec
    main.o(i.AnalyzePkg) refers to noretval__2printf.o(.text) for __2printf
    main.o(i.AnalyzePkg) refers to parameter.o(i.ParamSet) for ParamSet
    main.o(i.AnalyzePkg) refers to led.o(i.LEDFlash) for LEDFlash
    main.o(i.AnalyzePkg) refers to parameter.o(i.ParamShow) for ParamShow
    main.o(i.AnalyzePkg) refers to parameter.o(i.ParamReset) for ParamReset
    main.o(i.AnalyzePkg) refers to parameter.o(i.ParamWrite) for ParamWrite
    main.o(i.AnalyzePkg) refers to usart.o(.data) for USART_RX_STA
    main.o(i.AnalyzePkg) refers to usart.o(.bss) for USART_RX_BUF
    main.o(i.TIM2_IRQHandler) refers to stm32f10x_tim.o(i.TIM_GetITStatus) for TIM_GetITStatus
    main.o(i.TIM2_IRQHandler) refers to stm32f10x_tim.o(i.TIM_ClearITPendingBit) for TIM_ClearITPendingBit
    main.o(i.TIM2_IRQHandler) refers to main.o(.data) for tick
    main.o(i.main) refers to delay.o(i.delay_init) for delay_init
    main.o(i.main) refers to sys.o(i.NVIC_Configuration) for NVIC_Configuration
    main.o(i.main) refers to usart.o(i.uart_init) for uart_init
    main.o(i.main) refers to led.o(i.LEDInit) for LEDInit
    main.o(i.main) refers to stm32f10x_usart.o(i.USART_ClearITPendingBit) for USART_ClearITPendingBit
    main.o(i.main) refers to noretval__2printf.o(.text) for __2printf
    main.o(i.main) refers to parameter.o(i.ParamRead) for ParamRead
    main.o(i.main) refers to parameter.o(i.ParamReset) for ParamReset
    main.o(i.main) refers to parameter.o(i.ParamWrite) for ParamWrite
    main.o(i.main) refers to timer.o(i.MainClockInit) for MainClockInit
    main.o(i.main) refers to pwmin.o(i.PWMInInit) for PWMInInit
    main.o(i.main) refers to i2c.o(i.I2CInit) for I2CInit
    main.o(i.main) refers to delay.o(i.delay_ms) for delay_ms
    main.o(i.main) refers to sdp3x.o(i.Sdp3xInit) for Sdp3xInit
    main.o(i.main) refers to sdp3x.o(i.Sdp3xSetMode) for Sdp3xSetMode
    main.o(i.main) refers to tle493d.o(i.TLE493DInit) for TLE493DInit
    main.o(i.main) refers to led.o(i.LEDFlash) for LEDFlash
    main.o(i.main) refers to led.o(i.LEDSet) for LEDSet
    main.o(i.main) refers to led.o(i.LEDFlip) for LEDFlip
    main.o(i.main) refers to main.o(i.AnalyzePkg) for AnalyzePkg
    main.o(i.main) refers to tle493d.o(i.TLE493DReadout) for TLE493DReadout
    main.o(i.main) refers to parameter.o(.bss) for params
    main.o(i.main) refers to main.o(.data) for ledInterval
    main.o(i.main) refers to usart.o(.data) for USART_RX_STA
    system_stm32f10x.o(i.SetSysClock) refers to system_stm32f10x.o(i.SetSysClockTo72) for SetSysClockTo72
    system_stm32f10x.o(i.SystemCoreClockUpdate) refers to system_stm32f10x.o(.data) for SystemCoreClock
    system_stm32f10x.o(i.SystemInit) refers to system_stm32f10x.o(i.SetSysClock) for SetSysClock
    startup_stm32f10x_md.o(STACK) refers (Special) to heapauxi.o(.text) for __use_two_region_memory
    startup_stm32f10x_md.o(HEAP) refers (Special) to heapauxi.o(.text) for __use_two_region_memory
    startup_stm32f10x_md.o(RESET) refers (Special) to heapauxi.o(.text) for __use_two_region_memory
    startup_stm32f10x_md.o(RESET) refers to startup_stm32f10x_md.o(STACK) for __initial_sp
    startup_stm32f10x_md.o(RESET) refers to startup_stm32f10x_md.o(.text) for Reset_Handler
    startup_stm32f10x_md.o(RESET) refers to stm32f10x_it.o(i.NMI_Handler) for NMI_Handler
    startup_stm32f10x_md.o(RESET) refers to stm32f10x_it.o(i.HardFault_Handler) for HardFault_Handler
    startup_stm32f10x_md.o(RESET) refers to stm32f10x_it.o(i.MemManage_Handler) for MemManage_Handler
    startup_stm32f10x_md.o(RESET) refers to stm32f10x_it.o(i.BusFault_Handler) for BusFault_Handler
    startup_stm32f10x_md.o(RESET) refers to stm32f10x_it.o(i.UsageFault_Handler) for UsageFault_Handler
    startup_stm32f10x_md.o(RESET) refers to stm32f10x_it.o(i.SVC_Handler) for SVC_Handler
    startup_stm32f10x_md.o(RESET) refers to stm32f10x_it.o(i.DebugMon_Handler) for DebugMon_Handler
    startup_stm32f10x_md.o(RESET) refers to stm32f10x_it.o(i.PendSV_Handler) for PendSV_Handler
    startup_stm32f10x_md.o(RESET) refers to stm32f10x_it.o(i.SysTick_Handler) for SysTick_Handler
    startup_stm32f10x_md.o(RESET) refers to pwmin.o(i.TIM1_CC_IRQHandler) for TIM1_CC_IRQHandler
    startup_stm32f10x_md.o(RESET) refers to main.o(i.TIM2_IRQHandler) for TIM2_IRQHandler
    startup_stm32f10x_md.o(RESET) refers to gps.o(i.USART1_IRQHandler) for USART1_IRQHandler
    startup_stm32f10x_md.o(RESET) refers to sblink.o(i.USART2_IRQHandler) for USART2_IRQHandler
[...]
    .ARM.Collect$$libinit$$0000001D          0x08000188   Section        0  libinit2.o(.ARM.Collect$$libinit$$0000001D)
    .ARM.Collect$$libinit$$0000001F          0x08000188   Section        0  libinit2.o(.ARM.Collect$$libinit$$0000001F)
    .ARM.Collect$$libinit$$00000021          0x08000188   Section        0  libinit2.o(.ARM.Collect$$libinit$$00000021)
    .ARM.Collect$$libinit$$00000023          0x08000188   Section        0  libinit2.o(.ARM.Collect$$libinit$$00000023)
    .ARM.Collect$$libinit$$00000025          0x08000188   Section        0  libinit2.o(.ARM.Collect$$libinit$$00000025)
    .ARM.Collect$$libinit$$0000002C          0x08000188   Section        0  libinit2.o(.ARM.Collect$$libinit$$0000002C)
    .ARM.Collect$$libinit$$0000002E          0x08000188   Section        0  libinit2.o(.ARM.Collect$$libinit$$0000002E)
    .ARM.Collect$$libinit$$00000030          0x08000188   Section        0  libinit2.o(.ARM.Collect$$libinit$$00000030)
    .ARM.Collect$$libinit$$00000032          0x08000188   Section        0  libinit2.o(.ARM.Collect$$libinit$$00000032)
    .ARM.Collect$$libinit$$00000033          0x08000188   Section        2  libinit2.o(.ARM.Collect$$libinit$$00000033)
    .ARM.Collect$$libshutdown$$00000000      0x0800018a   Section        2  libshutdown.o(.ARM.Collect$$libshutdown$$00000000)
    .ARM.Collect$$libshutdown$$00000002      0x0800018c   Section        0  libshutdown2.o(.ARM.Collect$$libshutdown$$00000002)
    .ARM.Collect$$libshutdown$$00000004      0x0800018c   Section        0  libshutdown2.o(.ARM.Collect$$libshutdown$$00000004)
    .ARM.Collect$$libshutdown$$00000007      0x0800018c   Section        0  libshutdown2.o(.ARM.Collect$$libshutdown$$00000007)
    .ARM.Collect$$libshutdown$$0000000A      0x0800018c   Section        0  libshutdown2.o(.ARM.Collect$$libshutdown$$0000000A)
    .ARM.Collect$$libshutdown$$0000000C      0x0800018c   Section        0  libshutdown2.o(.ARM.Collect$$libshutdown$$0000000C)
    .ARM.Collect$$libshutdown$$0000000F      0x0800018c   Section        0  libshutdown2.o(.ARM.Collect$$libshutdown$$0000000F)
    .ARM.Collect$$libshutdown$$00000010      0x0800018c   Section        2  libshutdown2.o(.ARM.Collect$$libshutdown$$00000010)
    .ARM.Collect$$rtentry$$00000000          0x0800018e   Section        0  __rtentry.o(.ARM.Collect$$rtentry$$00000000)
    .ARM.Collect$$rtentry$$00000002          0x0800018e   Section        0  __rtentry2.o(.ARM.Collect$$rtentry$$00000002)
    .ARM.Collect$$rtentry$$00000004          0x0800018e   Section        6  __rtentry4.o(.ARM.Collect$$rtentry$$00000004)
    .ARM.Collect$$rtentry$$00000009          0x08000194   Section        0  __rtentry2.o(.ARM.Collect$$rtentry$$00000009)
    .ARM.Collect$$rtentry$$0000000A          0x08000194   Section        4  __rtentry2.o(.ARM.Collect$$rtentry$$0000000A)
    .ARM.Collect$$rtentry$$0000000C          0x08000198   Section        0  __rtentry2.o(.ARM.Collect$$rtentry$$0000000C)
    .ARM.Collect$$rtentry$$0000000D          0x08000198   Section        8  __rtentry2.o(.ARM.Collect$$rtentry$$0000000D)
    .ARM.Collect$$rtexit$$00000000           0x080001a0   Section        2  rtexit.o(.ARM.Collect$$rtexit$$00000000)
    .ARM.Collect$$rtexit$$00000002           0x080001a2   Section        0  rtexit2.o(.ARM.Collect$$rtexit$$00000002)
    .ARM.Collect$$rtexit$$00000003           0x080001a2   Section        4  rtexit2.o(.ARM.Collect$$rtexit$$00000003)
    .ARM.Collect$$rtexit$$00000004           0x080001a6   Section        6  rtexit2.o(.ARM.Collect$$rtexit$$00000004)
    .text                                    0x080001ac   Section       64  startup_stm32f10x_md.o(.text)
    .text                                    0x080001ec   Section        2  use_no_semi_2.o(.text)
    .text                                    0x080001f0   Section        0  noretval__2printf.o(.text)
    .text                                    0x08000208   Section        0  __printf.o(.text)
    .text                                    0x08000270   Section        0  _printf_dec.o(.text)
    .text                                    0x080002e8   Section        0  _printf_hex_int.o(.text)
    .text                                    0x08000340   Section        0  heapauxi.o(.text)
    .text                                    0x08000346   Section        2  use_no_semi.o(.text)
    .text                                    0x08000348   Section        0  _printf_intcommon.o(.text)
    .text                                    0x080003fa   Section        0  _printf_fp_dec.o(.text)
    _fp_digits                               0x080003fd   Thumb Code   432  _printf_fp_dec.o(.text)
    .text                                    0x08000818   Section        0  _printf_char_file.o(.text)
    .text                                    0x0800083c   Section        8  rt_locale_intlibspace.o(.text)
    .text                                    0x08000844   Section      138  lludiv10.o(.text)
    .text                                    0x080008d0   Section        0  _printf_char_common.o(.text)
    _printf_input_char                       0x080008d1   Thumb Code    10  _printf_char_common.o(.text)
    .text                                    0x08000900   Section        0  _printf_fp_infnan.o(.text)
    .text                                    0x08000980   Section        0  bigflt0.o(.text)
    .text                                    0x08000a64   Section        0  ferror.o(.text)
    .text                                    0x08000a6c   Section        8  libspace.o(.text)
    .text                                    0x08000a74   Section       74  sys_stackheap_outer.o(.text)
    .text                                    0x08000abe   Section        0  exit.o(.text)
    .text                                    0x08000ad0   Section      128  strcmpv7m.o(.text)
    CL$$btod_d2e                             0x08000b50   Section       62  btod.o(CL$$btod_d2e)
    CL$$btod_d2e_denorm_low                  0x08000b8e   Section       70  btod.o(CL$$btod_d2e_denorm_low)
    CL$$btod_d2e_norm_op1                    0x08000bd4   Section       96  btod.o(CL$$btod_d2e_norm_op1)
    CL$$btod_div_common                      0x08000c34   Section      824  btod.o(CL$$btod_div_common)
    CL$$btod_e2e                             0x08000f6c   Section      220  btod.o(CL$$btod_e2e)
    CL$$btod_ediv                            0x08001048   Section       42  btod.o(CL$$btod_ediv)
    CL$$btod_emul                            0x08001072   Section       42  btod.o(CL$$btod_emul)
    CL$$btod_mult_common                     0x0800109c   Section      580  btod.o(CL$$btod_mult_common)
    i.AnalyzePkg                             0x080012e0   Section        0  main.o(i.AnalyzePkg)
    i.BusFault_Handler                       0x08001478   Section        0  stm32f10x_it.o(i.BusFault_Handler)
    i.DebugMon_Handler                       0x0800147c   Section        0  stm32f10x_it.o(i.DebugMon_Handler)
    i.FLASH_ErasePage                        0x08001480   Section        0  stm32f10x_flash.o(i.FLASH_ErasePage)
    i.FLASH_GetBank1Status                   0x080014cc   Section        0  stm32f10x_flash.o(i.FLASH_GetBank1Status)
    i.FLASH_Lock                             0x08001500   Section        0  stm32f10x_flash.o(i.FLASH_Lock)
    i.FLASH_ProgramHalfWord                  0x08001514   Section        0  stm32f10x_flash.o(i.FLASH_ProgramHalfWord)
    i.FLASH_Unlock                           0x08001554   Section        0  stm32f10x_flash.o(i.FLASH_Unlock)
    i.FLASH_WaitForLastOperation             0x0800156c   Section        0  stm32f10x_flash.o(i.FLASH_WaitForLastOperation)
    i.GPIO_Init                              0x08001592   Section        0  stm32f10x_gpio.o(i.GPIO_Init)
    i.HardFault_Handler                      0x080016a8   Section        0  stm32f10x_it.o(i.HardFault_Handler)
    i.I2CAck                                 0x080016ac   Section        0  i2c.o(i.I2CAck)
    i.I2CInit                                0x080016cc   Section        0  i2c.o(i.I2CInit)
    i.I2CInitPort                            0x080016d8   Section        0  i2c.o(i.I2CInitPort)
    i.I2CNAck                                0x080016f6   Section        0  i2c.o(i.I2CNAck)
    i.I2CReadByte                            0x08001714   Section        0  i2c.o(i.I2CReadByte)
    i.I2CSendByte                            0x0800173a   Section        0  i2c.o(i.I2CSendByte)
    i.I2CStart                               0x08001760   Section        0  i2c.o(i.I2CStart)
    i.I2CStop                                0x0800177e   Section        0  i2c.o(i.I2CStop)
    i.I2CWaitAck                             0x0800179c   Section        0  i2c.o(i.I2CWaitAck)
    i.LEDFlash                               0x080017c4   Section        0  led.o(i.LEDFlash)
    i.LEDFlip                                0x08001820   Section        0  led.o(i.LEDFlip)
    i.LEDInit                                0x08001840   Section        0  led.o(i.LEDInit)
    i.LEDSet                                 0x08001878   Section        0  led.o(i.LEDSet)
    i.MainClockInit                          0x0800189c   Section        0  timer.o(i.MainClockInit)
    i.MemManage_Handler                      0x080018fa   Section        0  stm32f10x_it.o(i.MemManage_Handler)
    i.NMI_Handler                            0x080018fe   Section        0  stm32f10x_it.o(i.NMI_Handler)
    i.NVIC_Configuration                     0x08001900   Section        0  sys.o(i.NVIC_Configuration)
    i.NVIC_Init                              0x0800190c   Section        0  misc.o(i.NVIC_Init)
    i.NVIC_PriorityGroupConfig               0x0800197c   Section        0  misc.o(i.NVIC_PriorityGroupConfig)
    i.PWMInInit                              0x08001990   Section        0  pwmin.o(i.PWMInInit)
    i.ParamRead                              0x08001a6c   Section        0  parameter.o(i.ParamRead)
    i.ParamReset                             0x08001a98   Section        0  parameter.o(i.ParamReset)
    i.ParamSet                               0x08001ae0   Section        0  parameter.o(i.ParamSet)
    i.ParamShow                              0x08001b9c   Section        0  parameter.o(i.ParamShow)
    i.ParamWrite                             0x08001d00   Section        0  parameter.o(i.ParamWrite)
    i.PendSV_Handler                         0x08001d38   Section        0  stm32f10x_it.o(i.PendSV_Handler)
    i.RCC_APB1PeriphClockCmd                 0x08001d3c   Section        0  stm32f10x_rcc.o(i.RCC_APB1PeriphClockCmd)
    i.RCC_APB1PeriphResetCmd                 0x08001d5c   Section        0  stm32f10x_rcc.o(i.RCC_APB1PeriphResetCmd)
    i.RCC_APB2PeriphClockCmd                 0x08001d7c   Section        0  stm32f10x_rcc.o(i.RCC_APB2PeriphClockCmd)
    i.RCC_APB2PeriphResetCmd                 0x08001d9c   Section        0  stm32f10x_rcc.o(i.RCC_APB2PeriphResetCmd)
    i.RCC_GetClocksFreq                      0x08001dbc   Section        0  stm32f10x_rcc.o(i.RCC_GetClocksFreq)
    i.SVC_Handler                            0x08001e90   Section        0  stm32f10x_it.o(i.SVC_Handler)
    i.Sdp3xInit                              0x08001e92   Section        0  sdp3x.o(i.Sdp3xInit)
    i.Sdp3xSetMode                           0x08001ea0   Section        0  sdp3x.o(i.Sdp3xSetMode)
    i.SetSysClock                            0x08001f00   Section        0  system_stm32f10x.o(i.SetSysClock)
    SetSysClock                              0x08001f01   Thumb Code     8  system_stm32f10x.o(i.SetSysClock)
    i.SetSysClockTo72                        0x08001f08   Section        0  system_stm32f10x.o(i.SetSysClockTo72)
    SetSysClockTo72                          0x08001f09   Thumb Code   214  system_stm32f10x.o(i.SetSysClockTo72)
    i.SysTick_CLKSourceConfig                0x08001fe8   Section        0  misc.o(i.SysTick_CLKSourceConfig)
    i.SysTick_Handler                        0x08002010   Section        0  stm32f10x_it.o(i.SysTick_Handler)
    i.SystemInit                             0x08002014   Section        0  system_stm32f10x.o(i.SystemInit)
    i.TI1_Config                             0x08002074   Section        0  stm32f10x_tim.o(i.TI1_Config)
    TI1_Config                               0x08002075   Thumb Code   108  stm32f10x_tim.o(i.TI1_Config)
    i.TI2_Config                             0x080020f4   Section        0  stm32f10x_tim.o(i.TI2_Config)
    TI2_Config                               0x080020f5   Thumb Code   130  stm32f10x_tim.o(i.TI2_Config)
    i.TI3_Config                             0x0800218c   Section        0  stm32f10x_tim.o(i.TI3_Config)
    TI3_Config                               0x0800218d   Thumb Code   122  stm32f10x_tim.o(i.TI3_Config)
    i.TI4_Config                             0x0800221c   Section        0  stm32f10x_tim.o(i.TI4_Config)
    TI4_Config                               0x0800221d   Thumb Code   130  stm32f10x_tim.o(i.TI4_Config)
    i.TIM1_CC_IRQHandler                     0x080022b4   Section        0  pwmin.o(i.TIM1_CC_IRQHandler)
    i.TIM2_IRQHandler                        0x08002388   Section        0  main.o(i.TIM2_IRQHandler)
    i.TIM_ClearITPendingBit                  0x080023c0   Section        0  stm32f10x_tim.o(i.TIM_ClearITPendingBit)
    i.TIM_Cmd                                0x080023c6   Section        0  stm32f10x_tim.o(i.TIM_Cmd)
    i.TIM_GetCapture1                        0x080023de   Section        0  stm32f10x_tim.o(i.TIM_GetCapture1)
    i.TIM_GetCapture2                        0x080023e4   Section        0  stm32f10x_tim.o(i.TIM_GetCapture2)
    i.TIM_GetCapture3                        0x080023ea   Section        0  stm32f10x_tim.o(i.TIM_GetCapture3)
    i.TIM_GetCapture4                        0x080023f0   Section        0  stm32f10x_tim.o(i.TIM_GetCapture4)
    i.TIM_GetITStatus                        0x080023f8   Section        0  stm32f10x_tim.o(i.TIM_GetITStatus)
    i.TIM_ICInit                             0x0800241c   Section        0  stm32f10x_tim.o(i.TIM_ICInit)
    i.TIM_ITConfig                           0x080024c8   Section        0  stm32f10x_tim.o(i.TIM_ITConfig)
    i.TIM_OC1PolarityConfig                  0x080024da   Section        0  stm32f10x_tim.o(i.TIM_OC1PolarityConfig)
    i.TIM_OC2PolarityConfig                  0x080024ec   Section        0  stm32f10x_tim.o(i.TIM_OC2PolarityConfig)
    i.TIM_OC3PolarityConfig                  0x08002506   Section        0  stm32f10x_tim.o(i.TIM_OC3PolarityConfig)
    i.TIM_OC4PolarityConfig                  0x08002520   Section        0  stm32f10x_tim.o(i.TIM_OC4PolarityConfig)
    i.TIM_SetIC1Prescaler                    0x0800253a   Section        0  stm32f10x_tim.o(i.TIM_SetIC1Prescaler)
    i.TIM_SetIC2Prescaler                    0x0800254c   Section        0  stm32f10x_tim.o(i.TIM_SetIC2Prescaler)
    i.TIM_SetIC3Prescaler                    0x08002566   Section        0  stm32f10x_tim.o(i.TIM_SetIC3Prescaler)
    i.TIM_SetIC4Prescaler                    0x08002578   Section        0  stm32f10x_tim.o(i.TIM_SetIC4Prescaler)
    i.TIM_TimeBaseInit                       0x08002594   Section        0  stm32f10x_tim.o(i.TIM_TimeBaseInit)
    i.TLE493DInit                            0x08002638   Section        0  tle493d.o(i.TLE493DInit)
    i.TLE493DReadout                         0x080026ac   Section        0  tle493d.o(i.TLE493DReadout)
    i.TLE493DReset                           0x080027d4   Section        0  tle493d.o(i.TLE493DReset)
    i.TLE493DWriteReg                        0x08002832   Section        0  tle493d.o(i.TLE493DWriteReg)
    i.USART1_IRQHandler                      0x08002880   Section        0  gps.o(i.USART1_IRQHandler)
    i.USART2_IRQHandler                      0x0800294c   Section        0  sblink.o(i.USART2_IRQHandler)
    i.USART3_IRQHandler                      0x08002a98   Section        0  usart.o(i.USART3_IRQHandler)
    i.USART_ClearITPendingBit                0x08002b20   Section        0  stm32f10x_usart.o(i.USART_ClearITPendingBit)
    i.USART_Cmd                              0x08002b3e   Section        0  stm32f10x_usart.o(i.USART_Cmd)
    i.USART_DeInit                           0x08002b58   Section        0  stm32f10x_usart.o(i.USART_DeInit)
    i.USART_GetITStatus                      0x08002bf4   Section        0  stm32f10x_usart.o(i.USART_GetITStatus)
    i.USART_ITConfig                         0x08002c48   Section        0  stm32f10x_usart.o(i.USART_ITConfig)
    i.USART_Init                             0x08002c94   Section        0  stm32f10x_usart.o(i.USART_Init)
    i.USART_ReceiveData                      0x08002d6c   Section        0  stm32f10x_usart.o(i.USART_ReceiveData)
    i.UsageFault_Handler                     0x08002d76   Section        0  stm32f10x_it.o(i.UsageFault_Handler)
    i.__ARM_fpclassify                       0x08002d7a   Section        0  fpclassify.o(i.__ARM_fpclassify)
    i._sys_exit                              0x08002da2   Section        0  usart.o(i._sys_exit)
    i.delay_init                             0x08002da8   Section        0  delay.o(i.delay_init)
    i.delay_ms                               0x08002dec   Section        0  delay.o(i.delay_ms)
    i.delay_us                               0x08002e38   Section        0  delay.o(i.delay_us)
    i.fputc                                  0x08002e84   Section        0  usart.o(i.fputc)
    i.getCap                                 0x08002ea0   Section        0  pwmin.o(i.getCap)
    i.i2cAck1                                0x08002edc   Section        0  i2c.o(i.i2cAck1)
    i.i2cAck2                                0x08002f18   Section        0  i2c.o(i.i2cAck2)
    i.i2cAck3                                0x08002f54   Section        0  i2c.o(i.i2cAck3)
    i.i2cDelay                               0x08002f90   Section        0  i2c.o(i.i2cDelay)
    i.i2cInit1                               0x08002f9c   Section        0  i2c.o(i.i2cInit1)
    i.i2cInit2                               0x08002fec   Section        0  i2c.o(i.i2cInit2)
    i.i2cInit3                               0x0800303c   Section        0  i2c.o(i.i2cInit3)
    i.i2cNAck1                               0x08003088   Section        0  i2c.o(i.i2cNAck1)
    i.i2cNAck2                               0x080030b8   Section        0  i2c.o(i.i2cNAck2)
    i.i2cNAck3                               0x080030e8   Section        0  i2c.o(i.i2cNAck3)
    i.i2cReadByte1                           0x08003118   Section        0  i2c.o(i.i2cReadByte1)
    i.i2cReadByte2                           0x08003158   Section        0  i2c.o(i.i2cReadByte2)
    i.i2cReadByte3                           0x08003198   Section        0  i2c.o(i.i2cReadByte3)
    i.i2cSendByte1                           0x080031d8   Section        0  i2c.o(i.i2cSendByte1)
    i.i2cSendByte2                           0x08003230   Section        0  i2c.o(i.i2cSendByte2)
    i.i2cSendByte3                           0x08003288   Section        0  i2c.o(i.i2cSendByte3)
    i.i2cStart1                              0x080032e0   Section        0  i2c.o(i.i2cStart1)
    i.i2cStart2                              0x0800331c   Section        0  i2c.o(i.i2cStart2)
    i.i2cStart3                              0x08003358   Section        0  i2c.o(i.i2cStart3)
    i.i2cStop1                               0x08003394   Section        0  i2c.o(i.i2cStop1)
    i.i2cStop2                               0x080033bc   Section        0  i2c.o(i.i2cStop2)
    i.i2cStop3                               0x080033e4   Section        0  i2c.o(i.i2cStop3)
    i.i2cWaitAck1                            0x0800340c   Section        0  i2c.o(i.i2cWaitAck1)
    i.i2cWaitAck2                            0x0800344c   Section        0  i2c.o(i.i2cWaitAck2)
    i.i2cWaitAck3                            0x0800348c   Section        0  i2c.o(i.i2cWaitAck3)
    i.main                                   0x080034cc   Section        0  main.o(i.main)
    i.paramReadFixed                         0x08003644   Section        0  parameter.o(i.paramReadFixed)
    i.readHalfWord                           0x08003670   Section        0  parameter.o(i.readHalfWord)
    i.setPolarity                            0x08003678   Section        0  pwmin.o(i.setPolarity)
    i.uart_init                              0x080036c0   Section        0  usart.o(i.uart_init)
    locale$$code                             0x0800376c   Section       44  lc_numeric_c.o(locale$$code)
    x$fpl$dretinf                            0x08003798   Section       12  dretinf.o(x$fpl$dretinf)
    x$fpl$f2d                                0x080037a4   Section       86  f2d.o(x$fpl$f2d)
    x$fpl$fdiv                               0x080037fc   Section      388  fdiv.o(x$fpl$fdiv)
    _fdiv1                                   0x080037fd   Thumb Code     0  fdiv.o(x$fpl$fdiv)
    x$fpl$fflt                               0x08003980   Section       48  fflt_clz.o(x$fpl$fflt)
    x$fpl$fnaninf                            0x080039b0   Section      140  fnaninf.o(x$fpl$fnaninf)
    x$fpl$fretinf                            0x08003a3c   Section       10  fretinf.o(x$fpl$fretinf)
    x$fpl$printf1                            0x08003a46   Section        4  printf1.o(x$fpl$printf1)
    .constdata                               0x08003a4a   Section       40  _printf_hex_int.o(.constdata)
    x$fpl$usenofp                            0x08003a4a   Section        0  usenofp.o(x$fpl$usenofp)
    uc_hextab                                0x08003a4a   Data          20  _printf_hex_int.o(.constdata)
    lc_hextab                                0x08003a5e   Data          20  _printf_hex_int.o(.constdata)
    .constdata                               0x08003a74   Section      148  bigflt0.o(.constdata)
    tenpwrs_x                                0x08003a74   Data          60  bigflt0.o(.constdata)
    tenpwrs_i                                0x08003ab0   Data          64  bigflt0.o(.constdata)
    locale$$data                             0x08003b28   Section       28  lc_numeric_c.o(locale$$data)
    __lcnum_c_name                           0x08003b2c   Data           2  lc_numeric_c.o(locale$$data)
    __lcnum_c_start                          0x08003b34   Data           0  lc_numeric_c.o(locale$$data)
    __lcnum_c_point                          0x08003b40   Data           0  lc_numeric_c.o(locale$$data)
    __lcnum_c_thousands                      0x08003b42   Data           0  lc_numeric_c.o(locale$$data)
    __lcnum_c_grouping                       0x08003b43   Data           0  lc_numeric_c.o(locale$$data)
    __lcnum_c_end                            0x08003b44   Data           0  lc_numeric_c.o(locale$$data)
    .data                                    0x20000000   Section       22  main.o(.data)
    .data                                    0x20000018   Section       20  system_stm32f10x.o(.data)
    .data                                    0x2000002c   Section       20  stm32f10x_rcc.o(.data)
    APBAHBPrescTable                         0x2000002c   Data          16  stm32f10x_rcc.o(.data)
    ADCPrescTable                            0x2000003c   Data           4  stm32f10x_rcc.o(.data)
    .data                                    0x20000040   Section        1  led.o(.data)
    .data                                    0x20000041   Section        8  sblink.o(.data)
    .data                                    0x20000049   Section        5  gps.o(.data)
    .data                                    0x2000004e   Section        1  i2c.o(.data)
    .data                                    0x20000050   Section        4  delay.o(.data)
    fac_us                                   0x20000050   Data           1  delay.o(.data)
    fac_ms                                   0x20000052   Data           2  delay.o(.data)
    .data                                    0x20000054   Section        6  usart.o(.data)
    .bss                                     0x2000005c   Section       48  parameter.o(.bss)
    .bss                                     0x2000008c   Section       64  pwmin.o(.bss)
    .bss                                     0x200000cc   Section      768  sblink.o(.bss)
    .bss                                     0x200003cc   Section      512  gps.o(.bss)
    .bss                                     0x200005cc   Section      200  usart.o(.bss)
    .bss                                     0x20000694   Section       96  libspace.o(.bss)
    HEAP                                     0x200006f8   Section      512  startup_stm32f10x_md.o(HEAP)
    Heap_Mem                                 0x200006f8   Data         512  startup_stm32f10x_md.o(HEAP)
    STACK                                    0x200008f8   Section     1024  startup_stm32f10x_md.o(STACK)
    Stack_Mem                                0x200008f8   Data        1024  startup_stm32f10x_md.o(STACK)
    __initial_sp                             0x20000cf8   Data           0  startup_stm32f10x_md.o(STACK)

    Global Symbols

    Symbol Name                              Value     Ov Type        Size  Object(Section)

    BuildAttributes$$THM_ISAv4$P$D$K$B$S$PE$A:L22UL41UL21$X:L11$S22US41US21$IEEE1$IW$USESV6$~STKCKD$USESV7$~SHL$OTIME$ROPI$IEEEJ$EBA8$UX$STANDARDLIB$REQ8$PRES8$EABIv2 0x00000000   Number         0  anon$$obj.o ABSOLUTE
    __ARM_use_no_argv                        0x00000000   Number         0  main.o ABSOLUTE
    __ARM_exceptions_init                     - Undefined Weak Reference
    __alloca_initialize                       - Undefined Weak Reference
    __arm_preinit_                            - Undefined Weak Reference
    __cpp_initialize__aeabi_                  - Undefined Weak Reference
    __cxa_finalize                            - Undefined Weak Reference
    __sigvec_lookup                           - Undefined Weak Reference
    _atexit_init                              - Undefined Weak Reference
    _call_atexit_fns                          - Undefined Weak Reference
    _clock_init                               - Undefined Weak Reference
    _fp_trap_init                             - Undefined Weak Reference
    _fp_trap_shutdown                         - Undefined Weak Reference
    _get_lc_collate                           - Undefined Weak Reference
    _get_lc_ctype                             - Undefined Weak Reference
    _get_lc_monetary                          - Undefined Weak Reference
    _get_lc_time                              - Undefined Weak Reference
    _getenv_init                              - Undefined Weak Reference
    _handle_redirection                       - Undefined Weak Reference
    _init_alloc                               - Undefined Weak Reference
    _init_user_alloc                          - Undefined Weak Reference
    _initio                                   - Undefined Weak Reference
    _mutex_acquire                            - Undefined Weak Reference
    _mutex_release                            - Undefined Weak Reference
    _printf_post_padding                      - Undefined Weak Reference
    _printf_pre_padding                       - Undefined Weak Reference
    _printf_truncate_signed                   - Undefined Weak Reference
    _printf_truncate_unsigned                 - Undefined Weak Reference
    _rand_init                                - Undefined Weak Reference
    _signal_finish                            - Undefined Weak Reference
    _signal_init                              - Undefined Weak Reference
    _terminate_alloc                          - Undefined Weak Reference
    _terminate_user_alloc                     - Undefined Weak Reference
    _terminateio                              - Undefined Weak Reference
    __Vectors_Size                           0x000000ec   Number         0  startup_stm32f10x_md.o ABSOLUTE
    __Vectors                                0x08000000   Data           4  startup_stm32f10x_md.o(RESET)
    __Vectors_End                            0x080000ec   Data           0  startup_stm32f10x_md.o(RESET)
    __main                                   0x080000ed   Thumb Code     8  __main.o(!!!main)
    __scatterload                            0x080000f5   Thumb Code     0  __scatter.o(!!!scatter)
    __scatterload_rt2                        0x080000f5   Thumb Code    44  __scatter.o(!!!scatter)
    __scatterload_rt2_thumb_only             0x080000f5   Thumb Code     0  __scatter.o(!!!scatter)
    __scatterload_null                       0x08000103   Thumb Code     0  __scatter.o(!!!scatter)
    __scatterload_copy                       0x08000129   Thumb Code    26  __scatter_copy.o(!!handler_copy)
    __scatterload_zeroinit                   0x08000145   Thumb Code    28  __scatter_zi.o(!!handler_zi)
    _printf_f                                0x08000161   Thumb Code     0  _printf_f.o(.ARM.Collect$$_printf_percent$$00000003)
    _printf_percent                          0x08000161   Thumb Code     0  _printf_percent.o(.ARM.Collect$$_printf_percent$$00000000)
    _printf_d                                0x08000167   Thumb Code     0  _printf_d.o(.ARM.Collect$$_printf_percent$$00000009)
    _printf_x                                0x0800016d   Thumb Code     0  _printf_x.o(.ARM.Collect$$_printf_percent$$0000000C)
    _printf_percent_end                      0x08000173   Thumb Code     0  _printf_percent_end.o(.ARM.Collect$$_printf_percent$$00000017)
    __rt_lib_init                            0x08000177   Thumb Code     0  libinit.o(.ARM.Collect$$libinit$$00000000)
    __rt_lib_init_fp_1                       0x08000179   Thumb Code     0  libinit2.o(.ARM.Collect$$libinit$$00000002)
    __rt_lib_init_heap_1                     0x08000179   Thumb Code     0  libinit2.o(.ARM.Collect$$libinit$$0000000A)
    __rt_lib_init_lc_common                  0x08000179   Thumb Code     0  libinit2.o(.ARM.Collect$$libinit$$0000000F)
    __rt_lib_init_preinit_1                  0x08000179   Thumb Code     0  libinit2.o(.ARM.Collect$$libinit$$00000004)
    __rt_lib_init_rand_1                     0x08000179   Thumb Code     0  libinit2.o(.ARM.Collect$$libinit$$0000000E)
    __rt_lib_init_user_alloc_1               0x08000179   Thumb Code     0  libinit2.o(.ARM.Collect$$libinit$$0000000C)
    __rt_lib_init_lc_collate_1               0x0800017f   Thumb Code     0  libinit2.o(.ARM.Collect$$libinit$$00000011)
    __rt_lib_init_lc_ctype_1                 0x0800017f   Thumb Code     0  libinit2.o(.ARM.Collect$$libinit$$00000013)
    __rt_lib_init_lc_monetary_1              0x0800017f   Thumb Code     0  libinit2.o(.ARM.Collect$$libinit$$00000015)
    __rt_lib_init_lc_numeric_2               0x0800017f   Thumb Code     0  libinit2.o(.ARM.Collect$$libinit$$00000016)
    __rt_lib_init_alloca_1                   0x08000189   Thumb Code     0  libinit2.o(.ARM.Collect$$libinit$$0000002E)
    __rt_lib_init_argv_1                     0x08000189   Thumb Code     0  libinit2.o(.ARM.Collect$$libinit$$0000002C)
    __rt_lib_init_atexit_1                   0x08000189   Thumb Code     0  libinit2.o(.ARM.Collect$$libinit$$0000001B)
    __rt_lib_init_clock_1                    0x08000189   Thumb Code     0  libinit2.o(.ARM.Collect$$libinit$$00000021)
    __rt_lib_init_cpp_1                      0x08000189   Thumb Code     0  libinit2.o(.ARM.Collect$$libinit$$00000032)
    __rt_lib_init_exceptions_1               0x08000189   Thumb Code     0  libinit2.o(.ARM.Collect$$libinit$$00000030)
    __rt_lib_init_fp_trap_1                  0x08000189   Thumb Code     0  libinit2.o(.ARM.Collect$$libinit$$0000001F)
    __rt_lib_init_getenv_1                   0x08000189   Thumb Code     0  libinit2.o(.ARM.Collect$$libinit$$00000023)
    __rt_lib_init_lc_numeric_1               0x08000189   Thumb Code     0  libinit2.o(.ARM.Collect$$libinit$$00000017)
    __rt_lib_init_lc_time_1                  0x08000189   Thumb Code     0  libinit2.o(.ARM.Collect$$libinit$$00000019)
    __rt_lib_init_return                     0x08000189   Thumb Code     0  libinit2.o(.ARM.Collect$$libinit$$00000033)
    __rt_lib_init_signal_1                   0x08000189   Thumb Code     0  libinit2.o(.ARM.Collect$$libinit$$0000001D)
    __rt_lib_init_stdio_1                    0x08000189   Thumb Code     0  libinit2.o(.ARM.Collect$$libinit$$00000025)
    __rt_lib_shutdown                        0x0800018b   Thumb Code     0  libshutdown.o(.ARM.Collect$$libshutdown$$00000000)
    __rt_lib_shutdown_cpp_1                  0x0800018d   Thumb Code     0  libshutdown2.o(.ARM.Collect$$libshutdown$$00000002)
    __rt_lib_shutdown_fp_trap_1              0x0800018d   Thumb Code     0  libshutdown2.o(.ARM.Collect$$libshutdown$$00000007)
    __rt_lib_shutdown_heap_1                 0x0800018d   Thumb Code     0  libshutdown2.o(.ARM.Collect$$libshutdown$$0000000F)
    __rt_lib_shutdown_return                 0x0800018d   Thumb Code     0  libshutdown2.o(.ARM.Collect$$libshutdown$$00000010)
    __rt_lib_shutdown_signal_1               0x0800018d   Thumb Code     0  libshutdown2.o(.ARM.Collect$$libshutdown$$0000000A)
    __rt_lib_shutdown_stdio_1                0x0800018d   Thumb Code     0  libshutdown2.o(.ARM.Collect$$libshutdown$$00000004)
    __rt_lib_shutdown_user_alloc_1           0x0800018d   Thumb Code     0  libshutdown2.o(.ARM.Collect$$libshutdown$$0000000C)
    __rt_entry                               0x0800018f   Thumb Code     0  __rtentry.o(.ARM.Collect$$rtentry$$00000000)
    __rt_entry_presh_1                       0x0800018f   Thumb Code     0  __rtentry2.o(.ARM.Collect$$rtentry$$00000002)
    __rt_entry_sh                            0x0800018f   Thumb Code     0  __rtentry4.o(.ARM.Collect$$rtentry$$00000004)
    __rt_entry_li                            0x08000195   Thumb Code     0  __rtentry2.o(.ARM.Collect$$rtentry$$0000000A)
    __rt_entry_postsh_1                      0x08000195   Thumb Code     0  __rtentry2.o(.ARM.Collect$$rtentry$$00000009)
    __rt_entry_main                          0x08000199   Thumb Code     0  __rtentry2.o(.ARM.Collect$$rtentry$$0000000D)
    __rt_entry_postli_1                      0x08000199   Thumb Code     0  __rtentry2.o(.ARM.Collect$$rtentry$$0000000C)
    __rt_exit                                0x080001a1   Thumb Code     0  rtexit.o(.ARM.Collect$$rtexit$$00000000)
    __rt_exit_ls                             0x080001a3   Thumb Code     0  rtexit2.o(.ARM.Collect$$rtexit$$00000003)
    __rt_exit_prels_1                        0x080001a3   Thumb Code     0  rtexit2.o(.ARM.Collect$$rtexit$$00000002)
    __rt_exit_exit                           0x080001a7   Thumb Code     0  rtexit2.o(.ARM.Collect$$rtexit$$00000004)
    Reset_Handler                            0x080001ad   Thumb Code     8  startup_stm32f10x_md.o(.text)
    ADC1_2_IRQHandler                        0x080001c7   Thumb Code     0  startup_stm32f10x_md.o(.text)
    CAN1_RX1_IRQHandler                      0x080001c7   Thumb Code     0  startup_stm32f10x_md.o(.text)
    CAN1_SCE_IRQHandler                      0x080001c7   Thumb Code     0  startup_stm32f10x_md.o(.text)
    DMA1_Channel1_IRQHandler                 0x080001c7   Thumb Code     0  startup_stm32f10x_md.o(.text)
    DMA1_Channel2_IRQHandler                 0x080001c7   Thumb Code     0  startup_stm32f10x_md.o(.text)
    DMA1_Channel3_IRQHandler                 0x080001c7   Thumb Code     0  startup_stm32f10x_md.o(.text)
    DMA1_Channel4_IRQHandler                 0x080001c7   Thumb Code     0  startup_stm32f10x_md.o(.text)
    DMA1_Channel5_IRQHandler                 0x080001c7   Thumb Code     0  startup_stm32f10x_md.o(.text)
    DMA1_Channel6_IRQHandler                 0x080001c7   Thumb Code     0  startup_stm32f10x_md.o(.text)
    DMA1_Channel7_IRQHandler                 0x080001c7   Thumb Code     0  startup_stm32f10x_md.o(.text)
    EXTI0_IRQHandler                         0x080001c7   Thumb Code     0  startup_stm32f10x_md.o(.text)
    EXTI15_10_IRQHandler                     0x080001c7   Thumb Code     0  startup_stm32f10x_md.o(.text)
    EXTI1_IRQHandler                         0x080001c7   Thumb Code     0  startup_stm32f10x_md.o(.text)
    EXTI2_IRQHandler                         0x080001c7   Thumb Code     0  startup_stm32f10x_md.o(.text)
    EXTI3_IRQHandler                         0x080001c7   Thumb Code     0  startup_stm32f10x_md.o(.text)
    EXTI4_IRQHandler                         0x080001c7   Thumb Code     0  startup_stm32f10x_md.o(.text)
    EXTI9_5_IRQHandler                       0x080001c7   Thumb Code     0  startup_stm32f10x_md.o(.text)
    FLASH_IRQHandler                         0x080001c7   Thumb Code     0  startup_stm32f10x_md.o(.text)
    I2C1_ER_IRQHandler                       0x080001c7   Thumb Code     0  startup_stm32f10x_md.o(.text)
    I2C1_EV_IRQHandler                       0x080001c7   Thumb Code     0  startup_stm32f10x_md.o(.text)
    I2C2_ER_IRQHandler                       0x080001c7   Thumb Code     0  startup_stm32f10x_md.o(.text)
    I2C2_EV_IRQHandler                       0x080001c7   Thumb Code     0  startup_stm32f10x_md.o(.text)
    PVD_IRQHandler                           0x080001c7   Thumb Code     0  startup_stm32f10x_md.o(.text)
    RCC_IRQHandler                           0x080001c7   Thumb Code     0  startup_stm32f10x_md.o(.text)
    RTCAlarm_IRQHandler                      0x080001c7   Thumb Code     0  startup_stm32f10x_md.o(.text)
    RTC_IRQHandler                           0x080001c7   Thumb Code     0  startup_stm32f10x_md.o(.text)
    SPI1_IRQHandler                          0x080001c7   Thumb Code     0  startup_stm32f10x_md.o(.text)
    SPI2_IRQHandler                          0x080001c7   Thumb Code     0  startup_stm32f10x_md.o(.text)
    TAMPER_IRQHandler                        0x080001c7   Thumb Code     0  startup_stm32f10x_md.o(.text)
    TIM1_BRK_IRQHandler                      0x080001c7   Thumb Code     0  startup_stm32f10x_md.o(.text)
    TIM1_TRG_COM_IRQHandler                  0x080001c7   Thumb Code     0  startup_stm32f10x_md.o(.text)
    TIM1_UP_IRQHandler                       0x080001c7   Thumb Code     0  startup_stm32f10x_md.o(.text)
    TIM3_IRQHandler                          0x080001c7   Thumb Code     0  startup_stm32f10x_md.o(.text)
    TIM4_IRQHandler                          0x080001c7   Thumb Code     0  startup_stm32f10x_md.o(.text)
    USBWakeUp_IRQHandler                     0x080001c7   Thumb Code     0  startup_stm32f10x_md.o(.text)
    USB_HP_CAN1_TX_IRQHandler                0x080001c7   Thumb Code     0  startup_stm32f10x_md.o(.text)
    USB_LP_CAN1_RX0_IRQHandler               0x080001c7   Thumb Code     0  startup_stm32f10x_md.o(.text)
    WWDG_IRQHandler                          0x080001c7   Thumb Code     0  startup_stm32f10x_md.o(.text)
    __user_initial_stackheap                 0x080001c9   Thumb Code     0  startup_stm32f10x_md.o(.text)
    __use_no_semihosting                     0x080001ed   Thumb Code     2  use_no_semi_2.o(.text)
    __2printf                                0x080001f1   Thumb Code    20  noretval__2printf.o(.text)
    __printf                                 0x08000209   Thumb Code   104  __printf.o(.text)
    _printf_int_dec                          0x08000271   Thumb Code   104  _printf_dec.o(.text)
    _printf_int_hex                          0x080002e9   Thumb Code    84  _printf_hex_int.o(.text)
    _printf_longlong_hex                     0x080002e9   Thumb Code     0  _printf_hex_int.o(.text)
    __use_two_region_memory                  0x08000341   Thumb Code     2  heapauxi.o(.text)
    __rt_heap_escrow$2region                 0x08000343   Thumb Code     2  heapauxi.o(.text)
    __rt_heap_expand$2region                 0x08000345   Thumb Code     2  heapauxi.o(.text)
    __I$use$semihosting                      0x08000347   Thumb Code     0  use_no_semi.o(.text)
    __use_no_semihosting_swi                 0x08000347   Thumb Code     2  use_no_semi.o(.text)
    _printf_int_common                       0x08000349   Thumb Code   178  _printf_intcommon.o(.text)
    __lib_sel_fp_printf                      0x080003fb   Thumb Code     2  _printf_fp_dec.o(.text)
    _printf_fp_dec_real                      0x080005ad   Thumb Code   620  _printf_fp_dec.o(.text)
    _printf_char_file                        0x08000819   Thumb Code    32  _printf_char_file.o(.text)
    __rt_locale                              0x0800083d   Thumb Code     8  rt_locale_intlibspace.o(.text)
    _ll_udiv10                               0x08000845   Thumb Code   138  lludiv10.o(.text)
    _printf_char_common                      0x080008db   Thumb Code    32  _printf_char_common.o(.text)
    _printf_fp_infnan                        0x08000901   Thumb Code   112  _printf_fp_infnan.o(.text)
    _btod_etento                             0x08000981   Thumb Code   224  bigflt0.o(.text)
    ferror                                   0x08000a65   Thumb Code     8  ferror.o(.text)
    __user_libspace                          0x08000a6d   Thumb Code     8  libspace.o(.text)
    __user_perproc_libspace                  0x08000a6d   Thumb Code     0  libspace.o(.text)
    __user_perthread_libspace                0x08000a6d   Thumb Code     0  libspace.o(.text)
    __user_setup_stackheap                   0x08000a75   Thumb Code    74  sys_stackheap_outer.o(.text)
    exit                                     0x08000abf   Thumb Code    18  exit.o(.text)
    strcmp                                   0x08000ad1   Thumb Code   128  strcmpv7m.o(.text)
    _btod_d2e                                0x08000b51   Thumb Code    62  btod.o(CL$$btod_d2e)
    _d2e_denorm_low                          0x08000b8f   Thumb Code    70  btod.o(CL$$btod_d2e_denorm_low)
    _d2e_norm_op1                            0x08000bd5   Thumb Code    96  btod.o(CL$$btod_d2e_norm_op1)
    __btod_div_common                        0x08000c35   Thumb Code   696  btod.o(CL$$btod_div_common)
    _e2e                                     0x08000f6d   Thumb Code   220  btod.o(CL$$btod_e2e)
    _btod_ediv                               0x08001049   Thumb Code    42  btod.o(CL$$btod_ediv)
    _btod_emul                               0x08001073   Thumb Code    42  btod.o(CL$$btod_emul)
    __btod_mult_common                       0x0800109d   Thumb Code   580  btod.o(CL$$btod_mult_common)
    AnalyzePkg                               0x080012e1   Thumb Code   272  main.o(i.AnalyzePkg)
    BusFault_Handler                         0x08001479   Thumb Code     4  stm32f10x_it.o(i.BusFault_Handler)
    DebugMon_Handler                         0x0800147d   Thumb Code     2  stm32f10x_it.o(i.DebugMon_Handler)
    FLASH_ErasePage                          0x08001481   Thumb Code    72  stm32f10x_flash.o(i.FLASH_ErasePage)
    FLASH_GetBank1Status                     0x080014cd   Thumb Code    48  stm32f10x_flash.o(i.FLASH_GetBank1Status)
    FLASH_Lock                               0x08001501   Thumb Code    14  stm32f10x_flash.o(i.FLASH_Lock)
    FLASH_ProgramHalfWord                    0x08001515   Thumb Code    60  stm32f10x_flash.o(i.FLASH_ProgramHalfWord)
    FLASH_Unlock                             0x08001555   Thumb Code    12  stm32f10x_flash.o(i.FLASH_Unlock)
    FLASH_WaitForLastOperation               0x0800156d   Thumb Code    38  stm32f10x_flash.o(i.FLASH_WaitForLastOperation)
    GPIO_Init                                0x08001593   Thumb Code   278  stm32f10x_gpio.o(i.GPIO_Init)
    HardFault_Handler                        0x080016a9   Thumb Code     4  stm32f10x_it.o(i.HardFault_Handler)
    I2CAck                                   0x080016ad   Thumb Code    30  i2c.o(i.I2CAck)
    I2CInit                                  0x080016cd   Thumb Code     8  i2c.o(i.I2CInit)
    I2CInitPort                              0x080016d9   Thumb Code    30  i2c.o(i.I2CInitPort)
    I2CNAck                                  0x080016f7   Thumb Code    30  i2c.o(i.I2CNAck)
    I2CReadByte                              0x08001715   Thumb Code    38  i2c.o(i.I2CReadByte)
    I2CSendByte                              0x0800173b   Thumb Code    38  i2c.o(i.I2CSendByte)
    I2CStart                                 0x08001761   Thumb Code    30  i2c.o(i.I2CStart)
    I2CStop                                  0x0800177f   Thumb Code    30  i2c.o(i.I2CStop)
    I2CWaitAck                               0x0800179d   Thumb Code    38  i2c.o(i.I2CWaitAck)
    LEDFlash                                 0x080017c5   Thumb Code    78  led.o(i.LEDFlash)
    LEDFlip                                  0x08001821   Thumb Code    22  led.o(i.LEDFlip)
    LEDInit                                  0x08001841   Thumb Code    46  led.o(i.LEDInit)
    LEDSet                                   0x08001879   Thumb Code    26  led.o(i.LEDSet)
    MainClockInit                            0x0800189d   Thumb Code    94  timer.o(i.MainClockInit)
    MemManage_Handler                        0x080018fb   Thumb Code     4  stm32f10x_it.o(i.MemManage_Handler)
    NMI_Handler                              0x080018ff   Thumb Code     2  stm32f10x_it.o(i.NMI_Handler)
    NVIC_Configuration                       0x08001901   Thumb Code    12  sys.o(i.NVIC_Configuration)
    NVIC_Init                                0x0800190d   Thumb Code   100  misc.o(i.NVIC_Init)
    NVIC_PriorityGroupConfig                 0x0800197d   Thumb Code    10  misc.o(i.NVIC_PriorityGroupConfig)
    PWMInInit                                0x08001991   Thumb Code   208  pwmin.o(i.PWMInInit)
    ParamRead                                0x08001a6d   Thumb Code    34  parameter.o(i.ParamRead)
    ParamReset                               0x08001a99   Thumb Code    52  parameter.o(i.ParamReset)
    ParamSet                                 0x08001ae1   Thumb Code   182  parameter.o(i.ParamSet)
    ParamShow                                0x08001b9d   Thumb Code   180  parameter.o(i.ParamShow)
    ParamWrite                               0x08001d01   Thumb Code    48  parameter.o(i.ParamWrite)
    PendSV_Handler                           0x08001d39   Thumb Code     2  stm32f10x_it.o(i.PendSV_Handler)
    RCC_APB1PeriphClockCmd                   0x08001d3d   Thumb Code    26  stm32f10x_rcc.o(i.RCC_APB1PeriphClockCmd)
    RCC_APB1PeriphResetCmd                   0x08001d5d   Thumb Code    26  stm32f10x_rcc.o(i.RCC_APB1PeriphResetCmd)
    RCC_APB2PeriphClockCmd                   0x08001d7d   Thumb Code    26  stm32f10x_rcc.o(i.RCC_APB2PeriphClockCmd)
    RCC_APB2PeriphResetCmd                   0x08001d9d   Thumb Code    26  stm32f10x_rcc.o(i.RCC_APB2PeriphResetCmd)
    RCC_GetClocksFreq                        0x08001dbd   Thumb Code   192  stm32f10x_rcc.o(i.RCC_GetClocksFreq)
    SVC_Handler                              0x08001e91   Thumb Code     2  stm32f10x_it.o(i.SVC_Handler)
    Sdp3xInit                                0x08001e93   Thumb Code    12  sdp3x.o(i.Sdp3xInit)
    Sdp3xSetMode                             0x08001ea1   Thumb Code    88  sdp3x.o(i.Sdp3xSetMode)
    SysTick_CLKSourceConfig                  0x08001fe9   Thumb Code    40  misc.o(i.SysTick_CLKSourceConfig)
    SysTick_Handler                          0x08002011   Thumb Code     2  stm32f10x_it.o(i.SysTick_Handler)
    SystemInit                               0x08002015   Thumb Code    78  system_stm32f10x.o(i.SystemInit)
    TIM1_CC_IRQHandler                       0x080022b5   Thumb Code   204  pwmin.o(i.TIM1_CC_IRQHandler)
    TIM2_IRQHandler                          0x08002389   Thumb Code    52  main.o(i.TIM2_IRQHandler)
    TIM_ClearITPendingBit                    0x080023c1   Thumb Code     6  stm32f10x_tim.o(i.TIM_ClearITPendingBit)
    TIM_Cmd                                  0x080023c7   Thumb Code    24  stm32f10x_tim.o(i.TIM_Cmd)
    TIM_GetCapture1                          0x080023df   Thumb Code     6  stm32f10x_tim.o(i.TIM_GetCapture1)
    TIM_GetCapture2                          0x080023e5   Thumb Code     6  stm32f10x_tim.o(i.TIM_GetCapture2)
    TIM_GetCapture3                          0x080023eb   Thumb Code     6  stm32f10x_tim.o(i.TIM_GetCapture3)
    TIM_GetCapture4                          0x080023f1   Thumb Code     8  stm32f10x_tim.o(i.TIM_GetCapture4)
    TIM_GetITStatus                          0x080023f9   Thumb Code    34  stm32f10x_tim.o(i.TIM_GetITStatus)
    TIM_ICInit                               0x0800241d   Thumb Code   150  stm32f10x_tim.o(i.TIM_ICInit)
    TIM_ITConfig                             0x080024c9   Thumb Code    18  stm32f10x_tim.o(i.TIM_ITConfig)
    TIM_OC1PolarityConfig                    0x080024db   Thumb Code    18  stm32f10x_tim.o(i.TIM_OC1PolarityConfig)
    TIM_OC2PolarityConfig                    0x080024ed   Thumb Code    26  stm32f10x_tim.o(i.TIM_OC2PolarityConfig)
    TIM_OC3PolarityConfig                    0x08002507   Thumb Code    26  stm32f10x_tim.o(i.TIM_OC3PolarityConfig)
    TIM_OC4PolarityConfig                    0x08002521   Thumb Code    26  stm32f10x_tim.o(i.TIM_OC4PolarityConfig)
    TIM_SetIC1Prescaler                      0x0800253b   Thumb Code    18  stm32f10x_tim.o(i.TIM_SetIC1Prescaler)
    TIM_SetIC2Prescaler                      0x0800254d   Thumb Code    26  stm32f10x_tim.o(i.TIM_SetIC2Prescaler)
    TIM_SetIC3Prescaler                      0x08002567   Thumb Code    18  stm32f10x_tim.o(i.TIM_SetIC3Prescaler)
    TIM_SetIC4Prescaler                      0x08002579   Thumb Code    26  stm32f10x_tim.o(i.TIM_SetIC4Prescaler)
    TIM_TimeBaseInit                         0x08002595   Thumb Code   122  stm32f10x_tim.o(i.TIM_TimeBaseInit)
    TLE493DInit                              0x08002639   Thumb Code   106  tle493d.o(i.TLE493DInit)
    TLE493DReadout                           0x080026ad   Thumb Code   278  tle493d.o(i.TLE493DReadout)
    TLE493DReset                             0x080027d5   Thumb Code    94  tle493d.o(i.TLE493DReset)
    TLE493DWriteReg                          0x08002833   Thumb Code    76  tle493d.o(i.TLE493DWriteReg)
    USART1_IRQHandler                        0x08002881   Thumb Code   180  gps.o(i.USART1_IRQHandler)
    USART2_IRQHandler                        0x0800294d   Thumb Code   274  sblink.o(i.USART2_IRQHandler)
    USART3_IRQHandler                        0x08002a99   Thumb Code   124  usart.o(i.USART3_IRQHandler)
    USART_ClearITPendingBit                  0x08002b21   Thumb Code    30  stm32f10x_usart.o(i.USART_ClearITPendingBit)
    USART_Cmd                                0x08002b3f   Thumb Code    24  stm32f10x_usart.o(i.USART_Cmd)
    USART_DeInit                             0x08002b59   Thumb Code   134  stm32f10x_usart.o(i.USART_DeInit)
    USART_GetITStatus                        0x08002bf5   Thumb Code    84  stm32f10x_usart.o(i.USART_GetITStatus)
    USART_ITConfig                           0x08002c49   Thumb Code    74  stm32f10x_usart.o(i.USART_ITConfig)
    USART_Init                               0x08002c95   Thumb Code   210  stm32f10x_usart.o(i.USART_Init)
    USART_ReceiveData                        0x08002d6d   Thumb Code    10  stm32f10x_usart.o(i.USART_ReceiveData)
    UsageFault_Handler                       0x08002d77   Thumb Code     4  stm32f10x_it.o(i.UsageFault_Handler)
    __ARM_fpclassify                         0x08002d7b   Thumb Code    40  fpclassify.o(i.__ARM_fpclassify)
    _sys_exit                                0x08002da3   Thumb Code     4  usart.o(i._sys_exit)
    delay_init                               0x08002da9   Thumb Code    50  delay.o(i.delay_init)
    delay_ms                                 0x08002ded   Thumb Code    72  delay.o(i.delay_ms)
    delay_us                                 0x08002e39   Thumb Code    72  delay.o(i.delay_us)
    fputc                                    0x08002e85   Thumb Code    24  usart.o(i.fputc)
    getCap                                   0x08002ea1   Thumb Code    56  pwmin.o(i.getCap)
    i2cAck1                                  0x08002edd   Thumb Code    50  i2c.o(i.i2cAck1)
    i2cAck2                                  0x08002f19   Thumb Code    50  i2c.o(i.i2cAck2)
    i2cAck3                                  0x08002f55   Thumb Code    50  i2c.o(i.i2cAck3)
    i2cDelay                                 0x08002f91   Thumb Code    10  i2c.o(i.i2cDelay)
    i2cInit1                                 0x08002f9d   Thumb Code    70  i2c.o(i.i2cInit1)
    i2cInit2                                 0x08002fed   Thumb Code    70  i2c.o(i.i2cInit2)
    i2cInit3                                 0x0800303d   Thumb Code    68  i2c.o(i.i2cInit3)
    i2cNAck1                                 0x08003089   Thumb Code    38  i2c.o(i.i2cNAck1)
    i2cNAck2                                 0x080030b9   Thumb Code    38  i2c.o(i.i2cNAck2)
    i2cNAck3                                 0x080030e9   Thumb Code    38  i2c.o(i.i2cNAck3)
    i2cReadByte1                             0x08003119   Thumb Code    56  i2c.o(i.i2cReadByte1)
    i2cReadByte2                             0x08003159   Thumb Code    56  i2c.o(i.i2cReadByte2)
    i2cReadByte3                             0x08003199   Thumb Code    56  i2c.o(i.i2cReadByte3)
    i2cSendByte1                             0x080031d9   Thumb Code    80  i2c.o(i.i2cSendByte1)
    i2cSendByte2                             0x08003231   Thumb Code    80  i2c.o(i.i2cSendByte2)
    i2cSendByte3                             0x08003289   Thumb Code    80  i2c.o(i.i2cSendByte3)
    i2cStart1                                0x080032e1   Thumb Code    50  i2c.o(i.i2cStart1)
    i2cStart2                                0x0800331d   Thumb Code    50  i2c.o(i.i2cStart2)
    i2cStart3                                0x08003359   Thumb Code    50  i2c.o(i.i2cStart3)
    i2cStop1                                 0x08003395   Thumb Code    32  i2c.o(i.i2cStop1)
    i2cStop2                                 0x080033bd   Thumb Code    32  i2c.o(i.i2cStop2)
    i2cStop3                                 0x080033e5   Thumb Code    32  i2c.o(i.i2cStop3)
    i2cWaitAck1                              0x0800340d   Thumb Code    54  i2c.o(i.i2cWaitAck1)
    i2cWaitAck2                              0x0800344d   Thumb Code    54  i2c.o(i.i2cWaitAck2)
    i2cWaitAck3                              0x0800348d   Thumb Code    54  i2c.o(i.i2cWaitAck3)
    main                                     0x080034cd   Thumb Code   262  main.o(i.main)
    paramReadFixed                           0x08003645   Thumb Code    40  parameter.o(i.paramReadFixed)
    readHalfWord                             0x08003671   Thumb Code     6  parameter.o(i.readHalfWord)
    setPolarity                              0x08003679   Thumb Code    66  pwmin.o(i.setPolarity)
    uart_init                                0x080036c1   Thumb Code   164  usart.o(i.uart_init)
    _get_lc_numeric                          0x0800376d   Thumb Code    44  lc_numeric_c.o(locale$$code)
    __fpl_dretinf                            0x08003799   Thumb Code    12  dretinf.o(x$fpl$dretinf)
    __aeabi_f2d                              0x080037a5   Thumb Code     0  f2d.o(x$fpl$f2d)
    _f2d                                     0x080037a5   Thumb Code    86  f2d.o(x$fpl$f2d)
    __aeabi_fdiv                             0x080037fd   Thumb Code     0  fdiv.o(x$fpl$fdiv)
    _fdiv                                    0x080037fd   Thumb Code   384  fdiv.o(x$fpl$fdiv)
    __aeabi_i2f                              0x08003981   Thumb Code     0  fflt_clz.o(x$fpl$fflt)
    _fflt                                    0x08003981   Thumb Code    48  fflt_clz.o(x$fpl$fflt)
    __fpl_fnaninf                            0x080039b1   Thumb Code   140  fnaninf.o(x$fpl$fnaninf)
    __fpl_fretinf                            0x08003a3d   Thumb Code    10  fretinf.o(x$fpl$fretinf)
    _printf_fp_dec                           0x08003a47   Thumb Code     4  printf1.o(x$fpl$printf1)
    __I$use$fp                               0x08003a4a   Number         0  usenofp.o(x$fpl$usenofp)
    Region$$Table$$Base                      0x08003b08   Number         0  anon$$obj.o(Region$$Table)
    Region$$Table$$Limit                     0x08003b28   Number         0  anon$$obj.o(Region$$Table)
    tick                                     0x20000000   Data           8  main.o(.data)
    cpucnt                                   0x20000008   Data           2  main.o(.data)
    state                                    0x2000000a   Data           1  main.o(.data)
    subState                                 0x2000000b   Data           1  main.o(.data)
    keyState                                 0x2000000c   Data           1  main.o(.data)
    ledInterval                              0x2000000e   Data           2  main.o(.data)
    ledFlash                                 0x20000010   Data           1  main.o(.data)
    caliCnt                                  0x20000011   Data           1  main.o(.data)
    caliNext                                 0x20000012   Data           1  main.o(.data)
    armed                                    0x20000013   Data           1  main.o(.data)
    dir                                      0x20000014   Data           1  main.o(.data)
    position                                 0x20000015   Data           1  main.o(.data)
    SystemCoreClock                          0x20000018   Data           4  system_stm32f10x.o(.data)
    AHBPrescTable                            0x2000001c   Data          16  system_stm32f10x.o(.data)
    _led_state                               0x20000040   Data           1  led.o(.data)
    linkSeq                                  0x20000041   Data           1  sblink.o(.data)
    recBuffLen                               0x20000042   Data           2  sblink.o(.data)
    currBuff                                 0x20000044   Data           1  sblink.o(.data)
    recState                                 0x20000045   Data           1  sblink.o(.data)
    sblinkReady                              0x20000046   Data           1  sblink.o(.data)
    recSum                                   0x20000047   Data           1  sblink.o(.data)
    pkgLen                                   0x20000048   Data           1  sblink.o(.data)
    gpsBuffLen                               0x20000049   Data           2  gps.o(.data)
    gpsCurrBuff                              0x2000004b   Data           1  gps.o(.data)
    gpsRecState                              0x2000004c   Data           1  gps.o(.data)
    gpsReady                                 0x2000004d   Data           1  gps.o(.data)
    i2c_init_flag                            0x2000004e   Data           1  i2c.o(.data)
    __stdout                                 0x20000054   Data           4  usart.o(.data)
    USART_RX_STA                             0x20000058   Data           2  usart.o(.data)
    params                                   0x2000005c   Data          48  parameter.o(.bss)
    pwmState                                 0x2000008c   Data          64  pwmin.o(.bss)
    sendBuff                                 0x200000cc   Data         256  sblink.o(.bss)
    recBuff                                  0x200001cc   Data         512  sblink.o(.bss)
    gpsBuff                                  0x200003cc   Data         512  gps.o(.bss)
    USART_RX_BUF                             0x200005cc   Data         200  usart.o(.bss)
    __libspace_start                         0x20000694   Data          96  libspace.o(.bss)
    __temporary_stack_top$libspace           0x200006f4   Data           0  libspace.o(.bss)



==============================================================================

Memory Map of the image

  Image Entry point : 0x080000ed

  Load Region LR_IROM1 (Base: 0x08000000, Size: 0x00003ba0, Max: 0x00010000, ABSOLUTE)

    Execution Region ER_IROM1 (Exec base: 0x08000000, Load base: 0x08000000, Size: 0x00003b44, Max: 0x00010000, ABSOLUTE)

    Exec Addr    Load Addr    Size         Type   Attr      Idx    E Section Name        Object

    0x08000000   0x08000000   0x000000ec   Data   RO          281    RESET               startup_stm32f10x_md.o
    0x080000ec   0x080000ec   0x00000008   Code   RO         4221  * !!!main             c_w.l(__main.o)
    0x080000f4   0x080000f4   0x00000034   Code   RO         4497    !!!scatter          c_w.l(__scatter.o)
    0x08000128   0x08000128   0x0000001a   Code   RO         4499    !!handler_copy      c_w.l(__scatter_copy.o)
    0x08000142   0x08000142   0x00000002   PAD
    0x08000144   0x08000144   0x0000001c   Code   RO         4501    !!handler_zi        c_w.l(__scatter_zi.o)
    0x08000160   0x08000160   0x00000000   Code   RO         4216    .ARM.Collect$$_printf_percent$$00000000  c_w.l(_printf_percent.o)
    0x08000160   0x08000160   0x00000006   Code   RO         4215    .ARM.Collect$$_printf_percent$$00000003  c_w.l(_printf_f.o)
    0x08000166   0x08000166   0x00000006   Code   RO         4214    .ARM.Collect$$_printf_percent$$00000009  c_w.l(_printf_d.o)
    0x0800016c   0x0800016c   0x00000006   Code   RO         4213    .ARM.Collect$$_printf_percent$$0000000C  c_w.l(_printf_x.o)
    0x08000172   0x08000172   0x00000004   Code   RO         4280    .ARM.Collect$$_printf_percent$$00000017  c_w.l(_printf_percent_end.o)
    0x08000176   0x08000176   0x00000002   Code   RO         4374    .ARM.Collect$$libinit$$00000000  c_w.l(libinit.o)
    0x08000178   0x08000178   0x00000000   Code   RO         4376    .ARM.Collect$$libinit$$00000002  c_w.l(libinit2.o)
    0x08000178   0x08000178   0x00000000   Code   RO         4378    .ARM.Collect$$libinit$$00000004  c_w.l(libinit2.o)
    0x08000178   0x08000178   0x00000000   Code   RO         4381    .ARM.Collect$$libinit$$0000000A  c_w.l(libinit2.o)
    0x08000178   0x08000178   0x00000000   Code   RO         4383    .ARM.Collect$$libinit$$0000000C  c_w.l(libinit2.o)
    0x08000178   0x08000178   0x00000000   Code   RO         4385    .ARM.Collect$$libinit$$0000000E  c_w.l(libinit2.o)
    0x08000178   0x08000178   0x00000006   Code   RO         4386    .ARM.Collect$$libinit$$0000000F  c_w.l(libinit2.o)
    0x0800017e   0x0800017e   0x00000000   Code   RO         4388    .ARM.Collect$$libinit$$00000011  c_w.l(libinit2.o)
    0x0800017e   0x0800017e   0x00000000   Code   RO         4390    .ARM.Collect$$libinit$$00000013  c_w.l(libinit2.o)
    0x0800017e   0x0800017e   0x00000000   Code   RO         4392    .ARM.Collect$$libinit$$00000015  c_w.l(libinit2.o)
    0x0800017e   0x0800017e   0x0000000a   Code   RO         4393    .ARM.Collect$$libinit$$00000016  c_w.l(libinit2.o)
    0x08000188   0x08000188   0x00000000   Code   RO         4394    .ARM.Collect$$libinit$$00000017  c_w.l(libinit2.o)
    0x08000188   0x08000188   0x00000000   Code   RO         4396    .ARM.Collect$$libinit$$00000019  c_w.l(libinit2.o)
    0x08000188   0x08000188   0x00000000   Code   RO         4398    .ARM.Collect$$libinit$$0000001B  c_w.l(libinit2.o)
    0x08000188   0x08000188   0x00000000   Code   RO         4400    .ARM.Collect$$libinit$$0000001D  c_w.l(libinit2.o)
    0x08000188   0x08000188   0x00000000   Code   RO         4402    .ARM.Collect$$libinit$$0000001F  c_w.l(libinit2.o)
    0x08000188   0x08000188   0x00000000   Code   RO         4404    .ARM.Collect$$libinit$$00000021  c_w.l(libinit2.o)
    0x08000188   0x08000188   0x00000000   Code   RO         4406    .ARM.Collect$$libinit$$00000023  c_w.l(libinit2.o)
    0x08000188   0x08000188   0x00000000   Code   RO         4408    .ARM.Collect$$libinit$$00000025  c_w.l(libinit2.o)
    0x08000188   0x08000188   0x00000000   Code   RO         4412    .ARM.Collect$$libinit$$0000002C  c_w.l(libinit2.o)
    0x08000188   0x08000188   0x00000000   Code   RO         4414    .ARM.Collect$$libinit$$0000002E  c_w.l(libinit2.o)
    0x08000188   0x08000188   0x00000000   Code   RO         4416    .ARM.Collect$$libinit$$00000030  c_w.l(libinit2.o)
    0x08000188   0x08000188   0x00000000   Code   RO         4418    .ARM.Collect$$libinit$$00000032  c_w.l(libinit2.o)
    0x08000188   0x08000188   0x00000002   Code   RO         4419    .ARM.Collect$$libinit$$00000033  c_w.l(libinit2.o)
    0x0800018a   0x0800018a   0x00000002   Code   RO         4447    .ARM.Collect$$libshutdown$$00000000  c_w.l(libshutdown.o)
    0x0800018c   0x0800018c   0x00000000   Code   RO         4456    .ARM.Collect$$libshutdown$$00000002  c_w.l(libshutdown2.o)
    0x0800018c   0x0800018c   0x00000000   Code   RO         4458    .ARM.Collect$$libshutdown$$00000004  c_w.l(libshutdown2.o)
    0x0800018c   0x0800018c   0x00000000   Code   RO         4461    .ARM.Collect$$libshutdown$$00000007  c_w.l(libshutdown2.o)
    0x0800018c   0x0800018c   0x00000000   Code   RO         4464    .ARM.Collect$$libshutdown$$0000000A  c_w.l(libshutdown2.o)
    0x0800018c   0x0800018c   0x00000000   Code   RO         4466    .ARM.Collect$$libshutdown$$0000000C  c_w.l(libshutdown2.o)
    0x0800018c   0x0800018c   0x00000000   Code   RO         4469    .ARM.Collect$$libshutdown$$0000000F  c_w.l(libshutdown2.o)
    0x0800018c   0x0800018c   0x00000002   Code   RO         4470    .ARM.Collect$$libshutdown$$00000010  c_w.l(libshutdown2.o)
    0x0800018e   0x0800018e   0x00000000   Code   RO         4273    .ARM.Collect$$rtentry$$00000000  c_w.l(__rtentry.o)
    0x0800018e   0x0800018e   0x00000000   Code   RO         4297    .ARM.Collect$$rtentry$$00000002  c_w.l(__rtentry2.o)
    0x0800018e   0x0800018e   0x00000006   Code   RO         4309    .ARM.Collect$$rtentry$$00000004  c_w.l(__rtentry4.o)
    0x08000194   0x08000194   0x00000000   Code   RO         4299    .ARM.Collect$$rtentry$$00000009  c_w.l(__rtentry2.o)
    0x08000194   0x08000194   0x00000004   Code   RO         4300    .ARM.Collect$$rtentry$$0000000A  c_w.l(__rtentry2.o)
    0x08000198   0x08000198   0x00000000   Code   RO         4302    .ARM.Collect$$rtentry$$0000000C  c_w.l(__rtentry2.o)
    0x08000198   0x08000198   0x00000008   Code   RO         4303    .ARM.Collect$$rtentry$$0000000D  c_w.l(__rtentry2.o)
    0x080001a0   0x080001a0   0x00000002   Code   RO         4420    .ARM.Collect$$rtexit$$00000000  c_w.l(rtexit.o)
    0x080001a2   0x080001a2   0x00000000   Code   RO         4427    .ARM.Collect$$rtexit$$00000002  c_w.l(rtexit2.o)
    0x080001a2   0x080001a2   0x00000004   Code   RO         4428    .ARM.Collect$$rtexit$$00000003  c_w.l(rtexit2.o)
    0x080001a6   0x080001a6   0x00000006   Code   RO         4429    .ARM.Collect$$rtexit$$00000004  c_w.l(rtexit2.o)
    0x080001ac   0x080001ac   0x00000040   Code   RO          282    .text               startup_stm32f10x_md.o
    0x080001ec   0x080001ec   0x00000002   Code   RO         4162    .text               c_w.l(use_no_semi_2.o)
    0x080001ee   0x080001ee   0x00000002   PAD
    0x080001f0   0x080001f0   0x00000018   Code   RO         4166    .text               c_w.l(noretval__2printf.o)
    0x08000208   0x08000208   0x00000068   Code   RO         4168    .text               c_w.l(__printf.o)
    0x08000270   0x08000270   0x00000078   Code   RO         4170    .text               c_w.l(_printf_dec.o)
    0x080002e8   0x080002e8   0x00000058   Code   RO         4175    .text               c_w.l(_printf_hex_int.o)
    0x08000340   0x08000340   0x00000006   Code   RO         4219    .text               c_w.l(heapauxi.o)
    0x08000346   0x08000346   0x00000002   Code   RO         4271    .text               c_w.l(use_no_semi.o)
    0x08000348   0x08000348   0x000000b2   Code   RO         4274    .text               c_w.l(_printf_intcommon.o)
    0x080003fa   0x080003fa   0x0000041e   Code   RO         4276    .text               c_w.l(_printf_fp_dec.o)
    0x08000818   0x08000818   0x00000024   Code   RO         4278    .text               c_w.l(_printf_char_file.o)
    0x0800083c   0x0800083c   0x00000008   Code   RO         4314    .text               c_w.l(rt_locale_intlibspace.o)
    0x08000844   0x08000844   0x0000008a   Code   RO         4316    .text               c_w.l(lludiv10.o)
    0x080008ce   0x080008ce   0x00000002   PAD
    0x080008d0   0x080008d0   0x00000030   Code   RO         4318    .text               c_w.l(_printf_char_common.o)
    0x08000900   0x08000900   0x00000080   Code   RO         4320    .text               c_w.l(_printf_fp_infnan.o)
    0x08000980   0x08000980   0x000000e4   Code   RO         4322    .text               c_w.l(bigflt0.o)
    0x08000a64   0x08000a64   0x00000008   Code   RO         4347    .text               c_w.l(ferror.o)
    0x08000a6c   0x08000a6c   0x00000008   Code   RO         4358    .text               c_w.l(libspace.o)
    0x08000a74   0x08000a74   0x0000004a   Code   RO         4361    .text               c_w.l(sys_stackheap_outer.o)
    0x08000abe   0x08000abe   0x00000012   Code   RO         4365    .text               c_w.l(exit.o)
    0x08000ad0   0x08000ad0   0x00000080   Code   RO         4367    .text               c_w.l(strcmpv7m.o)
    0x08000b50   0x08000b50   0x0000003e   Code   RO         4325    CL$$btod_d2e        c_w.l(btod.o)
    0x08000b8e   0x08000b8e   0x00000046   Code   RO         4327    CL$$btod_d2e_denorm_low  c_w.l(btod.o)
    0x08000bd4   0x08000bd4   0x00000060   Code   RO         4326    CL$$btod_d2e_norm_op1  c_w.l(btod.o)
    0x08000c34   0x08000c34   0x00000338   Code   RO         4335    CL$$btod_div_common  c_w.l(btod.o)
    0x08000f6c   0x08000f6c   0x000000dc   Code   RO         4332    CL$$btod_e2e        c_w.l(btod.o)
    0x08001048   0x08001048   0x0000002a   Code   RO         4329    CL$$btod_ediv       c_w.l(btod.o)
    0x08001072   0x08001072   0x0000002a   Code   RO         4328    CL$$btod_emul       c_w.l(btod.o)
    0x0800109c   0x0800109c   0x00000244   Code   RO         4334    CL$$btod_mult_common  c_w.l(btod.o)
    0x080012e0   0x080012e0   0x00000198   Code   RO            1    i.AnalyzePkg        main.o
    0x08001478   0x08001478   0x00000004   Code   RO          171    i.BusFault_Handler  stm32f10x_it.o
    0x0800147c   0x0800147c   0x00000002   Code   RO          172    i.DebugMon_Handler  stm32f10x_it.o
    0x0800147e   0x0800147e   0x00000002   PAD
    0x08001480   0x08001480   0x0000004c   Code   RO         1168    i.FLASH_ErasePage   stm32f10x_flash.o
    0x080014cc   0x080014cc   0x00000034   Code   RO         1169    i.FLASH_GetBank1Status  stm32f10x_flash.o
    0x08001500   0x08001500   0x00000014   Code   RO         1178    i.FLASH_Lock        stm32f10x_flash.o
    0x08001514   0x08001514   0x00000040   Code   RO         1181    i.FLASH_ProgramHalfWord  stm32f10x_flash.o
    0x08001554   0x08001554   0x00000018   Code   RO         1186    i.FLASH_Unlock      stm32f10x_flash.o
    0x0800156c   0x0800156c   0x00000026   Code   RO         1190    i.FLASH_WaitForLastOperation  stm32f10x_flash.o
    0x08001592   0x08001592   0x00000116   Code   RO         1463    i.GPIO_Init         stm32f10x_gpio.o
    0x080016a8   0x080016a8   0x00000004   Code   RO          173    i.HardFault_Handler  stm32f10x_it.o
    0x080016ac   0x080016ac   0x0000001e   Code   RO         3685    i.I2CAck            i2c.o
    0x080016ca   0x080016ca   0x00000002   PAD
    0x080016cc   0x080016cc   0x0000000c   Code   RO         3687    i.I2CInit           i2c.o
    0x080016d8   0x080016d8   0x0000001e   Code   RO         3688    i.I2CInitPort       i2c.o
    0x080016f6   0x080016f6   0x0000001e   Code   RO         3689    i.I2CNAck           i2c.o
    0x08001714   0x08001714   0x00000026   Code   RO         3690    i.I2CReadByte       i2c.o
    0x0800173a   0x0800173a   0x00000026   Code   RO         3691    i.I2CSendByte       i2c.o
    0x08001760   0x08001760   0x0000001e   Code   RO         3692    i.I2CStart          i2c.o
    0x0800177e   0x0800177e   0x0000001e   Code   RO         3693    i.I2CStop           i2c.o
    0x0800179c   0x0800179c   0x00000026   Code   RO         3694    i.I2CWaitAck        i2c.o
    0x080017c2   0x080017c2   0x00000002   PAD
    0x080017c4   0x080017c4   0x0000005c   Code   RO         3375    i.LEDFlash          led.o
    0x08001820   0x08001820   0x00000020   Code   RO         3376    i.LEDFlip           led.o
    0x08001840   0x08001840   0x00000038   Code   RO         3377    i.LEDInit           led.o
    0x08001878   0x08001878   0x00000024   Code   RO         3378    i.LEDSet            led.o
    0x0800189c   0x0800189c   0x0000005e   Code   RO         3363    i.MainClockInit     timer.o
    0x080018fa   0x080018fa   0x00000004   Code   RO          174    i.MemManage_Handler  stm32f10x_it.o
    0x080018fe   0x080018fe   0x00000002   Code   RO          175    i.NMI_Handler       stm32f10x_it.o
    0x08001900   0x08001900   0x0000000c   Code   RO         4107    i.NVIC_Configuration  sys.o
    0x0800190c   0x0800190c   0x00000070   Code   RO          286    i.NVIC_Init         misc.o
    0x0800197c   0x0800197c   0x00000014   Code   RO          287    i.NVIC_PriorityGroupConfig  misc.o
    0x08001990   0x08001990   0x000000dc   Code   RO         3408    i.PWMInInit         pwmin.o
    0x08001a6c   0x08001a6c   0x0000002c   Code   RO         3279    i.ParamRead         parameter.o
    0x08001a98   0x08001a98   0x00000048   Code   RO         3280    i.ParamReset        parameter.o
    0x08001ae0   0x08001ae0   0x000000bc   Code   RO         3281    i.ParamSet          parameter.o
    0x08001b9c   0x08001b9c   0x00000164   Code   RO         3282    i.ParamShow         parameter.o
    0x08001d00   0x08001d00   0x00000038   Code   RO         3283    i.ParamWrite        parameter.o
    0x08001d38   0x08001d38   0x00000002   Code   RO          176    i.PendSV_Handler    stm32f10x_it.o
    0x08001d3a   0x08001d3a   0x00000002   PAD
    0x08001d3c   0x08001d3c   0x00000020   Code   RO         1879    i.RCC_APB1PeriphClockCmd  stm32f10x_rcc.o
    0x08001d5c   0x08001d5c   0x00000020   Code   RO         1880    i.RCC_APB1PeriphResetCmd  stm32f10x_rcc.o
    0x08001d7c   0x08001d7c   0x00000020   Code   RO         1881    i.RCC_APB2PeriphClockCmd  stm32f10x_rcc.o
    0x08001d9c   0x08001d9c   0x00000020   Code   RO         1882    i.RCC_APB2PeriphResetCmd  stm32f10x_rcc.o
    0x08001dbc   0x08001dbc   0x000000d4   Code   RO         1889    i.RCC_GetClocksFreq  stm32f10x_rcc.o
    0x08001e90   0x08001e90   0x00000002   Code   RO          177    i.SVC_Handler       stm32f10x_it.o
    0x08001e92   0x08001e92   0x0000000c   Code   RO         3928    i.Sdp3xInit         sdp3x.o
    0x08001e9e   0x08001e9e   0x00000002   PAD
    0x08001ea0   0x08001ea0   0x00000060   Code   RO         3930    i.Sdp3xSetMode      sdp3x.o
    0x08001f00   0x08001f00   0x00000008   Code   RO          234    i.SetSysClock       system_stm32f10x.o
    0x08001f08   0x08001f08   0x000000e0   Code   RO          235    i.SetSysClockTo72   system_stm32f10x.o
    0x08001fe8   0x08001fe8   0x00000028   Code   RO          290    i.SysTick_CLKSourceConfig  misc.o
    0x08002010   0x08002010   0x00000002   Code   RO          178    i.SysTick_Handler   stm32f10x_it.o
    0x08002012   0x08002012   0x00000002   PAD
    0x08002014   0x08002014   0x00000060   Code   RO          237    i.SystemInit        system_stm32f10x.o
    0x08002074   0x08002074   0x00000080   Code   RO         2497    i.TI1_Config        stm32f10x_tim.o
    0x080020f4   0x080020f4   0x00000098   Code   RO         2498    i.TI2_Config        stm32f10x_tim.o
    0x0800218c   0x0800218c   0x00000090   Code   RO         2499    i.TI3_Config        stm32f10x_tim.o
    0x0800221c   0x0800221c   0x00000098   Code   RO         2500    i.TI4_Config        stm32f10x_tim.o
    0x080022b4   0x080022b4   0x000000d4   Code   RO         3409    i.TIM1_CC_IRQHandler  pwmin.o
    0x08002388   0x08002388   0x00000038   Code   RO            2    i.TIM2_IRQHandler   main.o
    0x080023c0   0x080023c0   0x00000006   Code   RO         2508    i.TIM_ClearITPendingBit  stm32f10x_tim.o
    0x080023c6   0x080023c6   0x00000018   Code   RO         2513    i.TIM_Cmd           stm32f10x_tim.o
    0x080023de   0x080023de   0x00000006   Code   RO         2528    i.TIM_GetCapture1   stm32f10x_tim.o
    0x080023e4   0x080023e4   0x00000006   Code   RO         2529    i.TIM_GetCapture2   stm32f10x_tim.o
    0x080023ea   0x080023ea   0x00000006   Code   RO         2530    i.TIM_GetCapture3   stm32f10x_tim.o
    0x080023f0   0x080023f0   0x00000008   Code   RO         2531    i.TIM_GetCapture4   stm32f10x_tim.o
    0x080023f8   0x080023f8   0x00000022   Code   RO         2534    i.TIM_GetITStatus   stm32f10x_tim.o
    0x0800241a   0x0800241a   0x00000002   PAD
    0x0800241c   0x0800241c   0x000000ac   Code   RO         2536    i.TIM_ICInit        stm32f10x_tim.o
    0x080024c8   0x080024c8   0x00000012   Code   RO         2538    i.TIM_ITConfig      stm32f10x_tim.o
    0x080024da   0x080024da   0x00000012   Code   RO         2544    i.TIM_OC1PolarityConfig  stm32f10x_tim.o
    0x080024ec   0x080024ec   0x0000001a   Code   RO         2549    i.TIM_OC2PolarityConfig  stm32f10x_tim.o
    0x08002506   0x08002506   0x0000001a   Code   RO         2554    i.TIM_OC3PolarityConfig  stm32f10x_tim.o
    0x08002520   0x08002520   0x0000001a   Code   RO         2558    i.TIM_OC4PolarityConfig  stm32f10x_tim.o
    0x0800253a   0x0800253a   0x00000012   Code   RO         2579    i.TIM_SetIC1Prescaler  stm32f10x_tim.o
    0x0800254c   0x0800254c   0x0000001a   Code   RO         2580    i.TIM_SetIC2Prescaler  stm32f10x_tim.o
    0x08002566   0x08002566   0x00000012   Code   RO         2581    i.TIM_SetIC3Prescaler  stm32f10x_tim.o
    0x08002578   0x08002578   0x0000001a   Code   RO         2582    i.TIM_SetIC4Prescaler  stm32f10x_tim.o
    0x08002592   0x08002592   0x00000002   PAD
    0x08002594   0x08002594   0x000000a4   Code   RO         2584    i.TIM_TimeBaseInit  stm32f10x_tim.o
    0x08002638   0x08002638   0x00000074   Code   RO         3952    i.TLE493DInit       tle493d.o
    0x080026ac   0x080026ac   0x00000128   Code   RO         3953    i.TLE493DReadout    tle493d.o
    0x080027d4   0x080027d4   0x0000005e   Code   RO         3954    i.TLE493DReset      tle493d.o
    0x08002832   0x08002832   0x0000004c   Code   RO         3955    i.TLE493DWriteReg   tle493d.o
    0x0800287e   0x0800287e   0x00000002   PAD
    0x08002880   0x08002880   0x000000cc   Code   RO         3616    i.USART1_IRQHandler  gps.o
    0x0800294c   0x0800294c   0x0000014c   Code   RO         3539    i.USART2_IRQHandler  sblink.o
    0x08002a98   0x08002a98   0x00000088   Code   RO         4119    i.USART3_IRQHandler  usart.o
    0x08002b20   0x08002b20   0x0000001e   Code   RO         3046    i.USART_ClearITPendingBit  stm32f10x_usart.o
    0x08002b3e   0x08002b3e   0x00000018   Code   RO         3049    i.USART_Cmd         stm32f10x_usart.o
    0x08002b56   0x08002b56   0x00000002   PAD
    0x08002b58   0x08002b58   0x0000009c   Code   RO         3051    i.USART_DeInit      stm32f10x_usart.o
    0x08002bf4   0x08002bf4   0x00000054   Code   RO         3053    i.USART_GetITStatus  stm32f10x_usart.o
    0x08002c48   0x08002c48   0x0000004a   Code   RO         3055    i.USART_ITConfig    stm32f10x_usart.o
    0x08002c92   0x08002c92   0x00000002   PAD
    0x08002c94   0x08002c94   0x000000d8   Code   RO         3056    i.USART_Init        stm32f10x_usart.o
    0x08002d6c   0x08002d6c   0x0000000a   Code   RO         3063    i.USART_ReceiveData  stm32f10x_usart.o
    0x08002d76   0x08002d76   0x00000004   Code   RO          179    i.UsageFault_Handler  stm32f10x_it.o
    0x08002d7a   0x08002d7a   0x00000028   Code   RO         4356    i.__ARM_fpclassify  m_ws.l(fpclassify.o)
    0x08002da2   0x08002da2   0x00000004   Code   RO         4120    i._sys_exit         usart.o
    0x08002da6   0x08002da6   0x00000002   PAD
    0x08002da8   0x08002da8   0x00000044   Code   RO         4081    i.delay_init        delay.o
    0x08002dec   0x08002dec   0x0000004c   Code   RO         4082    i.delay_ms          delay.o
    0x08002e38   0x08002e38   0x0000004c   Code   RO         4083    i.delay_us          delay.o
    0x08002e84   0x08002e84   0x0000001c   Code   RO         4121    i.fputc             usart.o
    0x08002ea0   0x08002ea0   0x0000003c   Code   RO         3410    i.getCap            pwmin.o
    0x08002edc   0x08002edc   0x0000003c   Code   RO         3695    i.i2cAck1           i2c.o
    0x08002f18   0x08002f18   0x0000003c   Code   RO         3696    i.i2cAck2           i2c.o
    0x08002f54   0x08002f54   0x0000003c   Code   RO         3697    i.i2cAck3           i2c.o
    0x08002f90   0x08002f90   0x0000000a   Code   RO         3698    i.i2cDelay          i2c.o
    0x08002f9a   0x08002f9a   0x00000002   PAD
    0x08002f9c   0x08002f9c   0x00000050   Code   RO         3699    i.i2cInit1          i2c.o
    0x08002fec   0x08002fec   0x00000050   Code   RO         3700    i.i2cInit2          i2c.o
    0x0800303c   0x0800303c   0x0000004c   Code   RO         3701    i.i2cInit3          i2c.o
    0x08003088   0x08003088   0x00000030   Code   RO         3702    i.i2cNAck1          i2c.o
    0x080030b8   0x080030b8   0x00000030   Code   RO         3703    i.i2cNAck2          i2c.o
    0x080030e8   0x080030e8   0x00000030   Code   RO         3704    i.i2cNAck3          i2c.o
    0x08003118   0x08003118   0x00000040   Code   RO         3705    i.i2cReadByte1      i2c.o
    0x08003158   0x08003158   0x00000040   Code   RO         3706    i.i2cReadByte2      i2c.o
    0x08003198   0x08003198   0x00000040   Code   RO         3707    i.i2cReadByte3      i2c.o
    0x080031d8   0x080031d8   0x00000058   Code   RO         3708    i.i2cSendByte1      i2c.o
    0x08003230   0x08003230   0x00000058   Code   RO         3709    i.i2cSendByte2      i2c.o
    0x08003288   0x08003288   0x00000058   Code   RO         3710    i.i2cSendByte3      i2c.o
    0x080032e0   0x080032e0   0x0000003c   Code   RO         3711    i.i2cStart1         i2c.o
    0x0800331c   0x0800331c   0x0000003c   Code   RO         3712    i.i2cStart2         i2c.o
    0x08003358   0x08003358   0x0000003c   Code   RO         3713    i.i2cStart3         i2c.o
    0x08003394   0x08003394   0x00000028   Code   RO         3714    i.i2cStop1          i2c.o
    0x080033bc   0x080033bc   0x00000028   Code   RO         3715    i.i2cStop2          i2c.o
    0x080033e4   0x080033e4   0x00000028   Code   RO         3716    i.i2cStop3          i2c.o
    0x0800340c   0x0800340c   0x00000040   Code   RO         3717    i.i2cWaitAck1       i2c.o
    0x0800344c   0x0800344c   0x00000040   Code   RO         3718    i.i2cWaitAck2       i2c.o
    0x0800348c   0x0800348c   0x00000040   Code   RO         3719    i.i2cWaitAck3       i2c.o
    0x080034cc   0x080034cc   0x00000178   Code   RO            3    i.main              main.o
    0x08003644   0x08003644   0x0000002c   Code   RO         3284    i.paramReadFixed    parameter.o
    0x08003670   0x08003670   0x00000006   Code   RO         3285    i.readHalfWord      parameter.o
    0x08003676   0x08003676   0x00000002   PAD
    0x08003678   0x08003678   0x00000048   Code   RO         3411    i.setPolarity       pwmin.o
    0x080036c0   0x080036c0   0x000000ac   Code   RO         4122    i.uart_init         usart.o
    0x0800376c   0x0800376c   0x0000002c   Code   RO         4352    locale$$code        c_w.l(lc_numeric_c.o)
    0x08003798   0x08003798   0x0000000c   Code   RO         4287    x$fpl$dretinf       fz_ws.l(dretinf.o)
    0x080037a4   0x080037a4   0x00000056   Code   RO         4241    x$fpl$f2d           fz_ws.l(f2d.o)
    0x080037fa   0x080037fa   0x00000002   PAD
    0x080037fc   0x080037fc   0x00000184   Code   RO         4250    x$fpl$fdiv          fz_ws.l(fdiv.o)
    0x08003980   0x08003980   0x00000030   Code   RO         4258    x$fpl$fflt          fz_ws.l(fflt_clz.o)
    0x080039b0   0x080039b0   0x0000008c   Code   RO         4291    x$fpl$fnaninf       fz_ws.l(fnaninf.o)
    0x08003a3c   0x08003a3c   0x0000000a   Code   RO         4293    x$fpl$fretinf       fz_ws.l(fretinf.o)
    0x08003a46   0x08003a46   0x00000004   Code   RO         4269    x$fpl$printf1       fz_ws.l(printf1.o)
    0x08003a4a   0x08003a4a   0x00000000   Code   RO         4295    x$fpl$usenofp       fz_ws.l(usenofp.o)
    0x08003a4a   0x08003a4a   0x00000028   Data   RO         4176    .constdata          c_w.l(_printf_hex_int.o)
    0x08003a72   0x08003a72   0x00000002   PAD
    0x08003a74   0x08003a74   0x00000094   Data   RO         4323    .constdata          c_w.l(bigflt0.o)
    0x08003b08   0x08003b08   0x00000020   Data   RO         4495    Region$$Table       anon$$obj.o
    0x08003b28   0x08003b28   0x0000001c   Data   RO         4351    locale$$data        c_w.l(lc_numeric_c.o)


    Execution Region RW_IRAM1 (Exec base: 0x20000000, Load base: 0x08003b44, Size: 0x00000cf8, Max: 0x00005000, ABSOLUTE)

    Exec Addr    Load Addr    Size         Type   Attr      Idx    E Section Name        Object

    0x20000000   0x08003b44   0x00000016   Data   RW            5    .data               main.o
    0x20000016   0x08003b5a   0x00000002   PAD
    0x20000018   0x08003b5c   0x00000014   Data   RW          238    .data               system_stm32f10x.o
    0x2000002c   0x08003b70   0x00000014   Data   RW         1909    .data               stm32f10x_rcc.o
    0x20000040   0x08003b84   0x00000001   Data   RW         3379    .data               led.o
    0x20000041   0x08003b85   0x00000008   Data   RW         3541    .data               sblink.o
    0x20000049   0x08003b8d   0x00000005   Data   RW         3618    .data               gps.o
    0x2000004e   0x08003b92   0x00000001   Data   RW         3720    .data               i2c.o
    0x2000004f   0x08003b93   0x00000001   PAD
    0x20000050   0x08003b94   0x00000004   Data   RW         4084    .data               delay.o
    0x20000054   0x08003b98   0x00000006   Data   RW         4124    .data               usart.o
    0x2000005a   0x08003b9e   0x00000002   PAD
    0x2000005c        -       0x00000030   Zero   RW         3286    .bss                parameter.o
    0x2000008c        -       0x00000040   Zero   RW         3412    .bss                pwmin.o
    0x200000cc        -       0x00000300   Zero   RW         3540    .bss                sblink.o
    0x200003cc        -       0x00000200   Zero   RW         3617    .bss                gps.o
    0x200005cc        -       0x000000c8   Zero   RW         4123    .bss                usart.o
    0x20000694        -       0x00000060   Zero   RW         4359    .bss                c_w.l(libspace.o)
    0x200006f4   0x08003b9e   0x00000004   PAD
    0x200006f8        -       0x00000200   Zero   RW          280    HEAP                startup_stm32f10x_md.o
    0x200008f8        -       0x00000400   Zero   RW          279    STACK               startup_stm32f10x_md.o


==============================================================================

Image component sizes


      Code (inc. data)   RO Data    RW Data    ZI Data      Debug   Object Name

         0          0          0          0          0         32   core_cm3.o
       220         26          0          4          0       1503   delay.o
       204         24          0          5        512       1290   gps.o
      1794        224          0          1          0      15661   i2c.o
       216         44          0          1          0       1857   led.o
       840        254          0         22          0     258796   main.o
       172         22          0          0          0     205237   misc.o
       766        234          0          0         48       4666   parameter.o
       564         30          0          0         64       3143   pwmin.o
       332         68          0          8        768       1610   sblink.o
       108          8          0          0          0       1071   sdp3x.o
        64         26        236          0       1536        764   startup_stm32f10x_md.o
       274         30          0          0          0       3102   stm32f10x_flash.o
       278          0          0          0          0       1968   stm32f10x_gpio.o
        26          0          0          0          0       3330   stm32f10x_it.o
       340         44          0         20          0       5324   stm32f10x_rcc.o
      1204        150          0          0          0      12919   stm32f10x_tim.o
       594         28          0          0          0       5923   stm32f10x_usart.o
        12          0          0          0          0        405   sys.o
       328         28          0         20          0       2001   system_stm32f10x.o
        94          0          0          0          0        472   timer.o
       582         28          0          0          0     204664   tle493d.o
       340         24          0          6        200       3824   usart.o

    ----------------------------------------------------------------------
      9380       1292        268         92       3128     739562   Object Totals
         0          0         32          0          0          0   (incl. Generated)
        28          0          0          5          0          0   (incl. Padding)

    ----------------------------------------------------------------------

      Code (inc. data)   RO Data    RW Data    ZI Data      Debug   Library Member Name

         8          0          0          0          0         68   __main.o
       104          0          0          0          0         84   __printf.o
         0          0          0          0          0          0   __rtentry.o
        12          0          0          0          0          0   __rtentry2.o
         6          0          0          0          0          0   __rtentry4.o
        52          8          0          0          0          0   __scatter.o
        26          0          0          0          0          0   __scatter_copy.o
        28          0          0          0          0          0   __scatter_zi.o
        48          6          0          0          0         96   _printf_char_common.o
        36          4          0          0          0         80   _printf_char_file.o
         6          0          0          0          0          0   _printf_d.o
       120         16          0          0          0         92   _printf_dec.o
         6          0          0          0          0          0   _printf_f.o
      1054          0          0          0          0        216   _printf_fp_dec.o
       128         16          0          0          0         84   _printf_fp_infnan.o
        88          4         40          0          0         88   _printf_hex_int.o
       178          0          0          0          0         88   _printf_intcommon.o
         0          0          0          0          0          0   _printf_percent.o
         4          0          0          0          0          0   _printf_percent_end.o
         6          0          0          0          0          0   _printf_x.o
       228          4        148          0          0         96   bigflt0.o
      1936        128          0          0          0        672   btod.o
        18          0          0          0          0         80   exit.o
         8          0          0          0          0         68   ferror.o
         6          0          0          0          0        152   heapauxi.o
        44         10         28          0          0         76   lc_numeric_c.o
         2          0          0          0          0          0   libinit.o
        18          0          0          0          0          0   libinit2.o
         2          0          0          0          0          0   libshutdown.o
         2          0          0          0          0          0   libshutdown2.o
         8          4          0          0         96         68   libspace.o
       138          0          0          0          0         80   lludiv10.o
        24          4          0          0          0         84   noretval__2printf.o
         8          4          0          0          0         68   rt_locale_intlibspace.o
         2          0          0          0          0          0   rtexit.o
        10          0          0          0          0          0   rtexit2.o
       128          0          0          0          0         68   strcmpv7m.o
        74          0          0          0          0         80   sys_stackheap_outer.o
         2          0          0          0          0         68   use_no_semi.o
         2          0          0          0          0         68   use_no_semi_2.o
        12          0          0          0          0         68   dretinf.o
        86          4          0          0          0         84   f2d.o
       388         76          0          0          0         96   fdiv.o
        48          0          0          0          0         68   fflt_clz.o
       140          4          0          0          0         84   fnaninf.o
        10          0          0          0          0         68   fretinf.o
         4          0          0          0          0         68   printf1.o
         0          0          0          0          0          0   usenofp.o
        40          0          0          0          0         68   fpclassify.o

    ----------------------------------------------------------------------
      5306        292        218          0        100       3228   Library Totals
         8          0          2          0          4          0   (incl. Padding)

    ----------------------------------------------------------------------

      Code (inc. data)   RO Data    RW Data    ZI Data      Debug   Library Name

      4570        208        216          0         96       2624   c_w.l
       688         84          0          0          0        536   fz_ws.l
        40          0          0          0          0         68   m_ws.l

    ----------------------------------------------------------------------
      5306        292        218          0        100       3228   Library Totals

    ----------------------------------------------------------------------

==============================================================================


      Code (inc. data)   RO Data    RW Data    ZI Data      Debug   

     14686       1584        486         92       3228     734726   Grand Totals
     14686       1584        486         92       3228     734726   ELF Image Totals
     14686       1584        486         92          0          0   ROM Totals

==============================================================================

    Total RO  Size (Code + RO Data)                15172 (  14.82kB)
    Total RW  Size (RW Data + ZI Data)              3320 (   3.24kB)
    Total ROM Size (Code + RO Data + RW Data)      15264 (  14.91kB)

==============================================================================

